Archive member included to satisfy reference by file (symbol)

/opt/ST/STM32CubeCLT_1.16.0/GNU-tools-for-STM32/bin/../lib/gcc/arm-none-eabi/12.3.1/../../../../arm-none-eabi/lib/thumb/v7e-m+fp/hard/libc_nano.a(libc_a-exit.o)
                              /opt/ST/STM32CubeCLT_1.16.0/GNU-tools-for-STM32/bin/../lib/gcc/arm-none-eabi/12.3.1/../../../../arm-none-eabi/lib/thumb/v7e-m+fp/hard/crt0.o (exit)
/opt/ST/STM32CubeCLT_1.16.0/GNU-tools-for-STM32/bin/../lib/gcc/arm-none-eabi/12.3.1/../../../../arm-none-eabi/lib/thumb/v7e-m+fp/hard/libc_nano.a(libc_a-findfp.o)
                              /opt/ST/STM32CubeCLT_1.16.0/GNU-tools-for-STM32/bin/../lib/gcc/arm-none-eabi/12.3.1/../../../../arm-none-eabi/lib/thumb/v7e-m+fp/hard/libc_nano.a(libc_a-exit.o) (__stdio_exit_handler)
/opt/ST/STM32CubeCLT_1.16.0/GNU-tools-for-STM32/bin/../lib/gcc/arm-none-eabi/12.3.1/../../../../arm-none-eabi/lib/thumb/v7e-m+fp/hard/libc_nano.a(libc_a-fwalk.o)
                              /opt/ST/STM32CubeCLT_1.16.0/GNU-tools-for-STM32/bin/../lib/gcc/arm-none-eabi/12.3.1/../../../../arm-none-eabi/lib/thumb/v7e-m+fp/hard/libc_nano.a(libc_a-findfp.o) (_fwalk_sglue)
/opt/ST/STM32CubeCLT_1.16.0/GNU-tools-for-STM32/bin/../lib/gcc/arm-none-eabi/12.3.1/../../../../arm-none-eabi/lib/thumb/v7e-m+fp/hard/libc_nano.a(libc_a-memset.o)
                              /opt/ST/STM32CubeCLT_1.16.0/GNU-tools-for-STM32/bin/../lib/gcc/arm-none-eabi/12.3.1/../../../../arm-none-eabi/lib/thumb/v7e-m+fp/hard/crt0.o (memset)
/opt/ST/STM32CubeCLT_1.16.0/GNU-tools-for-STM32/bin/../lib/gcc/arm-none-eabi/12.3.1/../../../../arm-none-eabi/lib/thumb/v7e-m+fp/hard/libc_nano.a(libc_a-impure.o)
                              /opt/ST/STM32CubeCLT_1.16.0/GNU-tools-for-STM32/bin/../lib/gcc/arm-none-eabi/12.3.1/../../../../arm-none-eabi/lib/thumb/v7e-m+fp/hard/libc_nano.a(libc_a-findfp.o) (_impure_data)
/opt/ST/STM32CubeCLT_1.16.0/GNU-tools-for-STM32/bin/../lib/gcc/arm-none-eabi/12.3.1/../../../../arm-none-eabi/lib/thumb/v7e-m+fp/hard/libc_nano.a(libc_a-init.o)
                              /opt/ST/STM32CubeCLT_1.16.0/GNU-tools-for-STM32/bin/../lib/gcc/arm-none-eabi/12.3.1/../../../../arm-none-eabi/lib/thumb/v7e-m+fp/hard/crt0.o (__libc_init_array)
/opt/ST/STM32CubeCLT_1.16.0/GNU-tools-for-STM32/bin/../lib/gcc/arm-none-eabi/12.3.1/../../../../arm-none-eabi/lib/thumb/v7e-m+fp/hard/libc_nano.a(libc_a-lock.o)
                              /opt/ST/STM32CubeCLT_1.16.0/GNU-tools-for-STM32/bin/../lib/gcc/arm-none-eabi/12.3.1/../../../../arm-none-eabi/lib/thumb/v7e-m+fp/hard/libc_nano.a(libc_a-findfp.o) (__retarget_lock_init_recursive)
/opt/ST/STM32CubeCLT_1.16.0/GNU-tools-for-STM32/bin/../lib/gcc/arm-none-eabi/12.3.1/../../../../arm-none-eabi/lib/thumb/v7e-m+fp/hard/libc_nano.a(libc_a-mallocr.o)
                              /opt/ST/STM32CubeCLT_1.16.0/GNU-tools-for-STM32/bin/../lib/gcc/arm-none-eabi/12.3.1/../../../../arm-none-eabi/lib/thumb/v7e-m+fp/hard/libc_nano.a(libc_a-findfp.o) (_malloc_r)
/opt/ST/STM32CubeCLT_1.16.0/GNU-tools-for-STM32/bin/../lib/gcc/arm-none-eabi/12.3.1/../../../../arm-none-eabi/lib/thumb/v7e-m+fp/hard/libc_nano.a(libc_a-fflush.o)
                              /opt/ST/STM32CubeCLT_1.16.0/GNU-tools-for-STM32/bin/../lib/gcc/arm-none-eabi/12.3.1/../../../../arm-none-eabi/lib/thumb/v7e-m+fp/hard/libc_nano.a(libc_a-findfp.o) (_fflush_r)
/opt/ST/STM32CubeCLT_1.16.0/GNU-tools-for-STM32/bin/../lib/gcc/arm-none-eabi/12.3.1/../../../../arm-none-eabi/lib/thumb/v7e-m+fp/hard/libc_nano.a(libc_a-mlock.o)
                              /opt/ST/STM32CubeCLT_1.16.0/GNU-tools-for-STM32/bin/../lib/gcc/arm-none-eabi/12.3.1/../../../../arm-none-eabi/lib/thumb/v7e-m+fp/hard/libc_nano.a(libc_a-mallocr.o) (__malloc_lock)
/opt/ST/STM32CubeCLT_1.16.0/GNU-tools-for-STM32/bin/../lib/gcc/arm-none-eabi/12.3.1/../../../../arm-none-eabi/lib/thumb/v7e-m+fp/hard/libc_nano.a(libc_a-stdio.o)
                              /opt/ST/STM32CubeCLT_1.16.0/GNU-tools-for-STM32/bin/../lib/gcc/arm-none-eabi/12.3.1/../../../../arm-none-eabi/lib/thumb/v7e-m+fp/hard/libc_nano.a(libc_a-findfp.o) (__sread)
/opt/ST/STM32CubeCLT_1.16.0/GNU-tools-for-STM32/bin/../lib/gcc/arm-none-eabi/12.3.1/../../../../arm-none-eabi/lib/thumb/v7e-m+fp/hard/libc_nano.a(libc_a-closer.o)
                              /opt/ST/STM32CubeCLT_1.16.0/GNU-tools-for-STM32/bin/../lib/gcc/arm-none-eabi/12.3.1/../../../../arm-none-eabi/lib/thumb/v7e-m+fp/hard/libc_nano.a(libc_a-stdio.o) (_close_r)
/opt/ST/STM32CubeCLT_1.16.0/GNU-tools-for-STM32/bin/../lib/gcc/arm-none-eabi/12.3.1/../../../../arm-none-eabi/lib/thumb/v7e-m+fp/hard/libc_nano.a(libc_a-reent.o)
                              /opt/ST/STM32CubeCLT_1.16.0/GNU-tools-for-STM32/bin/../lib/gcc/arm-none-eabi/12.3.1/../../../../arm-none-eabi/lib/thumb/v7e-m+fp/hard/libc_nano.a(libc_a-closer.o) (errno)
/opt/ST/STM32CubeCLT_1.16.0/GNU-tools-for-STM32/bin/../lib/gcc/arm-none-eabi/12.3.1/../../../../arm-none-eabi/lib/thumb/v7e-m+fp/hard/libc_nano.a(libc_a-lseekr.o)
[...]
Memory Configuration

Name             Origin             Length             Attributes
RAM              0x20000000         0x00020000         xrw
FLASH            0x08000000         0x00080000         xr
*default*        0x00000000         0xffffffff

Linker script and memory map

LOAD /opt/ST/STM32CubeCLT_1.16.0/GNU-tools-for-STM32/bin/../lib/gcc/arm-none-eabi/12.3.1/thumb/v7e-m+fp/hard/crti.o
LOAD /opt/ST/STM32CubeCLT_1.16.0/GNU-tools-for-STM32/bin/../lib/gcc/arm-none-eabi/12.3.1/thumb/v7e-m+fp/hard/crtbegin.o
LOAD /opt/ST/STM32CubeCLT_1.16.0/GNU-tools-for-STM32/bin/../lib/gcc/arm-none-eabi/12.3.1/../../../../arm-none-eabi/lib/thumb/v7e-m+fp/hard/crt0.o
START GROUP
LOAD /opt/ST/STM32CubeCLT_1.16.0/GNU-tools-for-STM32/bin/../lib/gcc/arm-none-eabi/12.3.1/../../../../arm-none-eabi/lib/thumb/v7e-m+fp/hard/libc_nano.a
LOAD /opt/ST/STM32CubeCLT_1.16.0/GNU-tools-for-STM32/bin/../lib/gcc/arm-none-eabi/12.3.1/../../../../arm-none-eabi/lib/thumb/v7e-m+fp/hard/libm.a
END GROUP
LOAD CMakeFiles/F446RE.dir/Core/Src/main.c.obj
LOAD CMakeFiles/F446RE.dir/Core/Src/stm32f4xx_it.c.obj
LOAD CMakeFiles/F446RE.dir/Core/Src/stm32f4xx_hal_msp.c.obj
LOAD CMakeFiles/F446RE.dir/Drivers/STM32F4xx_HAL_Driver/Src/stm32f4xx_hal_tim.c.obj
LOAD CMakeFiles/F446RE.dir/Drivers/STM32F4xx_HAL_Driver/Src/stm32f4xx_hal_tim_ex.c.obj
LOAD CMakeFiles/F446RE.dir/Drivers/STM32F4xx_HAL_Driver/Src/stm32f4xx_hal_rcc.c.obj
LOAD CMakeFiles/F446RE.dir/Drivers/STM32F4xx_HAL_Driver/Src/stm32f4xx_hal_rcc_ex.c.obj
LOAD CMakeFiles/F446RE.dir/Drivers/STM32F4xx_HAL_Driver/Src/stm32f4xx_hal_flash.c.obj
LOAD CMakeFiles/F446RE.dir/Drivers/STM32F4xx_HAL_Driver/Src/stm32f4xx_hal_flash_ex.c.obj
LOAD CMakeFiles/F446RE.dir/Drivers/STM32F4xx_HAL_Driver/Src/stm32f4xx_hal_flash_ramfunc.c.obj
LOAD CMakeFiles/F446RE.dir/Drivers/STM32F4xx_HAL_Driver/Src/stm32f4xx_hal_gpio.c.obj
LOAD CMakeFiles/F446RE.dir/Drivers/STM32F4xx_HAL_Driver/Src/stm32f4xx_hal_dma_ex.c.obj
LOAD CMakeFiles/F446RE.dir/Drivers/STM32F4xx_HAL_Driver/Src/stm32f4xx_hal_dma.c.obj
LOAD CMakeFiles/F446RE.dir/Drivers/STM32F4xx_HAL_Driver/Src/stm32f4xx_hal_pwr.c.obj
LOAD CMakeFiles/F446RE.dir/Drivers/STM32F4xx_HAL_Driver/Src/stm32f4xx_hal_pwr_ex.c.obj
LOAD CMakeFiles/F446RE.dir/Drivers/STM32F4xx_HAL_Driver/Src/stm32f4xx_hal_cortex.c.obj
LOAD CMakeFiles/F446RE.dir/Drivers/STM32F4xx_HAL_Driver/Src/stm32f4xx_hal.c.obj
LOAD CMakeFiles/F446RE.dir/Drivers/STM32F4xx_HAL_Driver/Src/stm32f4xx_hal_exti.c.obj
LOAD CMakeFiles/F446RE.dir/Core/Src/system_stm32f4xx.c.obj
LOAD CMakeFiles/F446RE.dir/Core/Src/sysmem.c.obj
LOAD CMakeFiles/F446RE.dir/Core/Src/syscalls.c.obj
LOAD CMakeFiles/F446RE.dir/startup_stm32f446xx.s.obj
START GROUP
LOAD /opt/ST/STM32CubeCLT_1.16.0/GNU-tools-for-STM32/bin/../lib/gcc/arm-none-eabi/12.3.1/thumb/v7e-m+fp/hard/libgcc.a
LOAD /opt/ST/STM32CubeCLT_1.16.0/GNU-tools-for-STM32/bin/../lib/gcc/arm-none-eabi/12.3.1/../../../../arm-none-eabi/lib/thumb/v7e-m+fp/hard/libg_nano.a
LOAD /opt/ST/STM32CubeCLT_1.16.0/GNU-tools-for-STM32/bin/../lib/gcc/arm-none-eabi/12.3.1/../../../../arm-none-eabi/lib/thumb/v7e-m+fp/hard/libc_nano.a
END GROUP
START GROUP
LOAD /opt/ST/STM32CubeCLT_1.16.0/GNU-tools-for-STM32/bin/../lib/gcc/arm-none-eabi/12.3.1/thumb/v7e-m+fp/hard/libgcc.a
LOAD /opt/ST/STM32CubeCLT_1.16.0/GNU-tools-for-STM32/bin/../lib/gcc/arm-none-eabi/12.3.1/../../../../arm-none-eabi/lib/thumb/v7e-m+fp/hard/libc_nano.a
END GROUP
LOAD /opt/ST/STM32CubeCLT_1.16.0/GNU-tools-for-STM32/bin/../lib/gcc/arm-none-eabi/12.3.1/thumb/v7e-m+fp/hard/crtend.o
LOAD /opt/ST/STM32CubeCLT_1.16.0/GNU-tools-for-STM32/bin/../lib/gcc/arm-none-eabi/12.3.1/thumb/v7e-m+fp/hard/crtn.o
                0x20020000                        _estack = (ORIGIN (RAM) + LENGTH (RAM))
                0x00000200                        _Min_Heap_Size = 0x200
                0x00000400                        _Min_Stack_Size = 0x400

.isr_vector     0x08000000      0x1c4
                0x08000000                        . = ALIGN (0x4)
 *(.isr_vector)
 .isr_vector    0x08000000      0x1c4 CMakeFiles/F446RE.dir/startup_stm32f446xx.s.obj
                0x08000000                g_pfnVectors
                0x080001c4                        . = ALIGN (0x4)

.text           0x080001c4     0x1730
                0x080001c4                        . = ALIGN (0x4)
 *(.text)
 .text          0x080001c4       0x40 /opt/ST/STM32CubeCLT_1.16.0/GNU-tools-for-STM32/bin/../lib/gcc/arm-none-eabi/12.3.1/thumb/v7e-m+fp/hard/crtbegin.o
 .text          0x08000204       0x30 /opt/ST/STM32CubeCLT_1.16.0/GNU-tools-for-STM32/bin/../lib/gcc/arm-none-eabi/12.3.1/thumb/v7e-m+fp/hard/libgcc.a(_aeabi_uldivmod.o)
                0x08000204                __aeabi_uldivmod
 .text          0x08000234      0x2bc /opt/ST/STM32CubeCLT_1.16.0/GNU-tools-for-STM32/bin/../lib/gcc/arm-none-eabi/12.3.1/thumb/v7e-m+fp/hard/libgcc.a(_udivmoddi4.o)
                0x08000234                __udivmoddi4
 .text          0x080004f0        0x4 /opt/ST/STM32CubeCLT_1.16.0/GNU-tools-for-STM32/bin/../lib/gcc/arm-none-eabi/12.3.1/thumb/v7e-m+fp/hard/libgcc.a(_dvmd_tls.o)
                0x080004f0                __aeabi_ldiv0
                0x080004f0                __aeabi_idiv0
 *(.text*)
 .text.memset   0x080004f4       0x10 /opt/ST/STM32CubeCLT_1.16.0/GNU-tools-for-STM32/bin/../lib/gcc/arm-none-eabi/12.3.1/../../../../arm-none-eabi/lib/thumb/v7e-m+fp/hard/libc_nano.a(libc_a-memset.o)
                0x080004f4                memset
 .text.__libc_init_array
                0x08000504       0x48 /opt/ST/STM32CubeCLT_1.16.0/GNU-tools-for-STM32/bin/../lib/gcc/arm-none-eabi/12.3.1/../../../../arm-none-eabi/lib/thumb/v7e-m+fp/hard/libc_nano.a(libc_a-init.o)
                0x08000504                __libc_init_array
 .text.main     0x0800054c       0x38 CMakeFiles/F446RE.dir/Core/Src/main.c.obj
                0x0800054c                main
 .text.SystemClock_Config
                0x08000584       0xc0 CMakeFiles/F446RE.dir/Core/Src/main.c.obj
                0x08000584                SystemClock_Config
 .text.MX_GPIO_Init
                0x08000644       0xb4 CMakeFiles/F446RE.dir/Core/Src/main.c.obj
 .text.Error_Handler
                0x080006f8        0xc CMakeFiles/F446RE.dir/Core/Src/main.c.obj
                0x080006f8                Error_Handler
 .text.NMI_Handler
                0x08000704        0x8 CMakeFiles/F446RE.dir/Core/Src/stm32f4xx_it.c.obj
                0x08000704                NMI_Handler
 .text.HardFault_Handler
                0x0800070c        0x8 CMakeFiles/F446RE.dir/Core/Src/stm32f4xx_it.c.obj
                0x0800070c                HardFault_Handler
 .text.MemManage_Handler
                0x08000714        0x8 CMakeFiles/F446RE.dir/Core/Src/stm32f4xx_it.c.obj
                0x08000714                MemManage_Handler
 .text.BusFault_Handler
                0x0800071c        0x8 CMakeFiles/F446RE.dir/Core/Src/stm32f4xx_it.c.obj
                0x0800071c                BusFault_Handler
 .text.UsageFault_Handler
                0x08000724        0x8 CMakeFiles/F446RE.dir/Core/Src/stm32f4xx_it.c.obj
                0x08000724                UsageFault_Handler
 .text.SVC_Handler
                0x0800072c        0xe CMakeFiles/F446RE.dir/Core/Src/stm32f4xx_it.c.obj
                0x0800072c                SVC_Handler
 .text.DebugMon_Handler
                0x0800073a        0xe CMakeFiles/F446RE.dir/Core/Src/stm32f4xx_it.c.obj
                0x0800073a                DebugMon_Handler
 .text.PendSV_Handler
                0x08000748        0xe CMakeFiles/F446RE.dir/Core/Src/stm32f4xx_it.c.obj
                0x08000748                PendSV_Handler
 .text.SysTick_Handler
                0x08000756        0xc CMakeFiles/F446RE.dir/Core/Src/stm32f4xx_it.c.obj
                0x08000756                SysTick_Handler
 *fill*         0x08000762        0x2 
 .text.HAL_MspInit
                0x08000764       0x50 CMakeFiles/F446RE.dir/Core/Src/stm32f4xx_hal_msp.c.obj
                0x08000764                HAL_MspInit
 .text.HAL_RCC_ClockConfig
                0x080007b4      0x1cc CMakeFiles/F446RE.dir/Drivers/STM32F4xx_HAL_Driver/Src/stm32f4xx_hal_rcc.c.obj
                0x080007b4                HAL_RCC_ClockConfig
 .text.HAL_RCC_GetSysClockFreq
                0x08000980      0x354 CMakeFiles/F446RE.dir/Drivers/STM32F4xx_HAL_Driver/Src/stm32f4xx_hal_rcc_ex.c.obj
                0x08000980                HAL_RCC_GetSysClockFreq
 .text.HAL_RCC_OscConfig
                0x08000cd4      0x53c CMakeFiles/F446RE.dir/Drivers/STM32F4xx_HAL_Driver/Src/stm32f4xx_hal_rcc_ex.c.obj
                0x08000cd4                HAL_RCC_OscConfig
 .text.HAL_GPIO_Init
                0x08001210      0x328 CMakeFiles/F446RE.dir/Drivers/STM32F4xx_HAL_Driver/Src/stm32f4xx_hal_gpio.c.obj
                0x08001210                HAL_GPIO_Init
 .text.HAL_GPIO_WritePin
                0x08001538       0x32 CMakeFiles/F446RE.dir/Drivers/STM32F4xx_HAL_Driver/Src/stm32f4xx_hal_gpio.c.obj
                0x08001538                HAL_GPIO_WritePin
 *fill*         0x0800156a        0x2 
 .text.__NVIC_SetPriorityGrouping
                0x0800156c       0x48 CMakeFiles/F446RE.dir/Drivers/STM32F4xx_HAL_Driver/Src/stm32f4xx_hal_cortex.c.obj
 .text.__NVIC_GetPriorityGrouping
                0x080015b4       0x1c CMakeFiles/F446RE.dir/Drivers/STM32F4xx_HAL_Driver/Src/stm32f4xx_hal_cortex.c.obj
 .text.__NVIC_SetPriority
                0x080015d0       0x54 CMakeFiles/F446RE.dir/Drivers/STM32F4xx_HAL_Driver/Src/stm32f4xx_hal_cortex.c.obj
 .text.NVIC_EncodePriority
                0x08001624       0x66 CMakeFiles/F446RE.dir/Drivers/STM32F4xx_HAL_Driver/Src/stm32f4xx_hal_cortex.c.obj
 *fill*         0x0800168a        0x2 
 .text.SysTick_Config
                0x0800168c       0x44 CMakeFiles/F446RE.dir/Drivers/STM32F4xx_HAL_Driver/Src/stm32f4xx_hal_cortex.c.obj
 .text.HAL_NVIC_SetPriorityGrouping
                0x080016d0       0x16 CMakeFiles/F446RE.dir/Drivers/STM32F4xx_HAL_Driver/Src/stm32f4xx_hal_cortex.c.obj
                0x080016d0                HAL_NVIC_SetPriorityGrouping
 .text.HAL_NVIC_SetPriority
                0x080016e6       0x38 CMakeFiles/F446RE.dir/Drivers/STM32F4xx_HAL_Driver/Src/stm32f4xx_hal_cortex.c.obj
                0x080016e6                HAL_NVIC_SetPriority
 .text.HAL_SYSTICK_Config
                0x0800171e       0x18 CMakeFiles/F446RE.dir/Drivers/STM32F4xx_HAL_Driver/Src/stm32f4xx_hal_cortex.c.obj
                0x0800171e                HAL_SYSTICK_Config
 *fill*         0x08001736        0x2 
 .text.HAL_Init
                0x08001738       0x44 CMakeFiles/F446RE.dir/Drivers/STM32F4xx_HAL_Driver/Src/stm32f4xx_hal.c.obj
                0x08001738                HAL_Init
 .text.HAL_InitTick
                0x0800177c       0x60 CMakeFiles/F446RE.dir/Drivers/STM32F4xx_HAL_Driver/Src/stm32f4xx_hal.c.obj
                0x0800177c                HAL_InitTick
 .text.HAL_IncTick
                0x080017dc       0x28 CMakeFiles/F446RE.dir/Drivers/STM32F4xx_HAL_Driver/Src/stm32f4xx_hal.c.obj
                0x080017dc                HAL_IncTick
 .text.HAL_GetTick
                0x08001804       0x18 CMakeFiles/F446RE.dir/Drivers/STM32F4xx_HAL_Driver/Src/stm32f4xx_hal.c.obj
                0x08001804                HAL_GetTick
 .text.HAL_Delay
                0x0800181c       0x48 CMakeFiles/F446RE.dir/Drivers/STM32F4xx_HAL_Driver/Src/stm32f4xx_hal.c.obj
                0x0800181c                HAL_Delay
 .text.SystemInit
                0x08001864       0x24 CMakeFiles/F446RE.dir/Core/Src/system_stm32f4xx.c.obj
                0x08001864                SystemInit
 .text.Reset_Handler
                0x08001888       0x50 CMakeFiles/F446RE.dir/startup_stm32f446xx.s.obj
                0x08001888                Reset_Handler
 .text.Default_Handler
                0x080018d8        0x2 CMakeFiles/F446RE.dir/startup_stm32f446xx.s.obj
                0x080018d8                DMA1_Stream3_IRQHandler
                0x080018d8                EXTI2_IRQHandler
                0x080018d8                TIM8_CC_IRQHandler
                0x080018d8                FMPI2C1_EV_IRQHandler
                0x080018d8                SPI4_IRQHandler
                0x080018d8                TIM1_CC_IRQHandler
                0x080018d8                DMA2_Stream5_IRQHandler
                0x080018d8                DMA1_Stream5_IRQHandler
                0x080018d8                PVD_IRQHandler
                0x080018d8                SDIO_IRQHandler
                0x080018d8                TAMP_STAMP_IRQHandler
                0x080018d8                CAN2_RX1_IRQHandler
                0x080018d8                EXTI3_IRQHandler
                0x080018d8                TIM8_TRG_COM_TIM14_IRQHandler
                0x080018d8                TIM1_UP_TIM10_IRQHandler
                0x080018d8                TIM8_UP_TIM13_IRQHandler
                0x080018d8                I2C3_ER_IRQHandler
                0x080018d8                EXTI0_IRQHandler
                0x080018d8                I2C2_EV_IRQHandler
                0x080018d8                DMA1_Stream2_IRQHandler
                0x080018d8                CAN1_RX0_IRQHandler
                0x080018d8                FPU_IRQHandler
                0x080018d8                OTG_HS_WKUP_IRQHandler
                0x080018d8                CAN2_SCE_IRQHandler
                0x080018d8                DMA2_Stream2_IRQHandler
                0x080018d8                SPI1_IRQHandler
                0x080018d8                TIM6_DAC_IRQHandler
                0x080018d8                TIM1_BRK_TIM9_IRQHandler
                0x080018d8                DCMI_IRQHandler
                0x080018d8                CAN2_RX0_IRQHandler
                0x080018d8                DMA2_Stream3_IRQHandler
                0x080018d8                SAI2_IRQHandler
                0x080018d8                USART6_IRQHandler
                0x080018d8                USART3_IRQHandler
                0x080018d8                CAN1_RX1_IRQHandler
                0x080018d8                UART5_IRQHandler
                0x080018d8                DMA2_Stream0_IRQHandler
                0x080018d8                TIM4_IRQHandler
                0x080018d8                QUADSPI_IRQHandler
                0x080018d8                I2C1_EV_IRQHandler
                0x080018d8                DMA1_Stream6_IRQHandler
                0x080018d8                DMA1_Stream1_IRQHandler
                0x080018d8                UART4_IRQHandler
                0x080018d8                TIM3_IRQHandler
                0x080018d8                RCC_IRQHandler
                0x080018d8                TIM8_BRK_TIM12_IRQHandler
                0x080018d8                Default_Handler
                0x080018d8                CEC_IRQHandler
                0x080018d8                EXTI15_10_IRQHandler
                0x080018d8                ADC_IRQHandler
                0x080018d8                DMA1_Stream7_IRQHandler
                0x080018d8                TIM7_IRQHandler
                0x080018d8                CAN2_TX_IRQHandler
                0x080018d8                TIM5_IRQHandler
                0x080018d8                DMA2_Stream7_IRQHandler
                0x080018d8                I2C3_EV_IRQHandler
                0x080018d8                EXTI9_5_IRQHandler
                0x080018d8                RTC_WKUP_IRQHandler
                0x080018d8                SPDIF_RX_IRQHandler
                0x080018d8                SPI2_IRQHandler
                0x080018d8                OTG_HS_EP1_IN_IRQHandler
                0x080018d8                DMA1_Stream0_IRQHandler
                0x080018d8                CAN1_TX_IRQHandler
                0x080018d8                FMPI2C1_ER_IRQHandler
                0x080018d8                EXTI4_IRQHandler
                0x080018d8                OTG_HS_EP1_OUT_IRQHandler
                0x080018d8                WWDG_IRQHandler
                0x080018d8                TIM2_IRQHandler
                0x080018d8                OTG_FS_WKUP_IRQHandler
                0x080018d8                TIM1_TRG_COM_TIM11_IRQHandler
                0x080018d8                OTG_HS_IRQHandler
                0x080018d8                EXTI1_IRQHandler
                0x080018d8                USART2_IRQHandler
                0x080018d8                I2C2_ER_IRQHandler
                0x080018d8                DMA2_Stream1_IRQHandler
                0x080018d8                CAN1_SCE_IRQHandler
                0x080018d8                FLASH_IRQHandler
                0x080018d8                DMA2_Stream4_IRQHandler
                0x080018d8                USART1_IRQHandler
                0x080018d8                OTG_FS_IRQHandler
                0x080018d8                SPI3_IRQHandler
                0x080018d8                DMA1_Stream4_IRQHandler
                0x080018d8                I2C1_ER_IRQHandler
                0x080018d8                FMC_IRQHandler
                0x080018d8                DMA2_Stream6_IRQHandler
                0x080018d8                SAI1_IRQHandler
                0x080018d8                RTC_Alarm_IRQHandler
 *(.glue_7)
 .glue_7        0x080018da        0x0 linker stubs
 *(.glue_7t)
 .glue_7t       0x080018da        0x0 linker stubs
 *(.eh_frame)
 *fill*         0x080018da        0x2 
 .eh_frame      0x080018dc        0x0 /opt/ST/STM32CubeCLT_1.16.0/GNU-tools-for-STM32/bin/../lib/gcc/arm-none-eabi/12.3.1/thumb/v7e-m+fp/hard/crtbegin.o
 *(.init)
 .init          0x080018dc        0x4 /opt/ST/STM32CubeCLT_1.16.0/GNU-tools-for-STM32/bin/../lib/gcc/arm-none-eabi/12.3.1/thumb/v7e-m+fp/hard/crti.o
                0x080018dc                _init
 .init          0x080018e0        0x8 /opt/ST/STM32CubeCLT_1.16.0/GNU-tools-for-STM32/bin/../lib/gcc/arm-none-eabi/12.3.1/thumb/v7e-m+fp/hard/crtn.o
 *(.fini)
 .fini          0x080018e8        0x4 /opt/ST/STM32CubeCLT_1.16.0/GNU-tools-for-STM32/bin/../lib/gcc/arm-none-eabi/12.3.1/thumb/v7e-m+fp/hard/crti.o
                0x080018e8                _fini
 .fini          0x080018ec        0x8 /opt/ST/STM32CubeCLT_1.16.0/GNU-tools-for-STM32/bin/../lib/gcc/arm-none-eabi/12.3.1/thumb/v7e-m+fp/hard/crtn.o
                0x080018f4                        . = ALIGN (0x4)
                0x080018f4                        _etext = .

.vfp11_veneer   0x080018f4        0x0
 .vfp11_veneer  0x080018f4        0x0 linker stubs

.v4_bx          0x080018f4        0x0
 .v4_bx         0x080018f4        0x0 linker stubs

.iplt           0x080018f4        0x0
 .iplt          0x080018f4        0x0 /opt/ST/STM32CubeCLT_1.16.0/GNU-tools-for-STM32/bin/../lib/gcc/arm-none-eabi/12.3.1/thumb/v7e-m+fp/hard/crtbegin.o

.rodata         0x080018f4       0x10
                0x080018f4                        . = ALIGN (0x4)
 *(.rodata)
 *(.rodata*)
 .rodata.AHBPrescTable
                0x080018f4       0x10 CMakeFiles/F446RE.dir/Core/Src/system_stm32f4xx.c.obj
                0x080018f4                AHBPrescTable
                0x08001904                        . = ALIGN (0x4)

.ARM.extab
 *(.ARM.extab* .gnu.linkonce.armextab.*)

.ARM            0x08001904        0x8
                0x08001904                        __exidx_start = .
 *(.ARM.exidx*)
 .ARM.exidx     0x08001904        0x8 /opt/ST/STM32CubeCLT_1.16.0/GNU-tools-for-STM32/bin/../lib/gcc/arm-none-eabi/12.3.1/thumb/v7e-m+fp/hard/libgcc.a(_udivmoddi4.o)
                0x0800190c                        __exidx_end = .

.rel.dyn        0x0800190c        0x0
 .rel.iplt      0x0800190c        0x0 /opt/ST/STM32CubeCLT_1.16.0/GNU-tools-for-STM32/bin/../lib/gcc/arm-none-eabi/12.3.1/thumb/v7e-m+fp/hard/crtbegin.o

.preinit_array  0x0800190c        0x0
                0x0800190c                        PROVIDE (__preinit_array_start = .)
 *(.preinit_array*)
                0x0800190c                        PROVIDE (__preinit_array_end = .)

.init_array     0x0800190c        0x4
                0x0800190c                        PROVIDE (__init_array_start = .)
 *(SORT_BY_NAME(.init_array.*))
 *(.init_array*)
 .init_array    0x0800190c        0x4 /opt/ST/STM32CubeCLT_1.16.0/GNU-tools-for-STM32/bin/../lib/gcc/arm-none-eabi/12.3.1/thumb/v7e-m+fp/hard/crtbegin.o
                0x08001910                        PROVIDE (__init_array_end = .)

.fini_array     0x08001910        0x4
                [!provide]                        PROVIDE (__fini_array_start = .)
 *(SORT_BY_NAME(.fini_array.*))
 *(.fini_array*)
 .fini_array    0x08001910        0x4 /opt/ST/STM32CubeCLT_1.16.0/GNU-tools-for-STM32/bin/../lib/gcc/arm-none-eabi/12.3.1/thumb/v7e-m+fp/hard/crtbegin.o
                [!provide]                        PROVIDE (__fini_array_end = .)
                0x08001914                        _sidata = LOADADDR (.data)

.data           0x20000000        0xc load address 0x08001914
                0x20000000                        . = ALIGN (0x4)
                0x20000000                        _sdata = .
 *(.data)
 *(.data*)
 .data.uwTickPrio
                0x20000000        0x4 CMakeFiles/F446RE.dir/Drivers/STM32F4xx_HAL_Driver/Src/stm32f4xx_hal.c.obj
                0x20000000                uwTickPrio
 .data.uwTickFreq
                0x20000004        0x1 CMakeFiles/F446RE.dir/Drivers/STM32F4xx_HAL_Driver/Src/stm32f4xx_hal.c.obj
                0x20000004                uwTickFreq
 *fill*         0x20000005        0x3 
 .data.SystemCoreClock
                0x20000008        0x4 CMakeFiles/F446RE.dir/Core/Src/system_stm32f4xx.c.obj
                0x20000008                SystemCoreClock
                0x2000000c                        . = ALIGN (0x4)
                0x2000000c                        _edata = .

.igot.plt       0x2000000c        0x0 load address 0x08001920
 .igot.plt      0x2000000c        0x0 /opt/ST/STM32CubeCLT_1.16.0/GNU-tools-for-STM32/bin/../lib/gcc/arm-none-eabi/12.3.1/thumb/v7e-m+fp/hard/crtbegin.o
                0x2000000c                        . = ALIGN (0x4)

.bss            0x2000000c       0x20 load address 0x08001920
                0x2000000c                        _sbss = .
                0x2000000c                        __bss_start__ = _sbss
 *(.bss)
 .bss           0x2000000c       0x1c /opt/ST/STM32CubeCLT_1.16.0/GNU-tools-for-STM32/bin/../lib/gcc/arm-none-eabi/12.3.1/thumb/v7e-m+fp/hard/crtbegin.o
 *(.bss*)
 .bss.uwTick    0x20000028        0x4 CMakeFiles/F446RE.dir/Drivers/STM32F4xx_HAL_Driver/Src/stm32f4xx_hal.c.obj
                0x20000028                uwTick
 *(COMMON)
                0x2000002c                        . = ALIGN (0x4)
                0x2000002c                        _ebss = .
                0x2000002c                        __bss_end__ = _ebss

._user_heap_stack
                0x2000002c      0x604 load address 0x08001920
                0x20000030                        . = ALIGN (0x8)
 *fill*         0x2000002c        0x4 
                [!provide]                        PROVIDE (end = .)
                0x20000030                        PROVIDE (_end = .)
                0x20000230                        . = (. + _Min_Heap_Size)
 *fill*         0x20000030      0x200 
                0x20000630                        . = (. + _Min_Stack_Size)
 *fill*         0x20000230      0x400 
                0x20000630                        . = ALIGN (0x8)

/DISCARD/
 libc.a(*)
 libm.a(*)
 libgcc.a(*)

.ARM.attributes
                0x00000000       0x30
 *(.ARM.attributes)
 .ARM.attributes
                0x00000000       0x22 /opt/ST/STM32CubeCLT_1.16.0/GNU-tools-for-STM32/bin/../lib/gcc/arm-none-eabi/12.3.1/thumb/v7e-m+fp/hard/crti.o
 .ARM.attributes
                0x00000022       0x34 /opt/ST/STM32CubeCLT_1.16.0/GNU-tools-for-STM32/bin/../lib/gcc/arm-none-eabi/12.3.1/thumb/v7e-m+fp/hard/crtbegin.o
 .ARM.attributes
                0x00000056       0x34 /opt/ST/STM32CubeCLT_1.16.0/GNU-tools-for-STM32/bin/../lib/gcc/arm-none-eabi/12.3.1/../../../../arm-none-eabi/lib/thumb/v7e-m+fp/hard/libc_nano.a(libc_a-memset.o)
 .ARM.attributes
                0x0000008a       0x34 /opt/ST/STM32CubeCLT_1.16.0/GNU-tools-for-STM32/bin/../lib/gcc/arm-none-eabi/12.3.1/../../../../arm-none-eabi/lib/thumb/v7e-m+fp/hard/libc_nano.a(libc_a-init.o)
 .ARM.attributes
                0x000000be       0x34 CMakeFiles/F446RE.dir/Core/Src/main.c.obj
 .ARM.attributes
                0x000000f2       0x34 CMakeFiles/F446RE.dir/Core/Src/stm32f4xx_it.c.obj
 .ARM.attributes
                0x00000126       0x34 CMakeFiles/F446RE.dir/Core/Src/stm32f4xx_hal_msp.c.obj
 .ARM.attributes
                0x0000015a       0x34 CMakeFiles/F446RE.dir/Drivers/STM32F4xx_HAL_Driver/Src/stm32f4xx_hal_rcc.c.obj
 .ARM.attributes
                0x0000018e       0x34 CMakeFiles/F446RE.dir/Drivers/STM32F4xx_HAL_Driver/Src/stm32f4xx_hal_rcc_ex.c.obj
 .ARM.attributes
                0x000001c2       0x34 CMakeFiles/F446RE.dir/Drivers/STM32F4xx_HAL_Driver/Src/stm32f4xx_hal_gpio.c.obj
 .ARM.attributes
                0x000001f6       0x34 CMakeFiles/F446RE.dir/Drivers/STM32F4xx_HAL_Driver/Src/stm32f4xx_hal_cortex.c.obj
 .ARM.attributes
                0x0000022a       0x34 CMakeFiles/F446RE.dir/Drivers/STM32F4xx_HAL_Driver/Src/stm32f4xx_hal.c.obj
 .ARM.attributes
                0x0000025e       0x34 CMakeFiles/F446RE.dir/Core/Src/system_stm32f4xx.c.obj
 .ARM.attributes
                0x00000292       0x21 CMakeFiles/F446RE.dir/startup_stm32f446xx.s.obj
 .ARM.attributes
                0x000002b3       0x22 /opt/ST/STM32CubeCLT_1.16.0/GNU-tools-for-STM32/bin/../lib/gcc/arm-none-eabi/12.3.1/thumb/v7e-m+fp/hard/libgcc.a(_aeabi_uldivmod.o)
 .ARM.attributes
                0x000002d5       0x34 /opt/ST/STM32CubeCLT_1.16.0/GNU-tools-for-STM32/bin/../lib/gcc/arm-none-eabi/12.3.1/thumb/v7e-m+fp/hard/libgcc.a(_udivmoddi4.o)
 .ARM.attributes
                0x00000309       0x22 /opt/ST/STM32CubeCLT_1.16.0/GNU-tools-for-STM32/bin/../lib/gcc/arm-none-eabi/12.3.1/thumb/v7e-m+fp/hard/libgcc.a(_dvmd_tls.o)
 .ARM.attributes
                0x0000032b       0x22 /opt/ST/STM32CubeCLT_1.16.0/GNU-tools-for-STM32/bin/../lib/gcc/arm-none-eabi/12.3.1/thumb/v7e-m+fp/hard/crtn.o
OUTPUT(F446RE.elf elf32-littlearm)
LOAD linker stubs
LOAD /opt/ST/STM32CubeCLT_1.16.0/GNU-tools-for-STM32/bin/../lib/gcc/arm-none-eabi/12.3.1/../../../../arm-none-eabi/lib/thumb/v7e-m+fp/hard/libc.a
LOAD /opt/ST/STM32CubeCLT_1.16.0/GNU-tools-for-STM32/bin/../lib/gcc/arm-none-eabi/12.3.1/../../../../arm-none-eabi/lib/thumb/v7e-m+fp/hard/libm.a
LOAD /opt/ST/STM32CubeCLT_1.16.0/GNU-tools-for-STM32/bin/../lib/gcc/arm-none-eabi/12.3.1/thumb/v7e-m+fp/hard/libgcc.a

.debug_frame    0x00000000     0x1070
 .debug_frame   0x00000000       0x20 /opt/ST/STM32CubeCLT_1.16.0/GNU-tools-for-STM32/bin/../lib/gcc/arm-none-eabi/12.3.1/../../../../arm-none-eabi/lib/thumb/v7e-m+fp/hard/libc_nano.a(libc_a-memset.o)
 .debug_frame   0x00000020       0x2c /opt/ST/STM32CubeCLT_1.16.0/GNU-tools-for-STM32/bin/../lib/gcc/arm-none-eabi/12.3.1/../../../../arm-none-eabi/lib/thumb/v7e-m+fp/hard/libc_nano.a(libc_a-init.o)
 .debug_frame   0x0000004c       0x8c CMakeFiles/F446RE.dir/Core/Src/main.c.obj
 .debug_frame   0x000000d8      0x104 CMakeFiles/F446RE.dir/Core/Src/stm32f4xx_it.c.obj
 .debug_frame   0x000001dc       0x38 CMakeFiles/F446RE.dir/Core/Src/stm32f4xx_hal_msp.c.obj
 .debug_frame   0x00000214      0x1f4 CMakeFiles/F446RE.dir/Drivers/STM32F4xx_HAL_Driver/Src/stm32f4xx_hal_rcc.c.obj
 .debug_frame   0x00000408      0x1e8 CMakeFiles/F446RE.dir/Drivers/STM32F4xx_HAL_Driver/Src/stm32f4xx_hal_rcc_ex.c.obj
 .debug_frame   0x000005f0      0x14c CMakeFiles/F446RE.dir/Drivers/STM32F4xx_HAL_Driver/Src/stm32f4xx_hal_gpio.c.obj
 .debug_frame   0x0000073c      0x508 CMakeFiles/F446RE.dir/Drivers/STM32F4xx_HAL_Driver/Src/stm32f4xx_hal_cortex.c.obj
 .debug_frame   0x00000c44      0x374 CMakeFiles/F446RE.dir/Drivers/STM32F4xx_HAL_Driver/Src/stm32f4xx_hal.c.obj
 .debug_frame   0x00000fb8       0x58 CMakeFiles/F446RE.dir/Core/Src/system_stm32f4xx.c.obj
 .debug_frame   0x00001010       0x2c /opt/ST/STM32CubeCLT_1.16.0/GNU-tools-for-STM32/bin/../lib/gcc/arm-none-eabi/12.3.1/thumb/v7e-m+fp/hard/libgcc.a(_aeabi_uldivmod.o)
 .debug_frame   0x0000103c       0x34 /opt/ST/STM32CubeCLT_1.16.0/GNU-tools-for-STM32/bin/../lib/gcc/arm-none-eabi/12.3.1/thumb/v7e-m+fp/hard/libgcc.a(_udivmoddi4.o)

.debug_info     0x00000000     0x405b
 .debug_info    0x00000000      0x6a6 CMakeFiles/F446RE.dir/Core/Src/main.c.obj
 .debug_info    0x000006a6      0x112 CMakeFiles/F446RE.dir/Core/Src/stm32f4xx_it.c.obj
 .debug_info    0x000007b8      0x299 CMakeFiles/F446RE.dir/Core/Src/stm32f4xx_hal_msp.c.obj
 .debug_info    0x00000a51      0x8eb CMakeFiles/F446RE.dir/Drivers/STM32F4xx_HAL_Driver/Src/stm32f4xx_hal_rcc.c.obj
 .debug_info    0x0000133c      0x956 CMakeFiles/F446RE.dir/Drivers/STM32F4xx_HAL_Driver/Src/stm32f4xx_hal_rcc_ex.c.obj
 .debug_info    0x00001c92      0x70b CMakeFiles/F446RE.dir/Drivers/STM32F4xx_HAL_Driver/Src/stm32f4xx_hal_gpio.c.obj
 .debug_info    0x0000239d      0xdaa CMakeFiles/F446RE.dir/Drivers/STM32F4xx_HAL_Driver/Src/stm32f4xx_hal_cortex.c.obj
 .debug_info    0x00003147      0x99a CMakeFiles/F446RE.dir/Drivers/STM32F4xx_HAL_Driver/Src/stm32f4xx_hal.c.obj
 .debug_info    0x00003ae1      0x54a CMakeFiles/F446RE.dir/Core/Src/system_stm32f4xx.c.obj
 .debug_info    0x0000402b       0x30 CMakeFiles/F446RE.dir/startup_stm32f446xx.s.obj

.debug_abbrev   0x00000000     0x1044
 .debug_abbrev  0x00000000      0x1f5 CMakeFiles/F446RE.dir/Core/Src/main.c.obj
 .debug_abbrev  0x000001f5       0x73 CMakeFiles/F446RE.dir/Core/Src/stm32f4xx_it.c.obj
 .debug_abbrev  0x00000268       0xd8 CMakeFiles/F446RE.dir/Core/Src/stm32f4xx_hal_msp.c.obj
 .debug_abbrev  0x00000340      0x2b7 CMakeFiles/F446RE.dir/Drivers/STM32F4xx_HAL_Driver/Src/stm32f4xx_hal_rcc.c.obj
 .debug_abbrev  0x000005f7      0x20a CMakeFiles/F446RE.dir/Drivers/STM32F4xx_HAL_Driver/Src/stm32f4xx_hal_rcc_ex.c.obj
 .debug_abbrev  0x00000801      0x1d4 CMakeFiles/F446RE.dir/Drivers/STM32F4xx_HAL_Driver/Src/stm32f4xx_hal_gpio.c.obj
 .debug_abbrev  0x000009d5      0x31d CMakeFiles/F446RE.dir/Drivers/STM32F4xx_HAL_Driver/Src/stm32f4xx_hal_cortex.c.obj
 .debug_abbrev  0x00000cf2      0x214 CMakeFiles/F446RE.dir/Drivers/STM32F4xx_HAL_Driver/Src/stm32f4xx_hal.c.obj
 .debug_abbrev  0x00000f06      0x11a CMakeFiles/F446RE.dir/Core/Src/system_stm32f4xx.c.obj
 .debug_abbrev  0x00001020       0x24 CMakeFiles/F446RE.dir/startup_stm32f446xx.s.obj

.debug_aranges  0x00000000      0x480
 .debug_aranges
                0x00000000       0x38 CMakeFiles/F446RE.dir/Core/Src/main.c.obj
 .debug_aranges
                0x00000038       0x60 CMakeFiles/F446RE.dir/Core/Src/stm32f4xx_it.c.obj
 .debug_aranges
                0x00000098       0x20 CMakeFiles/F446RE.dir/Core/Src/stm32f4xx_hal_msp.c.obj
 .debug_aranges
                0x000000b8       0x88 CMakeFiles/F446RE.dir/Drivers/STM32F4xx_HAL_Driver/Src/stm32f4xx_hal_rcc.c.obj
 .debug_aranges
                0x00000140       0x78 CMakeFiles/F446RE.dir/Drivers/STM32F4xx_HAL_Driver/Src/stm32f4xx_hal_rcc_ex.c.obj
 .debug_aranges
                0x000001b8       0x58 CMakeFiles/F446RE.dir/Drivers/STM32F4xx_HAL_Driver/Src/stm32f4xx_hal_gpio.c.obj
 .debug_aranges
                0x00000210      0x130 CMakeFiles/F446RE.dir/Drivers/STM32F4xx_HAL_Driver/Src/stm32f4xx_hal_cortex.c.obj
 .debug_aranges
                0x00000340       0xf0 CMakeFiles/F446RE.dir/Drivers/STM32F4xx_HAL_Driver/Src/stm32f4xx_hal.c.obj
 .debug_aranges
                0x00000430       0x28 CMakeFiles/F446RE.dir/Core/Src/system_stm32f4xx.c.obj
 .debug_aranges
                0x00000458       0x28 CMakeFiles/F446RE.dir/startup_stm32f446xx.s.obj

.debug_rnglists
                0x00000000      0x342
 .debug_rnglists
                0x00000000       0x27 CMakeFiles/F446RE.dir/Core/Src/main.c.obj
 .debug_rnglists
                0x00000027       0x43 CMakeFiles/F446RE.dir/Core/Src/stm32f4xx_it.c.obj
 .debug_rnglists
                0x0000006a       0x13 CMakeFiles/F446RE.dir/Core/Src/stm32f4xx_hal_msp.c.obj
 .debug_rnglists
                0x0000007d       0x66 CMakeFiles/F446RE.dir/Drivers/STM32F4xx_HAL_Driver/Src/stm32f4xx_hal_rcc.c.obj
 .debug_rnglists
                0x000000e3       0x5e CMakeFiles/F446RE.dir/Drivers/STM32F4xx_HAL_Driver/Src/stm32f4xx_hal_rcc_ex.c.obj
 .debug_rnglists
                0x00000141       0x3f CMakeFiles/F446RE.dir/Drivers/STM32F4xx_HAL_Driver/Src/stm32f4xx_hal_gpio.c.obj
 .debug_rnglists
                0x00000180       0xe0 CMakeFiles/F446RE.dir/Drivers/STM32F4xx_HAL_Driver/Src/stm32f4xx_hal_cortex.c.obj
 .debug_rnglists
                0x00000260       0xaf CMakeFiles/F446RE.dir/Drivers/STM32F4xx_HAL_Driver/Src/stm32f4xx_hal.c.obj
 .debug_rnglists
                0x0000030f       0x1a CMakeFiles/F446RE.dir/Core/Src/system_stm32f4xx.c.obj
 .debug_rnglists
                0x00000329       0x19 CMakeFiles/F446RE.dir/startup_stm32f446xx.s.obj

.debug_macro    0x00000000    0x1fcec
 .debug_macro   0x00000000      0x1bf CMakeFiles/F446RE.dir/Core/Src/main.c.obj
 .debug_macro   0x000001bf      0xab4 CMakeFiles/F446RE.dir/Core/Src/main.c.obj
 .debug_macro   0x00000c73      0x28f CMakeFiles/F446RE.dir/Core/Src/main.c.obj
 .debug_macro   0x00000f02       0x2e CMakeFiles/F446RE.dir/Core/Src/main.c.obj
 .debug_macro   0x00000f30       0x28 CMakeFiles/F446RE.dir/Core/Src/main.c.obj
 .debug_macro   0x00000f58       0x22 CMakeFiles/F446RE.dir/Core/Src/main.c.obj
 .debug_macro   0x00000f7a       0x8e CMakeFiles/F446RE.dir/Core/Src/main.c.obj
 .debug_macro   0x00001008       0x51 CMakeFiles/F446RE.dir/Core/Src/main.c.obj
 .debug_macro   0x00001059      0x103 CMakeFiles/F446RE.dir/Core/Src/main.c.obj
 .debug_macro   0x0000115c       0x6a CMakeFiles/F446RE.dir/Core/Src/main.c.obj
 .debug_macro   0x000011c6      0x1df CMakeFiles/F446RE.dir/Core/Src/main.c.obj
 .debug_macro   0x000013a5       0x1c CMakeFiles/F446RE.dir/Core/Src/main.c.obj
 .debug_macro   0x000013c1       0x22 CMakeFiles/F446RE.dir/Core/Src/main.c.obj
 .debug_macro   0x000013e3       0xfb CMakeFiles/F446RE.dir/Core/Src/main.c.obj
 .debug_macro   0x000014de     0x1011 CMakeFiles/F446RE.dir/Core/Src/main.c.obj
 .debug_macro   0x000024ef      0x11f CMakeFiles/F446RE.dir/Core/Src/main.c.obj
 .debug_macro   0x0000260e    0x16749 CMakeFiles/F446RE.dir/Core/Src/main.c.obj
 .debug_macro   0x00018d57       0x6d CMakeFiles/F446RE.dir/Core/Src/main.c.obj
 .debug_macro   0x00018dc4     0x369a CMakeFiles/F446RE.dir/Core/Src/main.c.obj
 .debug_macro   0x0001c45e      0x189 CMakeFiles/F446RE.dir/Core/Src/main.c.obj
 .debug_macro   0x0001c5e7       0x5c CMakeFiles/F446RE.dir/Core/Src/main.c.obj
 .debug_macro   0x0001c643      0xca5 CMakeFiles/F446RE.dir/Core/Src/main.c.obj
 .debug_macro   0x0001d2e8      0x9e9 CMakeFiles/F446RE.dir/Core/Src/main.c.obj
 .debug_macro   0x0001dcd1      0x115 CMakeFiles/F446RE.dir/Core/Src/main.c.obj
 .debug_macro   0x0001dde6      0x1a0 CMakeFiles/F446RE.dir/Core/Src/main.c.obj
 .debug_macro   0x0001df86       0xa5 CMakeFiles/F446RE.dir/Core/Src/main.c.obj
 .debug_macro   0x0001e02b      0x16d CMakeFiles/F446RE.dir/Core/Src/main.c.obj
 .debug_macro   0x0001e198      0x287 CMakeFiles/F446RE.dir/Core/Src/main.c.obj
 .debug_macro   0x0001e41f       0x5f CMakeFiles/F446RE.dir/Core/Src/main.c.obj
 .debug_macro   0x0001e47e      0x236 CMakeFiles/F446RE.dir/Core/Src/main.c.obj
 .debug_macro   0x0001e6b4      0x132 CMakeFiles/F446RE.dir/Core/Src/main.c.obj
 .debug_macro   0x0001e7e6      0x29c CMakeFiles/F446RE.dir/Core/Src/main.c.obj
 .debug_macro   0x0001ea82       0x2e CMakeFiles/F446RE.dir/Core/Src/main.c.obj
 .debug_macro   0x0001eab0      0x127 CMakeFiles/F446RE.dir/Core/Src/main.c.obj
 .debug_macro   0x0001ebd7       0xe8 CMakeFiles/F446RE.dir/Core/Src/main.c.obj
 .debug_macro   0x0001ecbf       0x89 CMakeFiles/F446RE.dir/Core/Src/main.c.obj
 .debug_macro   0x0001ed48      0x126 CMakeFiles/F446RE.dir/Core/Src/main.c.obj
 .debug_macro   0x0001ee6e       0x4c CMakeFiles/F446RE.dir/Core/Src/main.c.obj
 .debug_macro   0x0001eeba      0x1c9 CMakeFiles/F446RE.dir/Core/Src/stm32f4xx_it.c.obj
 .debug_macro   0x0001f083      0x1bf CMakeFiles/F446RE.dir/Core/Src/stm32f4xx_hal_msp.c.obj
 .debug_macro   0x0001f242      0x1d4 CMakeFiles/F446RE.dir/Drivers/STM32F4xx_HAL_Driver/Src/stm32f4xx_hal_rcc.c.obj
 .debug_macro   0x0001f416      0x1b0 CMakeFiles/F446RE.dir/Drivers/STM32F4xx_HAL_Driver/Src/stm32f4xx_hal_rcc_ex.c.obj
 .debug_macro   0x0001f5c6      0x1b6 CMakeFiles/F446RE.dir/Drivers/STM32F4xx_HAL_Driver/Src/stm32f4xx_hal_gpio.c.obj
 .debug_macro   0x0001f77c      0x1b0 CMakeFiles/F446RE.dir/Drivers/STM32F4xx_HAL_Driver/Src/stm32f4xx_hal_cortex.c.obj
 .debug_macro   0x0001f92c      0x210 CMakeFiles/F446RE.dir/Drivers/STM32F4xx_HAL_Driver/Src/stm32f4xx_hal.c.obj
 .debug_macro   0x0001fb3c      0x1b0 CMakeFiles/F446RE.dir/Core/Src/system_stm32f4xx.c.obj

.debug_line     0x00000000     0x5f77
 .debug_line    0x00000000      0x76b CMakeFiles/F446RE.dir/Core/Src/main.c.obj
 .debug_line    0x0000076b      0x777 CMakeFiles/F446RE.dir/Core/Src/stm32f4xx_it.c.obj
 .debug_line    0x00000ee2      0x6b5 CMakeFiles/F446RE.dir/Core/Src/stm32f4xx_hal_msp.c.obj
 .debug_line    0x00001597      0xd37 CMakeFiles/F446RE.dir/Drivers/STM32F4xx_HAL_Driver/Src/stm32f4xx_hal_rcc.c.obj
 .debug_line    0x000022ce     0x13a6 CMakeFiles/F446RE.dir/Drivers/STM32F4xx_HAL_Driver/Src/stm32f4xx_hal_rcc_ex.c.obj
 .debug_line    0x00003674      0xb1a CMakeFiles/F446RE.dir/Drivers/STM32F4xx_HAL_Driver/Src/stm32f4xx_hal_gpio.c.obj
 .debug_line    0x0000418e      0xc94 CMakeFiles/F446RE.dir/Drivers/STM32F4xx_HAL_Driver/Src/stm32f4xx_hal_cortex.c.obj
 .debug_line    0x00004e22      0x9a2 CMakeFiles/F446RE.dir/Drivers/STM32F4xx_HAL_Driver/Src/stm32f4xx_hal.c.obj
 .debug_line    0x000057c4      0x739 CMakeFiles/F446RE.dir/Core/Src/system_stm32f4xx.c.obj
 .debug_line    0x00005efd       0x7a CMakeFiles/F446RE.dir/startup_stm32f446xx.s.obj

.debug_str      0x00000000    0xc225e
 .debug_str     0x00000000    0xc08ed CMakeFiles/F446RE.dir/Core/Src/main.c.obj
                              0xc0b81 (size before relaxing)
 .debug_str     0x000c08ed      0x104 CMakeFiles/F446RE.dir/Core/Src/stm32f4xx_it.c.obj
                              0xc084d (size before relaxing)
 .debug_str     0x000c09f1       0x67 CMakeFiles/F446RE.dir/Core/Src/stm32f4xx_hal_msp.c.obj
                              0xc08ec (size before relaxing)
 .debug_str     0x000c0a58      0x2fc CMakeFiles/F446RE.dir/Drivers/STM32F4xx_HAL_Driver/Src/stm32f4xx_hal_rcc.c.obj
                              0xc0cdf (size before relaxing)
 .debug_str     0x000c0d54      0x35f CMakeFiles/F446RE.dir/Drivers/STM32F4xx_HAL_Driver/Src/stm32f4xx_hal_rcc_ex.c.obj
                              0xc0d12 (size before relaxing)
 .debug_str     0x000c10b3      0x16c CMakeFiles/F446RE.dir/Drivers/STM32F4xx_HAL_Driver/Src/stm32f4xx_hal_gpio.c.obj
                              0xc0a21 (size before relaxing)
 .debug_str     0x000c121f      0x99b CMakeFiles/F446RE.dir/Drivers/STM32F4xx_HAL_Driver/Src/stm32f4xx_hal_cortex.c.obj
                              0xc11c2 (size before relaxing)
 .debug_str     0x000c1bba      0x5af CMakeFiles/F446RE.dir/Drivers/STM32F4xx_HAL_Driver/Src/stm32f4xx_hal.c.obj
                              0xc146b (size before relaxing)
 .debug_str     0x000c2169       0x85 CMakeFiles/F446RE.dir/Core/Src/system_stm32f4xx.c.obj
                              0xc08a6 (size before relaxing)
 .debug_str     0x000c21ee       0x70 CMakeFiles/F446RE.dir/startup_stm32f446xx.s.obj
                                 0xba (size before relaxing)

.comment        0x00000000       0x43
 .comment       0x00000000       0x43 CMakeFiles/F446RE.dir/Core/Src/main.c.obj
                                 0x44 (size before relaxing)
 .comment       0x00000043       0x44 CMakeFiles/F446RE.dir/Core/Src/stm32f4xx_it.c.obj
 .comment       0x00000043       0x44 CMakeFiles/F446RE.dir/Core/Src/stm32f4xx_hal_msp.c.obj
 .comment       0x00000043       0x44 CMakeFiles/F446RE.dir/Drivers/STM32F4xx_HAL_Driver/Src/stm32f4xx_hal_rcc.c.obj
 .comment       0x00000043       0x44 CMakeFiles/F446RE.dir/Drivers/STM32F4xx_HAL_Driver/Src/stm32f4xx_hal_rcc_ex.c.obj
 .comment       0x00000043       0x44 CMakeFiles/F446RE.dir/Drivers/STM32F4xx_HAL_Driver/Src/stm32f4xx_hal_gpio.c.obj
 .comment       0x00000043       0x44 CMakeFiles/F446RE.dir/Drivers/STM32F4xx_HAL_Driver/Src/stm32f4xx_hal_cortex.c.obj
 .comment       0x00000043       0x44 CMakeFiles/F446RE.dir/Drivers/STM32F4xx_HAL_Driver/Src/stm32f4xx_hal.c.obj
 .comment       0x00000043       0x44 CMakeFiles/F446RE.dir/Core/Src/system_stm32f4xx.c.obj

.debug_line_str
                0x00000000       0x9e
 .debug_line_str
                0x00000000       0x9e CMakeFiles/F446RE.dir/startup_stm32f446xx.s.obj
