Archive member included to satisfy reference by file (symbol)

/opt/ST/STM32CubeCLT_1.16.0/GNU-tools-for-STM32/bin/../lib/gcc/arm-none-eabi/12.3.1/../../../../arm-none-eabi/lib/thumb/v7e-m+fp/hard/libc_nano.a(libc_a-exit.o)
                              /opt/ST/STM32CubeCLT_1.16.0/GNU-tools-for-STM32/bin/../lib/gcc/arm-none-eabi/12.3.1/../../../../arm-none-eabi/lib/thumb/v7e-m+fp/hard/crt0.o (exit)
/opt/ST/STM32CubeCLT_1.16.0/GNU-tools-for-STM32/bin/../lib/gcc/arm-none-eabi/12.3.1/../../../../arm-none-eabi/lib/thumb/v7e-m+fp/hard/libc_nano.a(libc_a-findfp.o)
                              /opt/ST/STM32CubeCLT_1.16.0/GNU-tools-for-STM32/bin/../lib/gcc/arm-none-eabi/12.3.1/../../../../arm-none-eabi/lib/thumb/v7e-m+fp/hard/libc_nano.a(libc_a-exit.o) (__stdio_exit_handler)
/opt/ST/STM32CubeCLT_1.16.0/GNU-tools-for-STM32/bin/../lib/gcc/arm-none-eabi/12.3.1/../../../../arm-none-eabi/lib/thumb/v7e-m+fp/hard/libc_nano.a(libc_a-fwalk.o)
                              /opt/ST/STM32CubeCLT_1.16.0/GNU-tools-for-STM32/bin/../lib/gcc/arm-none-eabi/12.3.1/../../../../arm-none-eabi/lib/thumb/v7e-m+fp/hard/libc_nano.a(libc_a-findfp.o) (_fwalk_sglue)
/opt/ST/STM32CubeCLT_1.16.0/GNU-tools-for-STM32/bin/../lib/gcc/arm-none-eabi/12.3.1/../../../../arm-none-eabi/lib/thumb/v7e-m+fp/hard/libc_nano.a(libc_a-memset.o)
                              /opt/ST/STM32CubeCLT_1.16.0/GNU-tools-for-STM32/bin/../lib/gcc/arm-none-eabi/12.3.1/../../../../arm-none-eabi/lib/thumb/v7e-m+fp/hard/crt0.o (memset)
/opt/ST/STM32CubeCLT_1.16.0/GNU-tools-for-STM32/bin/../lib/gcc/arm-none-eabi/12.3.1/../../../../arm-none-eabi/lib/thumb/v7e-m+fp/hard/libc_nano.a(libc_a-impure.o)
                              /opt/ST/STM32CubeCLT_1.16.0/GNU-tools-for-STM32/bin/../lib/gcc/arm-none-eabi/12.3.1/../../../../arm-none-eabi/lib/thumb/v7e-m+fp/hard/libc_nano.a(libc_a-findfp.o) (_impure_data)
/opt/ST/STM32CubeCLT_1.16.0/GNU-tools-for-STM32/bin/../lib/gcc/arm-none-eabi/12.3.1/../../../../arm-none-eabi/lib/thumb/v7e-m+fp/hard/libc_nano.a(libc_a-init.o)
                              /opt/ST/STM32CubeCLT_1.16.0/GNU-tools-for-STM32/bin/../lib/gcc/arm-none-eabi/12.3.1/../../../../arm-none-eabi/lib/thumb/v7e-m+fp/hard/crt0.o (__libc_init_array)
/opt/ST/STM32CubeCLT_1.16.0/GNU-tools-for-STM32/bin/../lib/gcc/arm-none-eabi/12.3.1/../../../../arm-none-eabi/lib/thumb/v7e-m+fp/hard/libc_nano.a(libc_a-lock.o)
                              /opt/ST/STM32CubeCLT_1.16.0/GNU-tools-for-STM32/bin/../lib/gcc/arm-none-eabi/12.3.1/../../../../arm-none-eabi/lib/thumb/v7e-m+fp/hard/libc_nano.a(libc_a-findfp.o) (__retarget_lock_init_recursive)
/opt/ST/STM32CubeCLT_1.16.0/GNU-tools-for-STM32/bin/../lib/gcc/arm-none-eabi/12.3.1/../../../../arm-none-eabi/lib/thumb/v7e-m+fp/hard/libc_nano.a(libc_a-mallocr.o)
                              /opt/ST/STM32CubeCLT_1.16.0/GNU-tools-for-STM32/bin/../lib/gcc/arm-none-eabi/12.3.1/../../../../arm-none-eabi/lib/thumb/v7e-m+fp/hard/libc_nano.a(libc_a-findfp.o) (_malloc_r)
/opt/ST/STM32CubeCLT_1.16.0/GNU-tools-for-STM32/bin/../lib/gcc/arm-none-eabi/12.3.1/../../../../arm-none-eabi/lib/thumb/v7e-m+fp/hard/libc_nano.a(libc_a-fflush.o)
                              /opt/ST/STM32CubeCLT_1.16.0/GNU-tools-for-STM32/bin/../lib/gcc/arm-none-eabi/12.3.1/../../../../arm-none-eabi/lib/thumb/v7e-m+fp/hard/libc_nano.a(libc_a-findfp.o) (_fflush_r)
/opt/ST/STM32CubeCLT_1.16.0/GNU-tools-for-STM32/bin/../lib/gcc/arm-none-eabi/12.3.1/../../../../arm-none-eabi/lib/thumb/v7e-m+fp/hard/libc_nano.a(libc_a-mlock.o)
                              /opt/ST/STM32CubeCLT_1.16.0/GNU-tools-for-STM32/bin/../lib/gcc/arm-none-eabi/12.3.1/../../../../arm-none-eabi/lib/thumb/v7e-m+fp/hard/libc_nano.a(libc_a-mallocr.o) (__malloc_lock)
/opt/ST/STM32CubeCLT_1.16.0/GNU-tools-for-STM32/bin/../lib/gcc/arm-none-eabi/12.3.1/../../../../arm-none-eabi/lib/thumb/v7e-m+fp/hard/libc_nano.a(libc_a-stdio.o)
                              /opt/ST/STM32CubeCLT_1.16.0/GNU-tools-for-STM32/bin/../lib/gcc/arm-none-eabi/12.3.1/../../../../arm-none-eabi/lib/thumb/v7e-m+fp/hard/libc_nano.a(libc_a-findfp.o) (__sread)
/opt/ST/STM32CubeCLT_1.16.0/GNU-tools-for-STM32/bin/../lib/gcc/arm-none-eabi/12.3.1/../../../../arm-none-eabi/lib/thumb/v7e-m+fp/hard/libc_nano.a(libc_a-closer.o)
                              /opt/ST/STM32CubeCLT_1.16.0/GNU-tools-for-STM32/bin/../lib/gcc/arm-none-eabi/12.3.1/../../../../arm-none-eabi/lib/thumb/v7e-m+fp/hard/libc_nano.a(libc_a-stdio.o) (_close_r)
/opt/ST/STM32CubeCLT_1.16.0/GNU-tools-for-STM32/bin/../lib/gcc/arm-none-eabi/12.3.1/../../../../arm-none-eabi/lib/thumb/v7e-m+fp/hard/libc_nano.a(libc_a-reent.o)
                              /opt/ST/STM32CubeCLT_1.16.0/GNU-tools-for-STM32/bin/../lib/gcc/arm-none-eabi/12.3.1/../../../../arm-none-eabi/lib/thumb/v7e-m+fp/hard/libc_nano.a(libc_a-closer.o) (errno)
/opt/ST/STM32CubeCLT_1.16.0/GNU-tools-for-STM32/bin/../lib/gcc/arm-none-eabi/12.3.1/../../../../arm-none-eabi/lib/thumb/v7e-m+fp/hard/libc_nano.a(libc_a-lseekr.o)
[...]
Memory Configuration

Name             Origin             Length             Attributes
RAM              0x20000000         0x00020000         xrw
FLASH            0x08000000         0x00080000         xr
*default*        0x00000000         0xffffffff

Linker script and memory map

LOAD /opt/ST/STM32CubeCLT_1.16.0/GNU-tools-for-STM32/bin/../lib/gcc/arm-none-eabi/12.3.1/thumb/v7e-m+fp/hard/crti.o
LOAD /opt/ST/STM32CubeCLT_1.16.0/GNU-tools-for-STM32/bin/../lib/gcc/arm-none-eabi/12.3.1/thumb/v7e-m+fp/hard/crtbegin.o
LOAD /opt/ST/STM32CubeCLT_1.16.0/GNU-tools-for-STM32/bin/../lib/gcc/arm-none-eabi/12.3.1/../../../../arm-none-eabi/lib/thumb/v7e-m+fp/hard/crt0.o
START GROUP
LOAD /opt/ST/STM32CubeCLT_1.16.0/GNU-tools-for-STM32/bin/../lib/gcc/arm-none-eabi/12.3.1/../../../../arm-none-eabi/lib/thumb/v7e-m+fp/hard/libc_nano.a
LOAD /opt/ST/STM32CubeCLT_1.16.0/GNU-tools-for-STM32/bin/../lib/gcc/arm-none-eabi/12.3.1/../../../../arm-none-eabi/lib/thumb/v7e-m+fp/hard/libm.a
END GROUP
LOAD CMakeFiles/F446RE.dir/Core/Src/main.c.obj
LOAD CMakeFiles/F446RE.dir/Core/Src/stm32f4xx_it.c.obj
LOAD CMakeFiles/F446RE.dir/Core/Src/stm32f4xx_hal_msp.c.obj
LOAD CMakeFiles/F446RE.dir/Drivers/STM32F4xx_HAL_Driver/Src/stm32f4xx_hal_adc.c.obj
LOAD CMakeFiles/F446RE.dir/Drivers/STM32F4xx_HAL_Driver/Src/stm32f4xx_hal_adc_ex.c.obj
LOAD CMakeFiles/F446RE.dir/Drivers/STM32F4xx_HAL_Driver/Src/stm32f4xx_ll_adc.c.obj
LOAD CMakeFiles/F446RE.dir/Drivers/STM32F4xx_HAL_Driver/Src/stm32f4xx_hal_rcc.c.obj
LOAD CMakeFiles/F446RE.dir/Drivers/STM32F4xx_HAL_Driver/Src/stm32f4xx_hal_rcc_ex.c.obj
LOAD CMakeFiles/F446RE.dir/Drivers/STM32F4xx_HAL_Driver/Src/stm32f4xx_hal_flash.c.obj
LOAD CMakeFiles/F446RE.dir/Drivers/STM32F4xx_HAL_Driver/Src/stm32f4xx_hal_flash_ex.c.obj
LOAD CMakeFiles/F446RE.dir/Drivers/STM32F4xx_HAL_Driver/Src/stm32f4xx_hal_flash_ramfunc.c.obj
LOAD CMakeFiles/F446RE.dir/Drivers/STM32F4xx_HAL_Driver/Src/stm32f4xx_hal_gpio.c.obj
LOAD CMakeFiles/F446RE.dir/Drivers/STM32F4xx_HAL_Driver/Src/stm32f4xx_hal_dma_ex.c.obj
LOAD CMakeFiles/F446RE.dir/Drivers/STM32F4xx_HAL_Driver/Src/stm32f4xx_hal_dma.c.obj
LOAD CMakeFiles/F446RE.dir/Drivers/STM32F4xx_HAL_Driver/Src/stm32f4xx_hal_pwr.c.obj
LOAD CMakeFiles/F446RE.dir/Drivers/STM32F4xx_HAL_Driver/Src/stm32f4xx_hal_pwr_ex.c.obj
LOAD CMakeFiles/F446RE.dir/Drivers/STM32F4xx_HAL_Driver/Src/stm32f4xx_hal_cortex.c.obj
LOAD CMakeFiles/F446RE.dir/Drivers/STM32F4xx_HAL_Driver/Src/stm32f4xx_hal.c.obj
LOAD CMakeFiles/F446RE.dir/Drivers/STM32F4xx_HAL_Driver/Src/stm32f4xx_hal_exti.c.obj
LOAD CMakeFiles/F446RE.dir/Drivers/STM32F4xx_HAL_Driver/Src/stm32f4xx_hal_tim.c.obj
LOAD CMakeFiles/F446RE.dir/Drivers/STM32F4xx_HAL_Driver/Src/stm32f4xx_hal_tim_ex.c.obj
LOAD CMakeFiles/F446RE.dir/Drivers/STM32F4xx_HAL_Driver/Src/stm32f4xx_hal_uart.c.obj
LOAD CMakeFiles/F446RE.dir/Core/Src/system_stm32f4xx.c.obj
LOAD CMakeFiles/F446RE.dir/Core/Src/sysmem.c.obj
LOAD CMakeFiles/F446RE.dir/Core/Src/syscalls.c.obj
LOAD CMakeFiles/F446RE.dir/startup_stm32f446xx.s.obj
START GROUP
LOAD /opt/ST/STM32CubeCLT_1.16.0/GNU-tools-for-STM32/bin/../lib/gcc/arm-none-eabi/12.3.1/thumb/v7e-m+fp/hard/libgcc.a
LOAD /opt/ST/STM32CubeCLT_1.16.0/GNU-tools-for-STM32/bin/../lib/gcc/arm-none-eabi/12.3.1/../../../../arm-none-eabi/lib/thumb/v7e-m+fp/hard/libg_nano.a
LOAD /opt/ST/STM32CubeCLT_1.16.0/GNU-tools-for-STM32/bin/../lib/gcc/arm-none-eabi/12.3.1/../../../../arm-none-eabi/lib/thumb/v7e-m+fp/hard/libc_nano.a
END GROUP
START GROUP
LOAD /opt/ST/STM32CubeCLT_1.16.0/GNU-tools-for-STM32/bin/../lib/gcc/arm-none-eabi/12.3.1/thumb/v7e-m+fp/hard/libgcc.a
LOAD /opt/ST/STM32CubeCLT_1.16.0/GNU-tools-for-STM32/bin/../lib/gcc/arm-none-eabi/12.3.1/../../../../arm-none-eabi/lib/thumb/v7e-m+fp/hard/libc_nano.a
END GROUP
LOAD /opt/ST/STM32CubeCLT_1.16.0/GNU-tools-for-STM32/bin/../lib/gcc/arm-none-eabi/12.3.1/thumb/v7e-m+fp/hard/crtend.o
LOAD /opt/ST/STM32CubeCLT_1.16.0/GNU-tools-for-STM32/bin/../lib/gcc/arm-none-eabi/12.3.1/thumb/v7e-m+fp/hard/crtn.o
                0x20020000                        _estack = (ORIGIN (RAM) + LENGTH (RAM))
                0x00000200                        _Min_Heap_Size = 0x200
                0x00000400                        _Min_Stack_Size = 0x400

.isr_vector     0x08000000      0x1c4
                0x08000000                        . = ALIGN (0x4)
 *(.isr_vector)
 .isr_vector    0x08000000      0x1c4 CMakeFiles/F446RE.dir/startup_stm32f446xx.s.obj
                0x08000000                g_pfnVectors
                0x080001c4                        . = ALIGN (0x4)

.text           0x080001c4     0x4938
                0x080001c4                        . = ALIGN (0x4)
 *(.text)
 .text          0x080001c4       0x40 /opt/ST/STM32CubeCLT_1.16.0/GNU-tools-for-STM32/bin/../lib/gcc/arm-none-eabi/12.3.1/thumb/v7e-m+fp/hard/crtbegin.o
 .text          0x08000204       0x30 /opt/ST/STM32CubeCLT_1.16.0/GNU-tools-for-STM32/bin/../lib/gcc/arm-none-eabi/12.3.1/thumb/v7e-m+fp/hard/libgcc.a(_aeabi_uldivmod.o)
                0x08000204                __aeabi_uldivmod
 .text          0x08000234      0x2bc /opt/ST/STM32CubeCLT_1.16.0/GNU-tools-for-STM32/bin/../lib/gcc/arm-none-eabi/12.3.1/thumb/v7e-m+fp/hard/libgcc.a(_udivmoddi4.o)
                0x08000234                __udivmoddi4
 .text          0x080004f0        0x4 /opt/ST/STM32CubeCLT_1.16.0/GNU-tools-for-STM32/bin/../lib/gcc/arm-none-eabi/12.3.1/thumb/v7e-m+fp/hard/libgcc.a(_dvmd_tls.o)
                0x080004f0                __aeabi_ldiv0
                0x080004f0                __aeabi_idiv0
 *(.text*)
 .text.std      0x080004f4       0x6c /opt/ST/STM32CubeCLT_1.16.0/GNU-tools-for-STM32/bin/../lib/gcc/arm-none-eabi/12.3.1/../../../../arm-none-eabi/lib/thumb/v7e-m+fp/hard/libc_nano.a(libc_a-findfp.o)
 .text.stdio_exit_handler
                0x08000560       0x18 /opt/ST/STM32CubeCLT_1.16.0/GNU-tools-for-STM32/bin/../lib/gcc/arm-none-eabi/12.3.1/../../../../arm-none-eabi/lib/thumb/v7e-m+fp/hard/libc_nano.a(libc_a-findfp.o)
 .text.cleanup_stdio
                0x08000578       0x40 /opt/ST/STM32CubeCLT_1.16.0/GNU-tools-for-STM32/bin/../lib/gcc/arm-none-eabi/12.3.1/../../../../arm-none-eabi/lib/thumb/v7e-m+fp/hard/libc_nano.a(libc_a-findfp.o)
 .text.global_stdio_init.part.0
                0x080005b8       0x3c /opt/ST/STM32CubeCLT_1.16.0/GNU-tools-for-STM32/bin/../lib/gcc/arm-none-eabi/12.3.1/../../../../arm-none-eabi/lib/thumb/v7e-m+fp/hard/libc_nano.a(libc_a-findfp.o)
 .text.__sfp_lock_acquire
                0x080005f4        0xc /opt/ST/STM32CubeCLT_1.16.0/GNU-tools-for-STM32/bin/../lib/gcc/arm-none-eabi/12.3.1/../../../../arm-none-eabi/lib/thumb/v7e-m+fp/hard/libc_nano.a(libc_a-findfp.o)
                0x080005f4                __sfp_lock_acquire
 .text.__sfp_lock_release
                0x08000600        0xc /opt/ST/STM32CubeCLT_1.16.0/GNU-tools-for-STM32/bin/../lib/gcc/arm-none-eabi/12.3.1/../../../../arm-none-eabi/lib/thumb/v7e-m+fp/hard/libc_nano.a(libc_a-findfp.o)
                0x08000600                __sfp_lock_release
 .text.__sinit  0x0800060c       0x30 /opt/ST/STM32CubeCLT_1.16.0/GNU-tools-for-STM32/bin/../lib/gcc/arm-none-eabi/12.3.1/../../../../arm-none-eabi/lib/thumb/v7e-m+fp/hard/libc_nano.a(libc_a-findfp.o)
                0x0800060c                __sinit
 .text._fwalk_sglue
                0x0800063c       0x3c /opt/ST/STM32CubeCLT_1.16.0/GNU-tools-for-STM32/bin/../lib/gcc/arm-none-eabi/12.3.1/../../../../arm-none-eabi/lib/thumb/v7e-m+fp/hard/libc_nano.a(libc_a-fwalk.o)
                0x0800063c                _fwalk_sglue
 .text.memset   0x08000678       0x10 /opt/ST/STM32CubeCLT_1.16.0/GNU-tools-for-STM32/bin/../lib/gcc/arm-none-eabi/12.3.1/../../../../arm-none-eabi/lib/thumb/v7e-m+fp/hard/libc_nano.a(libc_a-memset.o)
                0x08000678                memset
 .text.__libc_init_array
                0x08000688       0x48 /opt/ST/STM32CubeCLT_1.16.0/GNU-tools-for-STM32/bin/../lib/gcc/arm-none-eabi/12.3.1/../../../../arm-none-eabi/lib/thumb/v7e-m+fp/hard/libc_nano.a(libc_a-init.o)
                0x08000688                __libc_init_array
 .text.__retarget_lock_init_recursive
                0x080006d0        0x2 /opt/ST/STM32CubeCLT_1.16.0/GNU-tools-for-STM32/bin/../lib/gcc/arm-none-eabi/12.3.1/../../../../arm-none-eabi/lib/thumb/v7e-m+fp/hard/libc_nano.a(libc_a-lock.o)
                0x080006d0                __retarget_lock_init_recursive
 .text.__retarget_lock_acquire_recursive
                0x080006d2        0x2 /opt/ST/STM32CubeCLT_1.16.0/GNU-tools-for-STM32/bin/../lib/gcc/arm-none-eabi/12.3.1/../../../../arm-none-eabi/lib/thumb/v7e-m+fp/hard/libc_nano.a(libc_a-lock.o)
                0x080006d2                __retarget_lock_acquire_recursive
 .text.__retarget_lock_release_recursive
                0x080006d4        0x2 /opt/ST/STM32CubeCLT_1.16.0/GNU-tools-for-STM32/bin/../lib/gcc/arm-none-eabi/12.3.1/../../../../arm-none-eabi/lib/thumb/v7e-m+fp/hard/libc_nano.a(libc_a-lock.o)
                0x080006d4                __retarget_lock_release_recursive
 *fill*         0x080006d6        0x2 
 .text.sbrk_aligned
                0x080006d8       0x44 /opt/ST/STM32CubeCLT_1.16.0/GNU-tools-for-STM32/bin/../lib/gcc/arm-none-eabi/12.3.1/../../../../arm-none-eabi/lib/thumb/v7e-m+fp/hard/libc_nano.a(libc_a-mallocr.o)
 .text._malloc_r
                0x0800071c      0x100 /opt/ST/STM32CubeCLT_1.16.0/GNU-tools-for-STM32/bin/../lib/gcc/arm-none-eabi/12.3.1/../../../../arm-none-eabi/lib/thumb/v7e-m+fp/hard/libc_nano.a(libc_a-mallocr.o)
                0x0800071c                _malloc_r
 .text.__sflush_r
                0x0800081c      0x108 /opt/ST/STM32CubeCLT_1.16.0/GNU-tools-for-STM32/bin/../lib/gcc/arm-none-eabi/12.3.1/../../../../arm-none-eabi/lib/thumb/v7e-m+fp/hard/libc_nano.a(libc_a-fflush.o)
                0x0800081c                __sflush_r
 .text._fflush_r
                0x08000924       0x50 /opt/ST/STM32CubeCLT_1.16.0/GNU-tools-for-STM32/bin/../lib/gcc/arm-none-eabi/12.3.1/../../../../arm-none-eabi/lib/thumb/v7e-m+fp/hard/libc_nano.a(libc_a-fflush.o)
                0x08000924                _fflush_r
 .text.__malloc_lock
                0x08000974        0xc /opt/ST/STM32CubeCLT_1.16.0/GNU-tools-for-STM32/bin/../lib/gcc/arm-none-eabi/12.3.1/../../../../arm-none-eabi/lib/thumb/v7e-m+fp/hard/libc_nano.a(libc_a-mlock.o)
                0x08000974                __malloc_lock
 .text.__malloc_unlock
                0x08000980        0xc /opt/ST/STM32CubeCLT_1.16.0/GNU-tools-for-STM32/bin/../lib/gcc/arm-none-eabi/12.3.1/../../../../arm-none-eabi/lib/thumb/v7e-m+fp/hard/libc_nano.a(libc_a-mlock.o)
                0x08000980                __malloc_unlock
 .text.__sread  0x0800098c       0x22 /opt/ST/STM32CubeCLT_1.16.0/GNU-tools-for-STM32/bin/../lib/gcc/arm-none-eabi/12.3.1/../../../../arm-none-eabi/lib/thumb/v7e-m+fp/hard/libc_nano.a(libc_a-stdio.o)
                0x0800098c                __sread
 .text.__swrite
                0x080009ae       0x38 /opt/ST/STM32CubeCLT_1.16.0/GNU-tools-for-STM32/bin/../lib/gcc/arm-none-eabi/12.3.1/../../../../arm-none-eabi/lib/thumb/v7e-m+fp/hard/libc_nano.a(libc_a-stdio.o)
                0x080009ae                __swrite
 .text.__sseek  0x080009e6       0x24 /opt/ST/STM32CubeCLT_1.16.0/GNU-tools-for-STM32/bin/../lib/gcc/arm-none-eabi/12.3.1/../../../../arm-none-eabi/lib/thumb/v7e-m+fp/hard/libc_nano.a(libc_a-stdio.o)
                0x080009e6                __sseek
 .text.__sclose
                0x08000a0a        0x8 /opt/ST/STM32CubeCLT_1.16.0/GNU-tools-for-STM32/bin/../lib/gcc/arm-none-eabi/12.3.1/../../../../arm-none-eabi/lib/thumb/v7e-m+fp/hard/libc_nano.a(libc_a-stdio.o)
                0x08000a0a                __sclose
 *fill*         0x08000a12        0x2 
 .text._close_r
                0x08000a14       0x20 /opt/ST/STM32CubeCLT_1.16.0/GNU-tools-for-STM32/bin/../lib/gcc/arm-none-eabi/12.3.1/../../../../arm-none-eabi/lib/thumb/v7e-m+fp/hard/libc_nano.a(libc_a-closer.o)
                0x08000a14                _close_r
 .text._lseek_r
                0x08000a34       0x24 /opt/ST/STM32CubeCLT_1.16.0/GNU-tools-for-STM32/bin/../lib/gcc/arm-none-eabi/12.3.1/../../../../arm-none-eabi/lib/thumb/v7e-m+fp/hard/libc_nano.a(libc_a-lseekr.o)
                0x08000a34                _lseek_r
 .text._read_r  0x08000a58       0x24 /opt/ST/STM32CubeCLT_1.16.0/GNU-tools-for-STM32/bin/../lib/gcc/arm-none-eabi/12.3.1/../../../../arm-none-eabi/lib/thumb/v7e-m+fp/hard/libc_nano.a(libc_a-readr.o)
                0x08000a58                _read_r
 .text._sbrk_r  0x08000a7c       0x20 /opt/ST/STM32CubeCLT_1.16.0/GNU-tools-for-STM32/bin/../lib/gcc/arm-none-eabi/12.3.1/../../../../arm-none-eabi/lib/thumb/v7e-m+fp/hard/libc_nano.a(libc_a-sbrkr.o)
                0x08000a7c                _sbrk_r
 .text._write_r
                0x08000a9c       0x24 /opt/ST/STM32CubeCLT_1.16.0/GNU-tools-for-STM32/bin/../lib/gcc/arm-none-eabi/12.3.1/../../../../arm-none-eabi/lib/thumb/v7e-m+fp/hard/libc_nano.a(libc_a-writer.o)
                0x08000a9c                _write_r
 .text._free_r  0x08000ac0       0x94 /opt/ST/STM32CubeCLT_1.16.0/GNU-tools-for-STM32/bin/../lib/gcc/arm-none-eabi/12.3.1/../../../../arm-none-eabi/lib/thumb/v7e-m+fp/hard/libc_nano.a(libc_a-freer.o)
                0x08000ac0                _free_r
 .text.main     0x08000b54       0x98 CMakeFiles/F446RE.dir/Core/Src/main.c.obj
                0x08000b54                main
 .text.SystemClock_Config
                0x08000bec       0xdc CMakeFiles/F446RE.dir/Core/Src/main.c.obj
                0x08000bec                SystemClock_Config
 .text.MX_ADC1_Init
                0x08000cc8       0xa4 CMakeFiles/F446RE.dir/Core/Src/main.c.obj
 .text.MX_TIM1_Init
                0x08000d6c      0x188 CMakeFiles/F446RE.dir/Core/Src/main.c.obj
 .text.MX_TIM2_Init
                0x08000ef4       0xec CMakeFiles/F446RE.dir/Core/Src/main.c.obj
 .text.MX_TIM3_Init
                0x08000fe0      0x104 CMakeFiles/F446RE.dir/Core/Src/main.c.obj
 .text.MX_UART4_Init
                0x080010e4       0x54 CMakeFiles/F446RE.dir/Core/Src/main.c.obj
 .text.MX_USART6_UART_Init
                0x08001138       0x54 CMakeFiles/F446RE.dir/Core/Src/main.c.obj
 .text.MX_GPIO_Init
                0x0800118c      0x13c CMakeFiles/F446RE.dir/Core/Src/main.c.obj
 .text._write   0x080012c8       0x28 CMakeFiles/F446RE.dir/Core/Src/main.c.obj
                0x080012c8                _write
 .text.Error_Handler
                0x080012f0        0xc CMakeFiles/F446RE.dir/Core/Src/main.c.obj
                0x080012f0                Error_Handler
 .text.NMI_Handler
                0x080012fc        0x8 CMakeFiles/F446RE.dir/Core/Src/stm32f4xx_it.c.obj
                0x080012fc                NMI_Handler
 .text.HardFault_Handler
                0x08001304        0x8 CMakeFiles/F446RE.dir/Core/Src/stm32f4xx_it.c.obj
                0x08001304                HardFault_Handler
 .text.MemManage_Handler
                0x0800130c        0x8 CMakeFiles/F446RE.dir/Core/Src/stm32f4xx_it.c.obj
                0x0800130c                MemManage_Handler
 .text.BusFault_Handler
                0x08001314        0x8 CMakeFiles/F446RE.dir/Core/Src/stm32f4xx_it.c.obj
                0x08001314                BusFault_Handler
 .text.UsageFault_Handler
                0x0800131c        0x8 CMakeFiles/F446RE.dir/Core/Src/stm32f4xx_it.c.obj
                0x0800131c                UsageFault_Handler
 .text.SVC_Handler
                0x08001324        0xe CMakeFiles/F446RE.dir/Core/Src/stm32f4xx_it.c.obj
                0x08001324                SVC_Handler
 .text.DebugMon_Handler
                0x08001332        0xe CMakeFiles/F446RE.dir/Core/Src/stm32f4xx_it.c.obj
                0x08001332                DebugMon_Handler
 .text.PendSV_Handler
                0x08001340        0xe CMakeFiles/F446RE.dir/Core/Src/stm32f4xx_it.c.obj
                0x08001340                PendSV_Handler
 .text.SysTick_Handler
                0x0800134e        0xc CMakeFiles/F446RE.dir/Core/Src/stm32f4xx_it.c.obj
                0x0800134e                SysTick_Handler
 *fill*         0x0800135a        0x2 
 .text.HAL_MspInit
                0x0800135c       0x50 CMakeFiles/F446RE.dir/Core/Src/stm32f4xx_hal_msp.c.obj
                0x0800135c                HAL_MspInit
 .text.HAL_ADC_MspInit
                0x080013ac       0xf8 CMakeFiles/F446RE.dir/Core/Src/stm32f4xx_hal_msp.c.obj
                0x080013ac                HAL_ADC_MspInit
 .text.HAL_TIM_Base_MspInit
                0x080014a4       0x98 CMakeFiles/F446RE.dir/Core/Src/stm32f4xx_hal_msp.c.obj
                0x080014a4                HAL_TIM_Base_MspInit
 .text.HAL_TIM_MspPostInit
                0x0800153c      0x114 CMakeFiles/F446RE.dir/Core/Src/stm32f4xx_hal_msp.c.obj
                0x0800153c                HAL_TIM_MspPostInit
 .text.HAL_UART_MspInit
                0x08001650       0xf8 CMakeFiles/F446RE.dir/Core/Src/stm32f4xx_hal_msp.c.obj
                0x08001650                HAL_UART_MspInit
 .text.HAL_ADC_Init
                0x08001748       0x86 CMakeFiles/F446RE.dir/Drivers/STM32F4xx_HAL_Driver/Src/stm32f4xx_hal_adc.c.obj
                0x08001748                HAL_ADC_Init
 *fill*         0x080017ce        0x2 
 .text.HAL_ADC_ConfigChannel
                0x080017d0      0x264 CMakeFiles/F446RE.dir/Drivers/STM32F4xx_HAL_Driver/Src/stm32f4xx_hal_adc.c.obj
                0x080017d0                HAL_ADC_ConfigChannel
 .text.ADC_Init
                0x08001a34      0x1f8 CMakeFiles/F446RE.dir/Drivers/STM32F4xx_HAL_Driver/Src/stm32f4xx_hal_adc.c.obj
 .text.HAL_RCC_ClockConfig
                0x08001c2c      0x1cc CMakeFiles/F446RE.dir/Drivers/STM32F4xx_HAL_Driver/Src/stm32f4xx_hal_rcc.c.obj
                0x08001c2c                HAL_RCC_ClockConfig
 .text.HAL_RCC_GetHCLKFreq
                0x08001df8       0x18 CMakeFiles/F446RE.dir/Drivers/STM32F4xx_HAL_Driver/Src/stm32f4xx_hal_rcc.c.obj
                0x08001df8                HAL_RCC_GetHCLKFreq
 .text.HAL_RCC_GetPCLK1Freq
                0x08001e10       0x28 CMakeFiles/F446RE.dir/Drivers/STM32F4xx_HAL_Driver/Src/stm32f4xx_hal_rcc.c.obj
                0x08001e10                HAL_RCC_GetPCLK1Freq
 .text.HAL_RCC_GetPCLK2Freq
                0x08001e38       0x28 CMakeFiles/F446RE.dir/Drivers/STM32F4xx_HAL_Driver/Src/stm32f4xx_hal_rcc.c.obj
                0x08001e38                HAL_RCC_GetPCLK2Freq
 .text.HAL_RCC_GetSysClockFreq
                0x08001e60      0x45c CMakeFiles/F446RE.dir/Drivers/STM32F4xx_HAL_Driver/Src/stm32f4xx_hal_rcc_ex.c.obj
                0x08001e60                HAL_RCC_GetSysClockFreq
 .text.HAL_RCC_OscConfig
                0x080022bc      0x53c CMakeFiles/F446RE.dir/Drivers/STM32F4xx_HAL_Driver/Src/stm32f4xx_hal_rcc_ex.c.obj
                0x080022bc                HAL_RCC_OscConfig
 .text.HAL_GPIO_Init
                0x080027f8      0x328 CMakeFiles/F446RE.dir/Drivers/STM32F4xx_HAL_Driver/Src/stm32f4xx_hal_gpio.c.obj
                0x080027f8                HAL_GPIO_Init
 .text.HAL_GPIO_WritePin
                0x08002b20       0x32 CMakeFiles/F446RE.dir/Drivers/STM32F4xx_HAL_Driver/Src/stm32f4xx_hal_gpio.c.obj
                0x08002b20                HAL_GPIO_WritePin
 *fill*         0x08002b52        0x2 
 .text.__NVIC_SetPriorityGrouping
                0x08002b54       0x48 CMakeFiles/F446RE.dir/Drivers/STM32F4xx_HAL_Driver/Src/stm32f4xx_hal_cortex.c.obj
 .text.__NVIC_GetPriorityGrouping
                0x08002b9c       0x1c CMakeFiles/F446RE.dir/Drivers/STM32F4xx_HAL_Driver/Src/stm32f4xx_hal_cortex.c.obj
 .text.__NVIC_SetPriority
                0x08002bb8       0x54 CMakeFiles/F446RE.dir/Drivers/STM32F4xx_HAL_Driver/Src/stm32f4xx_hal_cortex.c.obj
 .text.NVIC_EncodePriority
                0x08002c0c       0x66 CMakeFiles/F446RE.dir/Drivers/STM32F4xx_HAL_Driver/Src/stm32f4xx_hal_cortex.c.obj
 *fill*         0x08002c72        0x2 
 .text.SysTick_Config
                0x08002c74       0x44 CMakeFiles/F446RE.dir/Drivers/STM32F4xx_HAL_Driver/Src/stm32f4xx_hal_cortex.c.obj
 .text.HAL_NVIC_SetPriorityGrouping
                0x08002cb8       0x16 CMakeFiles/F446RE.dir/Drivers/STM32F4xx_HAL_Driver/Src/stm32f4xx_hal_cortex.c.obj
                0x08002cb8                HAL_NVIC_SetPriorityGrouping
 .text.HAL_NVIC_SetPriority
                0x08002cce       0x38 CMakeFiles/F446RE.dir/Drivers/STM32F4xx_HAL_Driver/Src/stm32f4xx_hal_cortex.c.obj
                0x08002cce                HAL_NVIC_SetPriority
 .text.HAL_SYSTICK_Config
                0x08002d06       0x18 CMakeFiles/F446RE.dir/Drivers/STM32F4xx_HAL_Driver/Src/stm32f4xx_hal_cortex.c.obj
                0x08002d06                HAL_SYSTICK_Config
 *fill*         0x08002d1e        0x2 
 .text.HAL_Init
                0x08002d20       0x44 CMakeFiles/F446RE.dir/Drivers/STM32F4xx_HAL_Driver/Src/stm32f4xx_hal.c.obj
                0x08002d20                HAL_Init
 .text.HAL_InitTick
                0x08002d64       0x60 CMakeFiles/F446RE.dir/Drivers/STM32F4xx_HAL_Driver/Src/stm32f4xx_hal.c.obj
                0x08002d64                HAL_InitTick
 .text.HAL_IncTick
                0x08002dc4       0x28 CMakeFiles/F446RE.dir/Drivers/STM32F4xx_HAL_Driver/Src/stm32f4xx_hal.c.obj
                0x08002dc4                HAL_IncTick
 .text.HAL_GetTick
                0x08002dec       0x18 CMakeFiles/F446RE.dir/Drivers/STM32F4xx_HAL_Driver/Src/stm32f4xx_hal.c.obj
                0x08002dec                HAL_GetTick
 .text.HAL_Delay
                0x08002e04       0x48 CMakeFiles/F446RE.dir/Drivers/STM32F4xx_HAL_Driver/Src/stm32f4xx_hal.c.obj
                0x08002e04                HAL_Delay
 .text.HAL_TIM_Base_Init
                0x08002e4c       0x9e CMakeFiles/F446RE.dir/Drivers/STM32F4xx_HAL_Driver/Src/stm32f4xx_hal_tim.c.obj
                0x08002e4c                HAL_TIM_Base_Init
 .text.HAL_TIM_PWM_Init
                0x08002eea       0x9e CMakeFiles/F446RE.dir/Drivers/STM32F4xx_HAL_Driver/Src/stm32f4xx_hal_tim.c.obj
                0x08002eea                HAL_TIM_PWM_Init
 .text.HAL_TIM_PWM_MspInit
                0x08002f88       0x14 CMakeFiles/F446RE.dir/Drivers/STM32F4xx_HAL_Driver/Src/stm32f4xx_hal_tim.c.obj
                0x08002f88                HAL_TIM_PWM_MspInit
 .text.HAL_TIM_PWM_Start
                0x08002f9c      0x190 CMakeFiles/F446RE.dir/Drivers/STM32F4xx_HAL_Driver/Src/stm32f4xx_hal_tim.c.obj
                0x08002f9c                HAL_TIM_PWM_Start
 .text.HAL_TIM_PWM_ConfigChannel
                0x0800312c      0x184 CMakeFiles/F446RE.dir/Drivers/STM32F4xx_HAL_Driver/Src/stm32f4xx_hal_tim.c.obj
                0x0800312c                HAL_TIM_PWM_ConfigChannel
 .text.HAL_TIM_ConfigClockSource
                0x080032b0      0x18e CMakeFiles/F446RE.dir/Drivers/STM32F4xx_HAL_Driver/Src/stm32f4xx_hal_tim.c.obj
                0x080032b0                HAL_TIM_ConfigClockSource
 *fill*         0x0800343e        0x2 
 .text.TIM_Base_SetConfig
                0x08003440      0x158 CMakeFiles/F446RE.dir/Drivers/STM32F4xx_HAL_Driver/Src/stm32f4xx_hal_tim.c.obj
                0x08003440                TIM_Base_SetConfig
 .text.TIM_OC1_SetConfig
                0x08003598       0xe0 CMakeFiles/F446RE.dir/Drivers/STM32F4xx_HAL_Driver/Src/stm32f4xx_hal_tim.c.obj
 .text.TIM_OC2_SetConfig
                0x08003678       0xec CMakeFiles/F446RE.dir/Drivers/STM32F4xx_HAL_Driver/Src/stm32f4xx_hal_tim.c.obj
                0x08003678                TIM_OC2_SetConfig
 .text.TIM_OC3_SetConfig
                0x08003764       0xe8 CMakeFiles/F446RE.dir/Drivers/STM32F4xx_HAL_Driver/Src/stm32f4xx_hal_tim.c.obj
 .text.TIM_OC4_SetConfig
                0x0800384c       0xac CMakeFiles/F446RE.dir/Drivers/STM32F4xx_HAL_Driver/Src/stm32f4xx_hal_tim.c.obj
 .text.TIM_TI1_ConfigInputStage
                0x080038f8       0x5e CMakeFiles/F446RE.dir/Drivers/STM32F4xx_HAL_Driver/Src/stm32f4xx_hal_tim.c.obj
 .text.TIM_TI2_ConfigInputStage
                0x08003956       0x60 CMakeFiles/F446RE.dir/Drivers/STM32F4xx_HAL_Driver/Src/stm32f4xx_hal_tim.c.obj
 .text.TIM_ITRx_SetConfig
                0x080039b6       0x36 CMakeFiles/F446RE.dir/Drivers/STM32F4xx_HAL_Driver/Src/stm32f4xx_hal_tim.c.obj
 .text.TIM_ETR_SetConfig
                0x080039ec       0x40 CMakeFiles/F446RE.dir/Drivers/STM32F4xx_HAL_Driver/Src/stm32f4xx_hal_tim.c.obj
                0x080039ec                TIM_ETR_SetConfig
 .text.TIM_CCxChannelCmd
                0x08003a2c       0x4a CMakeFiles/F446RE.dir/Drivers/STM32F4xx_HAL_Driver/Src/stm32f4xx_hal_tim.c.obj
                0x08003a2c                TIM_CCxChannelCmd
 *fill*         0x08003a76        0x2 
 .text.HAL_TIMEx_MasterConfigSynchronization
                0x08003a78       0xf8 CMakeFiles/F446RE.dir/Drivers/STM32F4xx_HAL_Driver/Src/stm32f4xx_hal_tim_ex.c.obj
                0x08003a78                HAL_TIMEx_MasterConfigSynchronization
 .text.HAL_TIMEx_ConfigBreakDeadTime
                0x08003b70       0xa4 CMakeFiles/F446RE.dir/Drivers/STM32F4xx_HAL_Driver/Src/stm32f4xx_hal_tim_ex.c.obj
                0x08003b70                HAL_TIMEx_ConfigBreakDeadTime
 .text.HAL_UART_Init
                0x08003c14       0xa0 CMakeFiles/F446RE.dir/Drivers/STM32F4xx_HAL_Driver/Src/stm32f4xx_hal_uart.c.obj
                0x08003c14                HAL_UART_Init
 .text.HAL_HalfDuplex_Init
                0x08003cb4       0xb0 CMakeFiles/F446RE.dir/Drivers/STM32F4xx_HAL_Driver/Src/stm32f4xx_hal_uart.c.obj
                0x08003cb4                HAL_HalfDuplex_Init
 .text.HAL_UART_Transmit
                0x08003d64      0x116 CMakeFiles/F446RE.dir/Drivers/STM32F4xx_HAL_Driver/Src/stm32f4xx_hal_uart.c.obj
                0x08003d64                HAL_UART_Transmit
 .text.UART_WaitOnFlagUntilTimeout
                0x08003e7a       0xb2 CMakeFiles/F446RE.dir/Drivers/STM32F4xx_HAL_Driver/Src/stm32f4xx_hal_uart.c.obj
 .text.UART_EndRxTransfer
                0x08003f2c       0xc6 CMakeFiles/F446RE.dir/Drivers/STM32F4xx_HAL_Driver/Src/stm32f4xx_hal_uart.c.obj
 *fill*         0x08003ff2        0x2 
 .text.UART_SetConfig
                0x08003ff4      0x4e8 CMakeFiles/F446RE.dir/Drivers/STM32F4xx_HAL_Driver/Src/stm32f4xx_hal_uart.c.obj
 .text.SystemInit
                0x080044dc       0x24 CMakeFiles/F446RE.dir/Core/Src/system_stm32f4xx.c.obj
                0x080044dc                SystemInit
 .text._sbrk    0x08004500       0x6c CMakeFiles/F446RE.dir/Core/Src/sysmem.c.obj
                0x08004500                _sbrk
 .text._read    0x0800456c       0x3a CMakeFiles/F446RE.dir/Core/Src/syscalls.c.obj
                0x0800456c                _read
 .text._close   0x080045a6       0x18 CMakeFiles/F446RE.dir/Core/Src/syscalls.c.obj
                0x080045a6                _close
 .text._fstat   0x080045be       0x20 CMakeFiles/F446RE.dir/Core/Src/syscalls.c.obj
                0x080045be                _fstat
 .text._isatty  0x080045de       0x16 CMakeFiles/F446RE.dir/Core/Src/syscalls.c.obj
                0x080045de                _isatty
 .text._lseek   0x080045f4       0x1a CMakeFiles/F446RE.dir/Core/Src/syscalls.c.obj
                0x080045f4                _lseek
 *fill*         0x0800460e        0x2 
 .text.Reset_Handler
                0x08004610       0x50 CMakeFiles/F446RE.dir/startup_stm32f446xx.s.obj
                0x08004610                Reset_Handler
 .text.Default_Handler
                0x08004660        0x2 CMakeFiles/F446RE.dir/startup_stm32f446xx.s.obj
                0x08004660                DMA1_Stream3_IRQHandler
                0x08004660                EXTI2_IRQHandler
                0x08004660                TIM8_CC_IRQHandler
                0x08004660                FMPI2C1_EV_IRQHandler
                0x08004660                SPI4_IRQHandler
                0x08004660                TIM1_CC_IRQHandler
                0x08004660                DMA2_Stream5_IRQHandler
                0x08004660                DMA1_Stream5_IRQHandler
                0x08004660                PVD_IRQHandler
                0x08004660                SDIO_IRQHandler
                0x08004660                TAMP_STAMP_IRQHandler
                0x08004660                CAN2_RX1_IRQHandler
                0x08004660                EXTI3_IRQHandler
                0x08004660                TIM8_TRG_COM_TIM14_IRQHandler
                0x08004660                TIM1_UP_TIM10_IRQHandler
                0x08004660                TIM8_UP_TIM13_IRQHandler
                0x08004660                I2C3_ER_IRQHandler
                0x08004660                EXTI0_IRQHandler
                0x08004660                I2C2_EV_IRQHandler
                0x08004660                DMA1_Stream2_IRQHandler
                0x08004660                CAN1_RX0_IRQHandler
                0x08004660                FPU_IRQHandler
                0x08004660                OTG_HS_WKUP_IRQHandler
                0x08004660                CAN2_SCE_IRQHandler
                0x08004660                DMA2_Stream2_IRQHandler
                0x08004660                SPI1_IRQHandler
                0x08004660                TIM6_DAC_IRQHandler
                0x08004660                TIM1_BRK_TIM9_IRQHandler
                0x08004660                DCMI_IRQHandler
                0x08004660                CAN2_RX0_IRQHandler
                0x08004660                DMA2_Stream3_IRQHandler
                0x08004660                SAI2_IRQHandler
                0x08004660                USART6_IRQHandler
                0x08004660                USART3_IRQHandler
                0x08004660                CAN1_RX1_IRQHandler
                0x08004660                UART5_IRQHandler
                0x08004660                DMA2_Stream0_IRQHandler
                0x08004660                TIM4_IRQHandler
                0x08004660                QUADSPI_IRQHandler
                0x08004660                I2C1_EV_IRQHandler
                0x08004660                DMA1_Stream6_IRQHandler
                0x08004660                DMA1_Stream1_IRQHandler
                0x08004660                UART4_IRQHandler
                0x08004660                TIM3_IRQHandler
                0x08004660                RCC_IRQHandler
                0x08004660                TIM8_BRK_TIM12_IRQHandler
                0x08004660                Default_Handler
                0x08004660                CEC_IRQHandler
                0x08004660                EXTI15_10_IRQHandler
                0x08004660                ADC_IRQHandler
                0x08004660                DMA1_Stream7_IRQHandler
                0x08004660                TIM7_IRQHandler
                0x08004660                CAN2_TX_IRQHandler
                0x08004660                TIM5_IRQHandler
                0x08004660                DMA2_Stream7_IRQHandler
                0x08004660                I2C3_EV_IRQHandler
                0x08004660                EXTI9_5_IRQHandler
                0x08004660                RTC_WKUP_IRQHandler
                0x08004660                SPDIF_RX_IRQHandler
                0x08004660                SPI2_IRQHandler
                0x08004660                OTG_HS_EP1_IN_IRQHandler
                0x08004660                DMA1_Stream0_IRQHandler
                0x08004660                CAN1_TX_IRQHandler
                0x08004660                FMPI2C1_ER_IRQHandler
                0x08004660                EXTI4_IRQHandler
                0x08004660                OTG_HS_EP1_OUT_IRQHandler
                0x08004660                WWDG_IRQHandler
                0x08004660                TIM2_IRQHandler
                0x08004660                OTG_FS_WKUP_IRQHandler
                0x08004660                TIM1_TRG_COM_TIM11_IRQHandler
                0x08004660                OTG_HS_IRQHandler
                0x08004660                EXTI1_IRQHandler
                0x08004660                USART2_IRQHandler
                0x08004660                I2C2_ER_IRQHandler
                0x08004660                DMA2_Stream1_IRQHandler
                0x08004660                CAN1_SCE_IRQHandler
                0x08004660                FLASH_IRQHandler
                0x08004660                DMA2_Stream4_IRQHandler
                0x08004660                USART1_IRQHandler
                0x08004660                OTG_FS_IRQHandler
                0x08004660                SPI3_IRQHandler
                0x08004660                DMA1_Stream4_IRQHandler
                0x08004660                I2C1_ER_IRQHandler
                0x08004660                FMC_IRQHandler
                0x08004660                DMA2_Stream6_IRQHandler
                0x08004660                SAI1_IRQHandler
                0x08004660                RTC_Alarm_IRQHandler
 .text.setbuf   0x08004662       0x10 /opt/ST/STM32CubeCLT_1.16.0/GNU-tools-for-STM32/bin/../lib/gcc/arm-none-eabi/12.3.1/../../../../arm-none-eabi/lib/thumb/v7e-m+fp/hard/libg_nano.a(libc_a-setbuf.o)
                0x08004662                setbuf
 *fill*         0x08004672        0x2 
 .text.setvbuf  0x08004674      0x168 /opt/ST/STM32CubeCLT_1.16.0/GNU-tools-for-STM32/bin/../lib/gcc/arm-none-eabi/12.3.1/../../../../arm-none-eabi/lib/thumb/v7e-m+fp/hard/libg_nano.a(libc_a-setvbuf.o)
                0x08004674                setvbuf
 .text.__swhatbuf_r
                0x080047dc       0x4c /opt/ST/STM32CubeCLT_1.16.0/GNU-tools-for-STM32/bin/../lib/gcc/arm-none-eabi/12.3.1/../../../../arm-none-eabi/lib/thumb/v7e-m+fp/hard/libg_nano.a(libc_a-makebuf.o)
                0x080047dc                __swhatbuf_r
 .text.__smakebuf_r
                0x08004828       0x78 /opt/ST/STM32CubeCLT_1.16.0/GNU-tools-for-STM32/bin/../lib/gcc/arm-none-eabi/12.3.1/../../../../arm-none-eabi/lib/thumb/v7e-m+fp/hard/libg_nano.a(libc_a-makebuf.o)
                0x08004828                __smakebuf_r
 .text._puts_r  0x080048a0       0xaa /opt/ST/STM32CubeCLT_1.16.0/GNU-tools-for-STM32/bin/../lib/gcc/arm-none-eabi/12.3.1/../../../../arm-none-eabi/lib/thumb/v7e-m+fp/hard/libg_nano.a(libc_a-puts.o)
                0x080048a0                _puts_r
 *fill*         0x0800494a        0x2 
 .text.puts     0x0800494c       0x10 /opt/ST/STM32CubeCLT_1.16.0/GNU-tools-for-STM32/bin/../lib/gcc/arm-none-eabi/12.3.1/../../../../arm-none-eabi/lib/thumb/v7e-m+fp/hard/libg_nano.a(libc_a-puts.o)
                0x0800494c                puts
 .text._fstat_r
                0x0800495c       0x24 /opt/ST/STM32CubeCLT_1.16.0/GNU-tools-for-STM32/bin/../lib/gcc/arm-none-eabi/12.3.1/../../../../arm-none-eabi/lib/thumb/v7e-m+fp/hard/libg_nano.a(libc_a-fstatr.o)
                0x0800495c                _fstat_r
 .text._isatty_r
                0x08004980       0x20 /opt/ST/STM32CubeCLT_1.16.0/GNU-tools-for-STM32/bin/../lib/gcc/arm-none-eabi/12.3.1/../../../../arm-none-eabi/lib/thumb/v7e-m+fp/hard/libg_nano.a(libc_a-isattyr.o)
                0x08004980                _isatty_r
 .text.__errno  0x080049a0        0xc /opt/ST/STM32CubeCLT_1.16.0/GNU-tools-for-STM32/bin/../lib/gcc/arm-none-eabi/12.3.1/../../../../arm-none-eabi/lib/thumb/v7e-m+fp/hard/libg_nano.a(libc_a-errno.o)
                0x080049a0                __errno
 .text.malloc   0x080049ac       0x10 /opt/ST/STM32CubeCLT_1.16.0/GNU-tools-for-STM32/bin/../lib/gcc/arm-none-eabi/12.3.1/../../../../arm-none-eabi/lib/thumb/v7e-m+fp/hard/libg_nano.a(libc_a-malloc.o)
                0x080049ac                malloc
 .text.__swbuf_r
                0x080049bc       0x7c /opt/ST/STM32CubeCLT_1.16.0/GNU-tools-for-STM32/bin/../lib/gcc/arm-none-eabi/12.3.1/../../../../arm-none-eabi/lib/thumb/v7e-m+fp/hard/libg_nano.a(libc_a-wbuf.o)
                0x080049bc                __swbuf_r
 .text.__swsetup_r
                0x08004a38       0xac /opt/ST/STM32CubeCLT_1.16.0/GNU-tools-for-STM32/bin/../lib/gcc/arm-none-eabi/12.3.1/../../../../arm-none-eabi/lib/thumb/v7e-m+fp/hard/libg_nano.a(libc_a-wsetup.o)
                0x08004a38                __swsetup_r
 *(.glue_7)
 .glue_7        0x08004ae4        0x0 linker stubs
 *(.glue_7t)
 .glue_7t       0x08004ae4        0x0 linker stubs
 *(.eh_frame)
 .eh_frame      0x08004ae4        0x0 /opt/ST/STM32CubeCLT_1.16.0/GNU-tools-for-STM32/bin/../lib/gcc/arm-none-eabi/12.3.1/thumb/v7e-m+fp/hard/crtbegin.o
 *(.init)
 .init          0x08004ae4        0x4 /opt/ST/STM32CubeCLT_1.16.0/GNU-tools-for-STM32/bin/../lib/gcc/arm-none-eabi/12.3.1/thumb/v7e-m+fp/hard/crti.o
                0x08004ae4                _init
 .init          0x08004ae8        0x8 /opt/ST/STM32CubeCLT_1.16.0/GNU-tools-for-STM32/bin/../lib/gcc/arm-none-eabi/12.3.1/thumb/v7e-m+fp/hard/crtn.o
 *(.fini)
 .fini          0x08004af0        0x4 /opt/ST/STM32CubeCLT_1.16.0/GNU-tools-for-STM32/bin/../lib/gcc/arm-none-eabi/12.3.1/thumb/v7e-m+fp/hard/crti.o
                0x08004af0                _fini
 .fini          0x08004af4        0x8 /opt/ST/STM32CubeCLT_1.16.0/GNU-tools-for-STM32/bin/../lib/gcc/arm-none-eabi/12.3.1/thumb/v7e-m+fp/hard/crtn.o
                0x08004afc                        . = ALIGN (0x4)
                0x08004afc                        _etext = .

.vfp11_veneer   0x08004afc        0x0
 .vfp11_veneer  0x08004afc        0x0 linker stubs

.v4_bx          0x08004afc        0x0
 .v4_bx         0x08004afc        0x0 linker stubs

.iplt           0x08004afc        0x0
 .iplt          0x08004afc        0x0 /opt/ST/STM32CubeCLT_1.16.0/GNU-tools-for-STM32/bin/../lib/gcc/arm-none-eabi/12.3.1/thumb/v7e-m+fp/hard/crtbegin.o

.rodata         0x08004afc       0x28
                0x08004afc                        . = ALIGN (0x4)
 *(.rodata)
 .rodata        0x08004afc        0xf CMakeFiles/F446RE.dir/Core/Src/main.c.obj
 *(.rodata*)
 *fill*         0x08004b0b        0x1 
 .rodata.AHBPrescTable
                0x08004b0c       0x10 CMakeFiles/F446RE.dir/Core/Src/system_stm32f4xx.c.obj
                0x08004b0c                AHBPrescTable
 .rodata.APBPrescTable
                0x08004b1c        0x8 CMakeFiles/F446RE.dir/Core/Src/system_stm32f4xx.c.obj
                0x08004b1c                APBPrescTable
                0x08004b24                        . = ALIGN (0x4)

.ARM.extab
 *(.ARM.extab* .gnu.linkonce.armextab.*)

.ARM            0x08004b24        0x8
                0x08004b24                        __exidx_start = .
 *(.ARM.exidx*)
 .ARM.exidx     0x08004b24        0x8 /opt/ST/STM32CubeCLT_1.16.0/GNU-tools-for-STM32/bin/../lib/gcc/arm-none-eabi/12.3.1/thumb/v7e-m+fp/hard/libgcc.a(_udivmoddi4.o)
                0x08004b2c                        __exidx_end = .

.rel.dyn        0x08004b2c        0x0
 .rel.iplt      0x08004b2c        0x0 /opt/ST/STM32CubeCLT_1.16.0/GNU-tools-for-STM32/bin/../lib/gcc/arm-none-eabi/12.3.1/thumb/v7e-m+fp/hard/crtbegin.o

.preinit_array  0x08004b2c        0x0
                0x08004b2c                        PROVIDE (__preinit_array_start = .)
 *(.preinit_array*)
                0x08004b2c                        PROVIDE (__preinit_array_end = .)

.init_array     0x08004b2c        0x4
                0x08004b2c                        PROVIDE (__init_array_start = .)
 *(SORT_BY_NAME(.init_array.*))
 *(.init_array*)
 .init_array    0x08004b2c        0x4 /opt/ST/STM32CubeCLT_1.16.0/GNU-tools-for-STM32/bin/../lib/gcc/arm-none-eabi/12.3.1/thumb/v7e-m+fp/hard/crtbegin.o
                0x08004b30                        PROVIDE (__init_array_end = .)

.fini_array     0x08004b30        0x4
                [!provide]                        PROVIDE (__fini_array_start = .)
 *(SORT_BY_NAME(.fini_array.*))
 *(.fini_array*)
 .fini_array    0x08004b30        0x4 /opt/ST/STM32CubeCLT_1.16.0/GNU-tools-for-STM32/bin/../lib/gcc/arm-none-eabi/12.3.1/thumb/v7e-m+fp/hard/crtbegin.o
                [!provide]                        PROVIDE (__fini_array_end = .)
                0x08004b34                        _sidata = LOADADDR (.data)

.data           0x20000000       0x68 load address 0x08004b34
                0x20000000                        . = ALIGN (0x4)
                0x20000000                        _sdata = .
 *(.data)
 *(.data*)
 .data.__sglue  0x20000000        0xc /opt/ST/STM32CubeCLT_1.16.0/GNU-tools-for-STM32/bin/../lib/gcc/arm-none-eabi/12.3.1/../../../../arm-none-eabi/lib/thumb/v7e-m+fp/hard/libc_nano.a(libc_a-findfp.o)
                0x20000000                __sglue
 .data._impure_ptr
                0x2000000c        0x4 /opt/ST/STM32CubeCLT_1.16.0/GNU-tools-for-STM32/bin/../lib/gcc/arm-none-eabi/12.3.1/../../../../arm-none-eabi/lib/thumb/v7e-m+fp/hard/libc_nano.a(libc_a-impure.o)
                0x2000000c                _impure_ptr
 .data._impure_data
                0x20000010       0x4c /opt/ST/STM32CubeCLT_1.16.0/GNU-tools-for-STM32/bin/../lib/gcc/arm-none-eabi/12.3.1/../../../../arm-none-eabi/lib/thumb/v7e-m+fp/hard/libc_nano.a(libc_a-impure.o)
                0x20000010                _impure_data
 .data.uwTickPrio
                0x2000005c        0x4 CMakeFiles/F446RE.dir/Drivers/STM32F4xx_HAL_Driver/Src/stm32f4xx_hal.c.obj
                0x2000005c                uwTickPrio
 .data.uwTickFreq
                0x20000060        0x1 CMakeFiles/F446RE.dir/Drivers/STM32F4xx_HAL_Driver/Src/stm32f4xx_hal.c.obj
                0x20000060                uwTickFreq
 *fill*         0x20000061        0x3 
 .data.SystemCoreClock
                0x20000064        0x4 CMakeFiles/F446RE.dir/Core/Src/system_stm32f4xx.c.obj
                0x20000064                SystemCoreClock
                0x20000068                        . = ALIGN (0x4)
                0x20000068                        _edata = .

.igot.plt       0x20000068        0x0 load address 0x08004b9c
 .igot.plt      0x20000068        0x0 /opt/ST/STM32CubeCLT_1.16.0/GNU-tools-for-STM32/bin/../lib/gcc/arm-none-eabi/12.3.1/thumb/v7e-m+fp/hard/crtbegin.o
                0x20000068                        . = ALIGN (0x4)

.bss            0x20000068      0x320 load address 0x08004b9c
                0x20000068                        _sbss = .
                0x20000068                        __bss_start__ = _sbss
 *(.bss)
 .bss           0x20000068       0x1c /opt/ST/STM32CubeCLT_1.16.0/GNU-tools-for-STM32/bin/../lib/gcc/arm-none-eabi/12.3.1/thumb/v7e-m+fp/hard/crtbegin.o
 *(.bss*)
 .bss.__sf      0x20000084      0x138 /opt/ST/STM32CubeCLT_1.16.0/GNU-tools-for-STM32/bin/../lib/gcc/arm-none-eabi/12.3.1/../../../../arm-none-eabi/lib/thumb/v7e-m+fp/hard/libc_nano.a(libc_a-findfp.o)
                0x20000084                __sf
 .bss.__stdio_exit_handler
                0x200001bc        0x4 /opt/ST/STM32CubeCLT_1.16.0/GNU-tools-for-STM32/bin/../lib/gcc/arm-none-eabi/12.3.1/../../../../arm-none-eabi/lib/thumb/v7e-m+fp/hard/libc_nano.a(libc_a-findfp.o)
                0x200001bc                __stdio_exit_handler
 .bss.__lock___malloc_recursive_mutex
                0x200001c0        0x1 /opt/ST/STM32CubeCLT_1.16.0/GNU-tools-for-STM32/bin/../lib/gcc/arm-none-eabi/12.3.1/../../../../arm-none-eabi/lib/thumb/v7e-m+fp/hard/libc_nano.a(libc_a-lock.o)
                0x200001c0                __lock___malloc_recursive_mutex
 .bss.__lock___sfp_recursive_mutex
                0x200001c1        0x1 /opt/ST/STM32CubeCLT_1.16.0/GNU-tools-for-STM32/bin/../lib/gcc/arm-none-eabi/12.3.1/../../../../arm-none-eabi/lib/thumb/v7e-m+fp/hard/libc_nano.a(libc_a-lock.o)
                0x200001c1                __lock___sfp_recursive_mutex
 *fill*         0x200001c2        0x2 
 .bss.__malloc_sbrk_start
                0x200001c4        0x4 /opt/ST/STM32CubeCLT_1.16.0/GNU-tools-for-STM32/bin/../lib/gcc/arm-none-eabi/12.3.1/../../../../arm-none-eabi/lib/thumb/v7e-m+fp/hard/libc_nano.a(libc_a-mallocr.o)
                0x200001c4                __malloc_sbrk_start
 .bss.__malloc_free_list
                0x200001c8        0x4 /opt/ST/STM32CubeCLT_1.16.0/GNU-tools-for-STM32/bin/../lib/gcc/arm-none-eabi/12.3.1/../../../../arm-none-eabi/lib/thumb/v7e-m+fp/hard/libc_nano.a(libc_a-mallocr.o)
                0x200001c8                __malloc_free_list
 .bss.errno     0x200001cc        0x4 /opt/ST/STM32CubeCLT_1.16.0/GNU-tools-for-STM32/bin/../lib/gcc/arm-none-eabi/12.3.1/../../../../arm-none-eabi/lib/thumb/v7e-m+fp/hard/libc_nano.a(libc_a-reent.o)
                0x200001cc                errno
 .bss.hadc1     0x200001d0       0x48 CMakeFiles/F446RE.dir/Core/Src/main.c.obj
                0x200001d0                hadc1
 .bss.htim1     0x20000218       0x48 CMakeFiles/F446RE.dir/Core/Src/main.c.obj
                0x20000218                htim1
 .bss.htim2     0x20000260       0x48 CMakeFiles/F446RE.dir/Core/Src/main.c.obj
                0x20000260                htim2
 .bss.htim3     0x200002a8       0x48 CMakeFiles/F446RE.dir/Core/Src/main.c.obj
                0x200002a8                htim3
 .bss.huart4    0x200002f0       0x48 CMakeFiles/F446RE.dir/Core/Src/main.c.obj
                0x200002f0                huart4
 .bss.huart6    0x20000338       0x48 CMakeFiles/F446RE.dir/Core/Src/main.c.obj
                0x20000338                huart6
 .bss.uwTick    0x20000380        0x4 CMakeFiles/F446RE.dir/Drivers/STM32F4xx_HAL_Driver/Src/stm32f4xx_hal.c.obj
                0x20000380                uwTick
 .bss.__sbrk_heap_end
                0x20000384        0x4 CMakeFiles/F446RE.dir/Core/Src/sysmem.c.obj
 *(COMMON)
                0x20000388                        . = ALIGN (0x4)
                0x20000388                        _ebss = .
                0x20000388                        __bss_end__ = _ebss

._user_heap_stack
                0x20000388      0x600 load address 0x08004b9c
                0x20000388                        . = ALIGN (0x8)
                [!provide]                        PROVIDE (end = .)
                0x20000388                        PROVIDE (_end = .)
                0x20000588                        . = (. + _Min_Heap_Size)
 *fill*         0x20000388      0x200 
                0x20000988                        . = (. + _Min_Stack_Size)
 *fill*         0x20000588      0x400 
                0x20000988                        . = ALIGN (0x8)

/DISCARD/
 libc.a(*)
 libm.a(*)
 libgcc.a(*)

.ARM.attributes
                0x00000000       0x30
 *(.ARM.attributes)
 .ARM.attributes
                0x00000000       0x22 /opt/ST/STM32CubeCLT_1.16.0/GNU-tools-for-STM32/bin/../lib/gcc/arm-none-eabi/12.3.1/thumb/v7e-m+fp/hard/crti.o
 .ARM.attributes
                0x00000022       0x34 /opt/ST/STM32CubeCLT_1.16.0/GNU-tools-for-STM32/bin/../lib/gcc/arm-none-eabi/12.3.1/thumb/v7e-m+fp/hard/crtbegin.o
 .ARM.attributes
                0x00000056       0x34 /opt/ST/STM32CubeCLT_1.16.0/GNU-tools-for-STM32/bin/../lib/gcc/arm-none-eabi/12.3.1/../../../../arm-none-eabi/lib/thumb/v7e-m+fp/hard/libc_nano.a(libc_a-findfp.o)
 .ARM.attributes
                0x0000008a       0x34 /opt/ST/STM32CubeCLT_1.16.0/GNU-tools-for-STM32/bin/../lib/gcc/arm-none-eabi/12.3.1/../../../../arm-none-eabi/lib/thumb/v7e-m+fp/hard/libc_nano.a(libc_a-fwalk.o)
 .ARM.attributes
                0x000000be       0x34 /opt/ST/STM32CubeCLT_1.16.0/GNU-tools-for-STM32/bin/../lib/gcc/arm-none-eabi/12.3.1/../../../../arm-none-eabi/lib/thumb/v7e-m+fp/hard/libc_nano.a(libc_a-memset.o)
 .ARM.attributes
                0x000000f2       0x34 /opt/ST/STM32CubeCLT_1.16.0/GNU-tools-for-STM32/bin/../lib/gcc/arm-none-eabi/12.3.1/../../../../arm-none-eabi/lib/thumb/v7e-m+fp/hard/libc_nano.a(libc_a-impure.o)
 .ARM.attributes
                0x00000126       0x34 /opt/ST/STM32CubeCLT_1.16.0/GNU-tools-for-STM32/bin/../lib/gcc/arm-none-eabi/12.3.1/../../../../arm-none-eabi/lib/thumb/v7e-m+fp/hard/libc_nano.a(libc_a-init.o)
 .ARM.attributes
                0x0000015a       0x34 /opt/ST/STM32CubeCLT_1.16.0/GNU-tools-for-STM32/bin/../lib/gcc/arm-none-eabi/12.3.1/../../../../arm-none-eabi/lib/thumb/v7e-m+fp/hard/libc_nano.a(libc_a-lock.o)
 .ARM.attributes
                0x0000018e       0x34 /opt/ST/STM32CubeCLT_1.16.0/GNU-tools-for-STM32/bin/../lib/gcc/arm-none-eabi/12.3.1/../../../../arm-none-eabi/lib/thumb/v7e-m+fp/hard/libc_nano.a(libc_a-mallocr.o)
 .ARM.attributes
                0x000001c2       0x34 /opt/ST/STM32CubeCLT_1.16.0/GNU-tools-for-STM32/bin/../lib/gcc/arm-none-eabi/12.3.1/../../../../arm-none-eabi/lib/thumb/v7e-m+fp/hard/libc_nano.a(libc_a-fflush.o)
 .ARM.attributes
                0x000001f6       0x34 /opt/ST/STM32CubeCLT_1.16.0/GNU-tools-for-STM32/bin/../lib/gcc/arm-none-eabi/12.3.1/../../../../arm-none-eabi/lib/thumb/v7e-m+fp/hard/libc_nano.a(libc_a-mlock.o)
 .ARM.attributes
                0x0000022a       0x34 /opt/ST/STM32CubeCLT_1.16.0/GNU-tools-for-STM32/bin/../lib/gcc/arm-none-eabi/12.3.1/../../../../arm-none-eabi/lib/thumb/v7e-m+fp/hard/libc_nano.a(libc_a-stdio.o)
 .ARM.attributes
                0x0000025e       0x34 /opt/ST/STM32CubeCLT_1.16.0/GNU-tools-for-STM32/bin/../lib/gcc/arm-none-eabi/12.3.1/../../../../arm-none-eabi/lib/thumb/v7e-m+fp/hard/libc_nano.a(libc_a-closer.o)
 .ARM.attributes
                0x00000292       0x34 /opt/ST/STM32CubeCLT_1.16.0/GNU-tools-for-STM32/bin/../lib/gcc/arm-none-eabi/12.3.1/../../../../arm-none-eabi/lib/thumb/v7e-m+fp/hard/libc_nano.a(libc_a-reent.o)
 .ARM.attributes
                0x000002c6       0x34 /opt/ST/STM32CubeCLT_1.16.0/GNU-tools-for-STM32/bin/../lib/gcc/arm-none-eabi/12.3.1/../../../../arm-none-eabi/lib/thumb/v7e-m+fp/hard/libc_nano.a(libc_a-lseekr.o)
 .ARM.attributes
                0x000002fa       0x34 /opt/ST/STM32CubeCLT_1.16.0/GNU-tools-for-STM32/bin/../lib/gcc/arm-none-eabi/12.3.1/../../../../arm-none-eabi/lib/thumb/v7e-m+fp/hard/libc_nano.a(libc_a-readr.o)
 .ARM.attributes
                0x0000032e       0x34 /opt/ST/STM32CubeCLT_1.16.0/GNU-tools-for-STM32/bin/../lib/gcc/arm-none-eabi/12.3.1/../../../../arm-none-eabi/lib/thumb/v7e-m+fp/hard/libc_nano.a(libc_a-sbrkr.o)
 .ARM.attributes
                0x00000362       0x34 /opt/ST/STM32CubeCLT_1.16.0/GNU-tools-for-STM32/bin/../lib/gcc/arm-none-eabi/12.3.1/../../../../arm-none-eabi/lib/thumb/v7e-m+fp/hard/libc_nano.a(libc_a-writer.o)
 .ARM.attributes
                0x00000396       0x34 /opt/ST/STM32CubeCLT_1.16.0/GNU-tools-for-STM32/bin/../lib/gcc/arm-none-eabi/12.3.1/../../../../arm-none-eabi/lib/thumb/v7e-m+fp/hard/libc_nano.a(libc_a-freer.o)
 .ARM.attributes
                0x000003ca       0x34 CMakeFiles/F446RE.dir/Core/Src/main.c.obj
 .ARM.attributes
                0x000003fe       0x34 CMakeFiles/F446RE.dir/Core/Src/stm32f4xx_it.c.obj
 .ARM.attributes
                0x00000432       0x34 CMakeFiles/F446RE.dir/Core/Src/stm32f4xx_hal_msp.c.obj
 .ARM.attributes
                0x00000466       0x34 CMakeFiles/F446RE.dir/Drivers/STM32F4xx_HAL_Driver/Src/stm32f4xx_hal_adc.c.obj
 .ARM.attributes
                0x0000049a       0x34 CMakeFiles/F446RE.dir/Drivers/STM32F4xx_HAL_Driver/Src/stm32f4xx_hal_rcc.c.obj
 .ARM.attributes
                0x000004ce       0x34 CMakeFiles/F446RE.dir/Drivers/STM32F4xx_HAL_Driver/Src/stm32f4xx_hal_rcc_ex.c.obj
 .ARM.attributes
                0x00000502       0x34 CMakeFiles/F446RE.dir/Drivers/STM32F4xx_HAL_Driver/Src/stm32f4xx_hal_gpio.c.obj
 .ARM.attributes
                0x00000536       0x34 CMakeFiles/F446RE.dir/Drivers/STM32F4xx_HAL_Driver/Src/stm32f4xx_hal_cortex.c.obj
 .ARM.attributes
                0x0000056a       0x34 CMakeFiles/F446RE.dir/Drivers/STM32F4xx_HAL_Driver/Src/stm32f4xx_hal.c.obj
 .ARM.attributes
                0x0000059e       0x34 CMakeFiles/F446RE.dir/Drivers/STM32F4xx_HAL_Driver/Src/stm32f4xx_hal_tim.c.obj
 .ARM.attributes
                0x000005d2       0x34 CMakeFiles/F446RE.dir/Drivers/STM32F4xx_HAL_Driver/Src/stm32f4xx_hal_tim_ex.c.obj
 .ARM.attributes
                0x00000606       0x34 CMakeFiles/F446RE.dir/Drivers/STM32F4xx_HAL_Driver/Src/stm32f4xx_hal_uart.c.obj
 .ARM.attributes
                0x0000063a       0x34 CMakeFiles/F446RE.dir/Core/Src/system_stm32f4xx.c.obj
 .ARM.attributes
                0x0000066e       0x34 CMakeFiles/F446RE.dir/Core/Src/sysmem.c.obj
 .ARM.attributes
                0x000006a2       0x34 CMakeFiles/F446RE.dir/Core/Src/syscalls.c.obj
 .ARM.attributes
                0x000006d6       0x21 CMakeFiles/F446RE.dir/startup_stm32f446xx.s.obj
 .ARM.attributes
                0x000006f7       0x22 /opt/ST/STM32CubeCLT_1.16.0/GNU-tools-for-STM32/bin/../lib/gcc/arm-none-eabi/12.3.1/thumb/v7e-m+fp/hard/libgcc.a(_aeabi_uldivmod.o)
 .ARM.attributes
                0x00000719       0x34 /opt/ST/STM32CubeCLT_1.16.0/GNU-tools-for-STM32/bin/../lib/gcc/arm-none-eabi/12.3.1/thumb/v7e-m+fp/hard/libgcc.a(_udivmoddi4.o)
 .ARM.attributes
                0x0000074d       0x22 /opt/ST/STM32CubeCLT_1.16.0/GNU-tools-for-STM32/bin/../lib/gcc/arm-none-eabi/12.3.1/thumb/v7e-m+fp/hard/libgcc.a(_dvmd_tls.o)
 .ARM.attributes
                0x0000076f       0x34 /opt/ST/STM32CubeCLT_1.16.0/GNU-tools-for-STM32/bin/../lib/gcc/arm-none-eabi/12.3.1/../../../../arm-none-eabi/lib/thumb/v7e-m+fp/hard/libg_nano.a(libc_a-setbuf.o)
 .ARM.attributes
                0x000007a3       0x34 /opt/ST/STM32CubeCLT_1.16.0/GNU-tools-for-STM32/bin/../lib/gcc/arm-none-eabi/12.3.1/../../../../arm-none-eabi/lib/thumb/v7e-m+fp/hard/libg_nano.a(libc_a-setvbuf.o)
 .ARM.attributes
                0x000007d7       0x34 /opt/ST/STM32CubeCLT_1.16.0/GNU-tools-for-STM32/bin/../lib/gcc/arm-none-eabi/12.3.1/../../../../arm-none-eabi/lib/thumb/v7e-m+fp/hard/libg_nano.a(libc_a-makebuf.o)
 .ARM.attributes
                0x0000080b       0x34 /opt/ST/STM32CubeCLT_1.16.0/GNU-tools-for-STM32/bin/../lib/gcc/arm-none-eabi/12.3.1/../../../../arm-none-eabi/lib/thumb/v7e-m+fp/hard/libg_nano.a(libc_a-puts.o)
 .ARM.attributes
                0x0000083f       0x34 /opt/ST/STM32CubeCLT_1.16.0/GNU-tools-for-STM32/bin/../lib/gcc/arm-none-eabi/12.3.1/../../../../arm-none-eabi/lib/thumb/v7e-m+fp/hard/libg_nano.a(libc_a-fstatr.o)
 .ARM.attributes
                0x00000873       0x34 /opt/ST/STM32CubeCLT_1.16.0/GNU-tools-for-STM32/bin/../lib/gcc/arm-none-eabi/12.3.1/../../../../arm-none-eabi/lib/thumb/v7e-m+fp/hard/libg_nano.a(libc_a-isattyr.o)
 .ARM.attributes
                0x000008a7       0x34 /opt/ST/STM32CubeCLT_1.16.0/GNU-tools-for-STM32/bin/../lib/gcc/arm-none-eabi/12.3.1/../../../../arm-none-eabi/lib/thumb/v7e-m+fp/hard/libg_nano.a(libc_a-errno.o)
 .ARM.attributes
                0x000008db       0x34 /opt/ST/STM32CubeCLT_1.16.0/GNU-tools-for-STM32/bin/../lib/gcc/arm-none-eabi/12.3.1/../../../../arm-none-eabi/lib/thumb/v7e-m+fp/hard/libg_nano.a(libc_a-malloc.o)
 .ARM.attributes
                0x0000090f       0x34 /opt/ST/STM32CubeCLT_1.16.0/GNU-tools-for-STM32/bin/../lib/gcc/arm-none-eabi/12.3.1/../../../../arm-none-eabi/lib/thumb/v7e-m+fp/hard/libg_nano.a(libc_a-wbuf.o)
 .ARM.attributes
                0x00000943       0x34 /opt/ST/STM32CubeCLT_1.16.0/GNU-tools-for-STM32/bin/../lib/gcc/arm-none-eabi/12.3.1/../../../../arm-none-eabi/lib/thumb/v7e-m+fp/hard/libg_nano.a(libc_a-wsetup.o)
 .ARM.attributes
                0x00000977       0x22 /opt/ST/STM32CubeCLT_1.16.0/GNU-tools-for-STM32/bin/../lib/gcc/arm-none-eabi/12.3.1/thumb/v7e-m+fp/hard/crtn.o
OUTPUT(F446RE.elf elf32-littlearm)
LOAD linker stubs
LOAD /opt/ST/STM32CubeCLT_1.16.0/GNU-tools-for-STM32/bin/../lib/gcc/arm-none-eabi/12.3.1/../../../../arm-none-eabi/lib/thumb/v7e-m+fp/hard/libc.a
LOAD /opt/ST/STM32CubeCLT_1.16.0/GNU-tools-for-STM32/bin/../lib/gcc/arm-none-eabi/12.3.1/../../../../arm-none-eabi/lib/thumb/v7e-m+fp/hard/libm.a
LOAD /opt/ST/STM32CubeCLT_1.16.0/GNU-tools-for-STM32/bin/../lib/gcc/arm-none-eabi/12.3.1/thumb/v7e-m+fp/hard/libgcc.a

.debug_frame    0x00000000     0x4160
 .debug_frame   0x00000000      0x144 /opt/ST/STM32CubeCLT_1.16.0/GNU-tools-for-STM32/bin/../lib/gcc/arm-none-eabi/12.3.1/../../../../arm-none-eabi/lib/thumb/v7e-m+fp/hard/libc_nano.a(libc_a-findfp.o)
 .debug_frame   0x00000144       0x34 /opt/ST/STM32CubeCLT_1.16.0/GNU-tools-for-STM32/bin/../lib/gcc/arm-none-eabi/12.3.1/../../../../arm-none-eabi/lib/thumb/v7e-m+fp/hard/libc_nano.a(libc_a-fwalk.o)
 .debug_frame   0x00000178       0x20 /opt/ST/STM32CubeCLT_1.16.0/GNU-tools-for-STM32/bin/../lib/gcc/arm-none-eabi/12.3.1/../../../../arm-none-eabi/lib/thumb/v7e-m+fp/hard/libc_nano.a(libc_a-memset.o)
 .debug_frame   0x00000198       0x2c /opt/ST/STM32CubeCLT_1.16.0/GNU-tools-for-STM32/bin/../lib/gcc/arm-none-eabi/12.3.1/../../../../arm-none-eabi/lib/thumb/v7e-m+fp/hard/libc_nano.a(libc_a-init.o)
 .debug_frame   0x000001c4       0xb0 /opt/ST/STM32CubeCLT_1.16.0/GNU-tools-for-STM32/bin/../lib/gcc/arm-none-eabi/12.3.1/../../../../arm-none-eabi/lib/thumb/v7e-m+fp/hard/libc_nano.a(libc_a-lock.o)
 .debug_frame   0x00000274       0x50 /opt/ST/STM32CubeCLT_1.16.0/GNU-tools-for-STM32/bin/../lib/gcc/arm-none-eabi/12.3.1/../../../../arm-none-eabi/lib/thumb/v7e-m+fp/hard/libc_nano.a(libc_a-mallocr.o)
 .debug_frame   0x000002c4       0x5c /opt/ST/STM32CubeCLT_1.16.0/GNU-tools-for-STM32/bin/../lib/gcc/arm-none-eabi/12.3.1/../../../../arm-none-eabi/lib/thumb/v7e-m+fp/hard/libc_nano.a(libc_a-fflush.o)
 .debug_frame   0x00000320       0x30 /opt/ST/STM32CubeCLT_1.16.0/GNU-tools-for-STM32/bin/../lib/gcc/arm-none-eabi/12.3.1/../../../../arm-none-eabi/lib/thumb/v7e-m+fp/hard/libc_nano.a(libc_a-mlock.o)
 .debug_frame   0x00000350       0x88 /opt/ST/STM32CubeCLT_1.16.0/GNU-tools-for-STM32/bin/../lib/gcc/arm-none-eabi/12.3.1/../../../../arm-none-eabi/lib/thumb/v7e-m+fp/hard/libc_nano.a(libc_a-stdio.o)
 .debug_frame   0x000003d8       0x2c /opt/ST/STM32CubeCLT_1.16.0/GNU-tools-for-STM32/bin/../lib/gcc/arm-none-eabi/12.3.1/../../../../arm-none-eabi/lib/thumb/v7e-m+fp/hard/libc_nano.a(libc_a-closer.o)
 .debug_frame   0x00000404       0x38 /opt/ST/STM32CubeCLT_1.16.0/GNU-tools-for-STM32/bin/../lib/gcc/arm-none-eabi/12.3.1/../../../../arm-none-eabi/lib/thumb/v7e-m+fp/hard/libc_nano.a(libc_a-reent.o)
 .debug_frame   0x0000043c       0x2c /opt/ST/STM32CubeCLT_1.16.0/GNU-tools-for-STM32/bin/../lib/gcc/arm-none-eabi/12.3.1/../../../../arm-none-eabi/lib/thumb/v7e-m+fp/hard/libc_nano.a(libc_a-lseekr.o)
 .debug_frame   0x00000468       0x2c /opt/ST/STM32CubeCLT_1.16.0/GNU-tools-for-STM32/bin/../lib/gcc/arm-none-eabi/12.3.1/../../../../arm-none-eabi/lib/thumb/v7e-m+fp/hard/libc_nano.a(libc_a-readr.o)
 .debug_frame   0x00000494       0x2c /opt/ST/STM32CubeCLT_1.16.0/GNU-tools-for-STM32/bin/../lib/gcc/arm-none-eabi/12.3.1/../../../../arm-none-eabi/lib/thumb/v7e-m+fp/hard/libc_nano.a(libc_a-sbrkr.o)
 .debug_frame   0x000004c0       0x2c /opt/ST/STM32CubeCLT_1.16.0/GNU-tools-for-STM32/bin/../lib/gcc/arm-none-eabi/12.3.1/../../../../arm-none-eabi/lib/thumb/v7e-m+fp/hard/libc_nano.a(libc_a-writer.o)
 .debug_frame   0x000004ec       0x38 /opt/ST/STM32CubeCLT_1.16.0/GNU-tools-for-STM32/bin/../lib/gcc/arm-none-eabi/12.3.1/../../../../arm-none-eabi/lib/thumb/v7e-m+fp/hard/libc_nano.a(libc_a-freer.o)
 .debug_frame   0x00000524      0x178 CMakeFiles/F446RE.dir/Core/Src/main.c.obj
 .debug_frame   0x0000069c      0x104 CMakeFiles/F446RE.dir/Core/Src/stm32f4xx_it.c.obj
 .debug_frame   0x000007a0      0x13c CMakeFiles/F446RE.dir/Core/Src/stm32f4xx_hal_msp.c.obj
 .debug_frame   0x000008dc      0x3fc CMakeFiles/F446RE.dir/Drivers/STM32F4xx_HAL_Driver/Src/stm32f4xx_hal_adc.c.obj
 .debug_frame   0x00000cd8      0x1f4 CMakeFiles/F446RE.dir/Drivers/STM32F4xx_HAL_Driver/Src/stm32f4xx_hal_rcc.c.obj
 .debug_frame   0x00000ecc      0x1e8 CMakeFiles/F446RE.dir/Drivers/STM32F4xx_HAL_Driver/Src/stm32f4xx_hal_rcc_ex.c.obj
 .debug_frame   0x000010b4      0x14c CMakeFiles/F446RE.dir/Drivers/STM32F4xx_HAL_Driver/Src/stm32f4xx_hal_gpio.c.obj
 .debug_frame   0x00001200      0x508 CMakeFiles/F446RE.dir/Drivers/STM32F4xx_HAL_Driver/Src/stm32f4xx_hal_cortex.c.obj
 .debug_frame   0x00001708      0x374 CMakeFiles/F446RE.dir/Drivers/STM32F4xx_HAL_Driver/Src/stm32f4xx_hal.c.obj
 .debug_frame   0x00001a7c     0x11c0 CMakeFiles/F446RE.dir/Drivers/STM32F4xx_HAL_Driver/Src/stm32f4xx_hal_tim.c.obj
 .debug_frame   0x00002c3c      0x638 CMakeFiles/F446RE.dir/Drivers/STM32F4xx_HAL_Driver/Src/stm32f4xx_hal_tim_ex.c.obj
 .debug_frame   0x00003274      0x954 CMakeFiles/F446RE.dir/Drivers/STM32F4xx_HAL_Driver/Src/stm32f4xx_hal_uart.c.obj
 .debug_frame   0x00003bc8       0x58 CMakeFiles/F446RE.dir/Core/Src/system_stm32f4xx.c.obj
 .debug_frame   0x00003c20       0x34 CMakeFiles/F446RE.dir/Core/Src/sysmem.c.obj
 .debug_frame   0x00003c54      0x2ac CMakeFiles/F446RE.dir/Core/Src/syscalls.c.obj
 .debug_frame   0x00003f00       0x2c /opt/ST/STM32CubeCLT_1.16.0/GNU-tools-for-STM32/bin/../lib/gcc/arm-none-eabi/12.3.1/thumb/v7e-m+fp/hard/libgcc.a(_aeabi_uldivmod.o)
 .debug_frame   0x00003f2c       0x34 /opt/ST/STM32CubeCLT_1.16.0/GNU-tools-for-STM32/bin/../lib/gcc/arm-none-eabi/12.3.1/thumb/v7e-m+fp/hard/libgcc.a(_udivmoddi4.o)
 .debug_frame   0x00003f60       0x20 /opt/ST/STM32CubeCLT_1.16.0/GNU-tools-for-STM32/bin/../lib/gcc/arm-none-eabi/12.3.1/../../../../arm-none-eabi/lib/thumb/v7e-m+fp/hard/libg_nano.a(libc_a-setbuf.o)
 .debug_frame   0x00003f80       0x38 /opt/ST/STM32CubeCLT_1.16.0/GNU-tools-for-STM32/bin/../lib/gcc/arm-none-eabi/12.3.1/../../../../arm-none-eabi/lib/thumb/v7e-m+fp/hard/libg_nano.a(libc_a-setvbuf.o)
 .debug_frame   0x00003fb8       0x58 /opt/ST/STM32CubeCLT_1.16.0/GNU-tools-for-STM32/bin/../lib/gcc/arm-none-eabi/12.3.1/../../../../arm-none-eabi/lib/thumb/v7e-m+fp/hard/libg_nano.a(libc_a-makebuf.o)
 .debug_frame   0x00004010       0x3c /opt/ST/STM32CubeCLT_1.16.0/GNU-tools-for-STM32/bin/../lib/gcc/arm-none-eabi/12.3.1/../../../../arm-none-eabi/lib/thumb/v7e-m+fp/hard/libg_nano.a(libc_a-puts.o)
 .debug_frame   0x0000404c       0x2c /opt/ST/STM32CubeCLT_1.16.0/GNU-tools-for-STM32/bin/../lib/gcc/arm-none-eabi/12.3.1/../../../../arm-none-eabi/lib/thumb/v7e-m+fp/hard/libg_nano.a(libc_a-fstatr.o)
 .debug_frame   0x00004078       0x2c /opt/ST/STM32CubeCLT_1.16.0/GNU-tools-for-STM32/bin/../lib/gcc/arm-none-eabi/12.3.1/../../../../arm-none-eabi/lib/thumb/v7e-m+fp/hard/libg_nano.a(libc_a-isattyr.o)
 .debug_frame   0x000040a4       0x20 /opt/ST/STM32CubeCLT_1.16.0/GNU-tools-for-STM32/bin/../lib/gcc/arm-none-eabi/12.3.1/../../../../arm-none-eabi/lib/thumb/v7e-m+fp/hard/libg_nano.a(libc_a-errno.o)
 .debug_frame   0x000040c4       0x30 /opt/ST/STM32CubeCLT_1.16.0/GNU-tools-for-STM32/bin/../lib/gcc/arm-none-eabi/12.3.1/../../../../arm-none-eabi/lib/thumb/v7e-m+fp/hard/libg_nano.a(libc_a-malloc.o)
 .debug_frame   0x000040f4       0x40 /opt/ST/STM32CubeCLT_1.16.0/GNU-tools-for-STM32/bin/../lib/gcc/arm-none-eabi/12.3.1/../../../../arm-none-eabi/lib/thumb/v7e-m+fp/hard/libg_nano.a(libc_a-wbuf.o)
 .debug_frame   0x00004134       0x2c /opt/ST/STM32CubeCLT_1.16.0/GNU-tools-for-STM32/bin/../lib/gcc/arm-none-eabi/12.3.1/../../../../arm-none-eabi/lib/thumb/v7e-m+fp/hard/libg_nano.a(libc_a-wsetup.o)

.debug_info     0x00000000    0x13d22
 .debug_info    0x00000000     0x1d9f CMakeFiles/F446RE.dir/Core/Src/main.c.obj
 .debug_info    0x00001d9f      0x112 CMakeFiles/F446RE.dir/Core/Src/stm32f4xx_it.c.obj
 .debug_info    0x00001eb1     0x1116 CMakeFiles/F446RE.dir/Core/Src/stm32f4xx_hal_msp.c.obj
 .debug_info    0x00002fc7      0xcd4 CMakeFiles/F446RE.dir/Drivers/STM32F4xx_HAL_Driver/Src/stm32f4xx_hal_adc.c.obj
 .debug_info    0x00003c9b      0x8eb CMakeFiles/F446RE.dir/Drivers/STM32F4xx_HAL_Driver/Src/stm32f4xx_hal_rcc.c.obj
 .debug_info    0x00004586      0x956 CMakeFiles/F446RE.dir/Drivers/STM32F4xx_HAL_Driver/Src/stm32f4xx_hal_rcc_ex.c.obj
 .debug_info    0x00004edc      0x70b CMakeFiles/F446RE.dir/Drivers/STM32F4xx_HAL_Driver/Src/stm32f4xx_hal_gpio.c.obj
 .debug_info    0x000055e7      0xdaa CMakeFiles/F446RE.dir/Drivers/STM32F4xx_HAL_Driver/Src/stm32f4xx_hal_cortex.c.obj
 .debug_info    0x00006391      0x99a CMakeFiles/F446RE.dir/Drivers/STM32F4xx_HAL_Driver/Src/stm32f4xx_hal.c.obj
 .debug_info    0x00006d2b     0x299d CMakeFiles/F446RE.dir/Drivers/STM32F4xx_HAL_Driver/Src/stm32f4xx_hal_tim.c.obj
 .debug_info    0x000096c8     0x14db CMakeFiles/F446RE.dir/Drivers/STM32F4xx_HAL_Driver/Src/stm32f4xx_hal_tim_ex.c.obj
 .debug_info    0x0000aba3     0x2f4f CMakeFiles/F446RE.dir/Drivers/STM32F4xx_HAL_Driver/Src/stm32f4xx_hal_uart.c.obj
 .debug_info    0x0000daf2      0x54a CMakeFiles/F446RE.dir/Core/Src/system_stm32f4xx.c.obj
 .debug_info    0x0000e03c      0x168 CMakeFiles/F446RE.dir/Core/Src/sysmem.c.obj
 .debug_info    0x0000e1a4      0x6a3 CMakeFiles/F446RE.dir/Core/Src/syscalls.c.obj
 .debug_info    0x0000e847       0x30 CMakeFiles/F446RE.dir/startup_stm32f446xx.s.obj
 .debug_info    0x0000e877      0x781 /opt/ST/STM32CubeCLT_1.16.0/GNU-tools-for-STM32/bin/../lib/gcc/arm-none-eabi/12.3.1/../../../../arm-none-eabi/lib/thumb/v7e-m+fp/hard/libg_nano.a(libc_a-setbuf.o)
 .debug_info    0x0000eff8      0x949 /opt/ST/STM32CubeCLT_1.16.0/GNU-tools-for-STM32/bin/../lib/gcc/arm-none-eabi/12.3.1/../../../../arm-none-eabi/lib/thumb/v7e-m+fp/hard/libg_nano.a(libc_a-setvbuf.o)
 .debug_info    0x0000f941      0xb1a /opt/ST/STM32CubeCLT_1.16.0/GNU-tools-for-STM32/bin/../lib/gcc/arm-none-eabi/12.3.1/../../../../arm-none-eabi/lib/thumb/v7e-m+fp/hard/libg_nano.a(libc_a-makebuf.o)
 .debug_info    0x0001045b      0x94a /opt/ST/STM32CubeCLT_1.16.0/GNU-tools-for-STM32/bin/../lib/gcc/arm-none-eabi/12.3.1/../../../../arm-none-eabi/lib/thumb/v7e-m+fp/hard/libg_nano.a(libc_a-puts.o)
 .debug_info    0x00010da5      0x975 /opt/ST/STM32CubeCLT_1.16.0/GNU-tools-for-STM32/bin/../lib/gcc/arm-none-eabi/12.3.1/../../../../arm-none-eabi/lib/thumb/v7e-m+fp/hard/libg_nano.a(libc_a-fstatr.o)
 .debug_info    0x0001171a      0x756 /opt/ST/STM32CubeCLT_1.16.0/GNU-tools-for-STM32/bin/../lib/gcc/arm-none-eabi/12.3.1/../../../../arm-none-eabi/lib/thumb/v7e-m+fp/hard/libg_nano.a(libc_a-isattyr.o)
 .debug_info    0x00011e70      0x6fb /opt/ST/STM32CubeCLT_1.16.0/GNU-tools-for-STM32/bin/../lib/gcc/arm-none-eabi/12.3.1/../../../../arm-none-eabi/lib/thumb/v7e-m+fp/hard/libg_nano.a(libc_a-errno.o)
 .debug_info    0x0001256b      0x794 /opt/ST/STM32CubeCLT_1.16.0/GNU-tools-for-STM32/bin/../lib/gcc/arm-none-eabi/12.3.1/../../../../arm-none-eabi/lib/thumb/v7e-m+fp/hard/libg_nano.a(libc_a-malloc.o)
 .debug_info    0x00012cff      0x868 /opt/ST/STM32CubeCLT_1.16.0/GNU-tools-for-STM32/bin/../lib/gcc/arm-none-eabi/12.3.1/../../../../arm-none-eabi/lib/thumb/v7e-m+fp/hard/libg_nano.a(libc_a-wbuf.o)
 .debug_info    0x00013567      0x7bb /opt/ST/STM32CubeCLT_1.16.0/GNU-tools-for-STM32/bin/../lib/gcc/arm-none-eabi/12.3.1/../../../../arm-none-eabi/lib/thumb/v7e-m+fp/hard/libg_nano.a(libc_a-wsetup.o)

.debug_abbrev   0x00000000     0x33af
 .debug_abbrev  0x00000000      0x367 CMakeFiles/F446RE.dir/Core/Src/main.c.obj
 .debug_abbrev  0x00000367       0x73 CMakeFiles/F446RE.dir/Core/Src/stm32f4xx_it.c.obj
 .debug_abbrev  0x000003da      0x236 CMakeFiles/F446RE.dir/Core/Src/stm32f4xx_hal_msp.c.obj
 .debug_abbrev  0x00000610      0x252 CMakeFiles/F446RE.dir/Drivers/STM32F4xx_HAL_Driver/Src/stm32f4xx_hal_adc.c.obj
 .debug_abbrev  0x00000862      0x2b7 CMakeFiles/F446RE.dir/Drivers/STM32F4xx_HAL_Driver/Src/stm32f4xx_hal_rcc.c.obj
 .debug_abbrev  0x00000b19      0x20a CMakeFiles/F446RE.dir/Drivers/STM32F4xx_HAL_Driver/Src/stm32f4xx_hal_rcc_ex.c.obj
 .debug_abbrev  0x00000d23      0x1d4 CMakeFiles/F446RE.dir/Drivers/STM32F4xx_HAL_Driver/Src/stm32f4xx_hal_gpio.c.obj
 .debug_abbrev  0x00000ef7      0x31d CMakeFiles/F446RE.dir/Drivers/STM32F4xx_HAL_Driver/Src/stm32f4xx_hal_cortex.c.obj
 .debug_abbrev  0x00001214      0x214 CMakeFiles/F446RE.dir/Drivers/STM32F4xx_HAL_Driver/Src/stm32f4xx_hal.c.obj
 .debug_abbrev  0x00001428      0x278 CMakeFiles/F446RE.dir/Drivers/STM32F4xx_HAL_Driver/Src/stm32f4xx_hal_tim.c.obj
 .debug_abbrev  0x000016a0      0x283 CMakeFiles/F446RE.dir/Drivers/STM32F4xx_HAL_Driver/Src/stm32f4xx_hal_tim_ex.c.obj
 .debug_abbrev  0x00001923      0x30e CMakeFiles/F446RE.dir/Drivers/STM32F4xx_HAL_Driver/Src/stm32f4xx_hal_uart.c.obj
 .debug_abbrev  0x00001c31      0x11a CMakeFiles/F446RE.dir/Core/Src/system_stm32f4xx.c.obj
 .debug_abbrev  0x00001d4b       0xbc CMakeFiles/F446RE.dir/Core/Src/sysmem.c.obj
 .debug_abbrev  0x00001e07      0x1b6 CMakeFiles/F446RE.dir/Core/Src/syscalls.c.obj
 .debug_abbrev  0x00001fbd       0x24 CMakeFiles/F446RE.dir/startup_stm32f446xx.s.obj
 .debug_abbrev  0x00001fe1      0x191 /opt/ST/STM32CubeCLT_1.16.0/GNU-tools-for-STM32/bin/../lib/gcc/arm-none-eabi/12.3.1/../../../../arm-none-eabi/lib/thumb/v7e-m+fp/hard/libg_nano.a(libc_a-setbuf.o)
 .debug_abbrev  0x00002172      0x259 /opt/ST/STM32CubeCLT_1.16.0/GNU-tools-for-STM32/bin/../lib/gcc/arm-none-eabi/12.3.1/../../../../arm-none-eabi/lib/thumb/v7e-m+fp/hard/libg_nano.a(libc_a-setvbuf.o)
 .debug_abbrev  0x000023cb      0x28e /opt/ST/STM32CubeCLT_1.16.0/GNU-tools-for-STM32/bin/../lib/gcc/arm-none-eabi/12.3.1/../../../../arm-none-eabi/lib/thumb/v7e-m+fp/hard/libg_nano.a(libc_a-makebuf.o)
 .debug_abbrev  0x00002659      0x2a7 /opt/ST/STM32CubeCLT_1.16.0/GNU-tools-for-STM32/bin/../lib/gcc/arm-none-eabi/12.3.1/../../../../arm-none-eabi/lib/thumb/v7e-m+fp/hard/libg_nano.a(libc_a-puts.o)
 .debug_abbrev  0x00002900      0x1c3 /opt/ST/STM32CubeCLT_1.16.0/GNU-tools-for-STM32/bin/../lib/gcc/arm-none-eabi/12.3.1/../../../../arm-none-eabi/lib/thumb/v7e-m+fp/hard/libg_nano.a(libc_a-fstatr.o)
 .debug_abbrev  0x00002ac3      0x1b0 /opt/ST/STM32CubeCLT_1.16.0/GNU-tools-for-STM32/bin/../lib/gcc/arm-none-eabi/12.3.1/../../../../arm-none-eabi/lib/thumb/v7e-m+fp/hard/libg_nano.a(libc_a-isattyr.o)
 .debug_abbrev  0x00002c73      0x15e /opt/ST/STM32CubeCLT_1.16.0/GNU-tools-for-STM32/bin/../lib/gcc/arm-none-eabi/12.3.1/../../../../arm-none-eabi/lib/thumb/v7e-m+fp/hard/libg_nano.a(libc_a-errno.o)
 .debug_abbrev  0x00002dd1      0x1cf /opt/ST/STM32CubeCLT_1.16.0/GNU-tools-for-STM32/bin/../lib/gcc/arm-none-eabi/12.3.1/../../../../arm-none-eabi/lib/thumb/v7e-m+fp/hard/libg_nano.a(libc_a-malloc.o)
 .debug_abbrev  0x00002fa0      0x22d /opt/ST/STM32CubeCLT_1.16.0/GNU-tools-for-STM32/bin/../lib/gcc/arm-none-eabi/12.3.1/../../../../arm-none-eabi/lib/thumb/v7e-m+fp/hard/libg_nano.a(libc_a-wbuf.o)
 .debug_abbrev  0x000031cd      0x1e2 /opt/ST/STM32CubeCLT_1.16.0/GNU-tools-for-STM32/bin/../lib/gcc/arm-none-eabi/12.3.1/../../../../arm-none-eabi/lib/thumb/v7e-m+fp/hard/libg_nano.a(libc_a-wsetup.o)

.debug_aranges  0x00000000      0xf40
 .debug_aranges
                0x00000000       0x70 CMakeFiles/F446RE.dir/Core/Src/main.c.obj
 .debug_aranges
                0x00000070       0x60 CMakeFiles/F446RE.dir/Core/Src/stm32f4xx_it.c.obj
 .debug_aranges
                0x000000d0       0x58 CMakeFiles/F446RE.dir/Core/Src/stm32f4xx_hal_msp.c.obj
 .debug_aranges
                0x00000128       0xe8 CMakeFiles/F446RE.dir/Drivers/STM32F4xx_HAL_Driver/Src/stm32f4xx_hal_adc.c.obj
 .debug_aranges
                0x00000210       0x88 CMakeFiles/F446RE.dir/Drivers/STM32F4xx_HAL_Driver/Src/stm32f4xx_hal_rcc.c.obj
 .debug_aranges
                0x00000298       0x78 CMakeFiles/F446RE.dir/Drivers/STM32F4xx_HAL_Driver/Src/stm32f4xx_hal_rcc_ex.c.obj
 .debug_aranges
                0x00000310       0x58 CMakeFiles/F446RE.dir/Drivers/STM32F4xx_HAL_Driver/Src/stm32f4xx_hal_gpio.c.obj
 .debug_aranges
                0x00000368      0x130 CMakeFiles/F446RE.dir/Drivers/STM32F4xx_HAL_Driver/Src/stm32f4xx_hal_cortex.c.obj
 .debug_aranges
                0x00000498       0xf0 CMakeFiles/F446RE.dir/Drivers/STM32F4xx_HAL_Driver/Src/stm32f4xx_hal.c.obj
 .debug_aranges
                0x00000588      0x3d0 CMakeFiles/F446RE.dir/Drivers/STM32F4xx_HAL_Driver/Src/stm32f4xx_hal_tim.c.obj
 .debug_aranges
                0x00000958      0x168 CMakeFiles/F446RE.dir/Drivers/STM32F4xx_HAL_Driver/Src/stm32f4xx_hal_tim_ex.c.obj
 .debug_aranges
                0x00000ac0      0x208 CMakeFiles/F446RE.dir/Drivers/STM32F4xx_HAL_Driver/Src/stm32f4xx_hal_uart.c.obj
 .debug_aranges
                0x00000cc8       0x28 CMakeFiles/F446RE.dir/Core/Src/system_stm32f4xx.c.obj
 .debug_aranges
                0x00000cf0       0x20 CMakeFiles/F446RE.dir/Core/Src/sysmem.c.obj
 .debug_aranges
                0x00000d10       0xa8 CMakeFiles/F446RE.dir/Core/Src/syscalls.c.obj
 .debug_aranges
                0x00000db8       0x28 CMakeFiles/F446RE.dir/startup_stm32f446xx.s.obj
 .debug_aranges
                0x00000de0       0x20 /opt/ST/STM32CubeCLT_1.16.0/GNU-tools-for-STM32/bin/../lib/gcc/arm-none-eabi/12.3.1/../../../../arm-none-eabi/lib/thumb/v7e-m+fp/hard/libg_nano.a(libc_a-setbuf.o)
 .debug_aranges
                0x00000e00       0x20 /opt/ST/STM32CubeCLT_1.16.0/GNU-tools-for-STM32/bin/../lib/gcc/arm-none-eabi/12.3.1/../../../../arm-none-eabi/lib/thumb/v7e-m+fp/hard/libg_nano.a(libc_a-setvbuf.o)
 .debug_aranges
                0x00000e20       0x28 /opt/ST/STM32CubeCLT_1.16.0/GNU-tools-for-STM32/bin/../lib/gcc/arm-none-eabi/12.3.1/../../../../arm-none-eabi/lib/thumb/v7e-m+fp/hard/libg_nano.a(libc_a-makebuf.o)
 .debug_aranges
                0x00000e48       0x28 /opt/ST/STM32CubeCLT_1.16.0/GNU-tools-for-STM32/bin/../lib/gcc/arm-none-eabi/12.3.1/../../../../arm-none-eabi/lib/thumb/v7e-m+fp/hard/libg_nano.a(libc_a-puts.o)
 .debug_aranges
                0x00000e70       0x20 /opt/ST/STM32CubeCLT_1.16.0/GNU-tools-for-STM32/bin/../lib/gcc/arm-none-eabi/12.3.1/../../../../arm-none-eabi/lib/thumb/v7e-m+fp/hard/libg_nano.a(libc_a-fstatr.o)
 .debug_aranges
                0x00000e90       0x20 /opt/ST/STM32CubeCLT_1.16.0/GNU-tools-for-STM32/bin/../lib/gcc/arm-none-eabi/12.3.1/../../../../arm-none-eabi/lib/thumb/v7e-m+fp/hard/libg_nano.a(libc_a-isattyr.o)
 .debug_aranges
                0x00000eb0       0x20 /opt/ST/STM32CubeCLT_1.16.0/GNU-tools-for-STM32/bin/../lib/gcc/arm-none-eabi/12.3.1/../../../../arm-none-eabi/lib/thumb/v7e-m+fp/hard/libg_nano.a(libc_a-errno.o)
 .debug_aranges
                0x00000ed0       0x28 /opt/ST/STM32CubeCLT_1.16.0/GNU-tools-for-STM32/bin/../lib/gcc/arm-none-eabi/12.3.1/../../../../arm-none-eabi/lib/thumb/v7e-m+fp/hard/libg_nano.a(libc_a-malloc.o)
 .debug_aranges
                0x00000ef8       0x28 /opt/ST/STM32CubeCLT_1.16.0/GNU-tools-for-STM32/bin/../lib/gcc/arm-none-eabi/12.3.1/../../../../arm-none-eabi/lib/thumb/v7e-m+fp/hard/libg_nano.a(libc_a-wbuf.o)
 .debug_aranges
                0x00000f20       0x20 /opt/ST/STM32CubeCLT_1.16.0/GNU-tools-for-STM32/bin/../lib/gcc/arm-none-eabi/12.3.1/../../../../arm-none-eabi/lib/thumb/v7e-m+fp/hard/libg_nano.a(libc_a-wsetup.o)

.debug_rnglists
                0x00000000      0xc08
 .debug_rnglists
                0x00000000       0x56 CMakeFiles/F446RE.dir/Core/Src/main.c.obj
 .debug_rnglists
                0x00000056       0x43 CMakeFiles/F446RE.dir/Core/Src/stm32f4xx_it.c.obj
 .debug_rnglists
                0x00000099       0x41 CMakeFiles/F446RE.dir/Core/Src/stm32f4xx_hal_msp.c.obj
 .debug_rnglists
                0x000000da       0xb5 CMakeFiles/F446RE.dir/Drivers/STM32F4xx_HAL_Driver/Src/stm32f4xx_hal_adc.c.obj
 .debug_rnglists
                0x0000018f       0x66 CMakeFiles/F446RE.dir/Drivers/STM32F4xx_HAL_Driver/Src/stm32f4xx_hal_rcc.c.obj
 .debug_rnglists
                0x000001f5       0x5e CMakeFiles/F446RE.dir/Drivers/STM32F4xx_HAL_Driver/Src/stm32f4xx_hal_rcc_ex.c.obj
 .debug_rnglists
                0x00000253       0x3f CMakeFiles/F446RE.dir/Drivers/STM32F4xx_HAL_Driver/Src/stm32f4xx_hal_gpio.c.obj
 .debug_rnglists
                0x00000292       0xe0 CMakeFiles/F446RE.dir/Drivers/STM32F4xx_HAL_Driver/Src/stm32f4xx_hal_cortex.c.obj
 .debug_rnglists
                0x00000372       0xaf CMakeFiles/F446RE.dir/Drivers/STM32F4xx_HAL_Driver/Src/stm32f4xx_hal.c.obj
 .debug_rnglists
                0x00000421      0x31a CMakeFiles/F446RE.dir/Drivers/STM32F4xx_HAL_Driver/Src/stm32f4xx_hal_tim.c.obj
 .debug_rnglists
                0x0000073b      0x125 CMakeFiles/F446RE.dir/Drivers/STM32F4xx_HAL_Driver/Src/stm32f4xx_hal_tim_ex.c.obj
 .debug_rnglists
                0x00000860      0x1bc CMakeFiles/F446RE.dir/Drivers/STM32F4xx_HAL_Driver/Src/stm32f4xx_hal_uart.c.obj
 .debug_rnglists
                0x00000a1c       0x1a CMakeFiles/F446RE.dir/Core/Src/system_stm32f4xx.c.obj
 .debug_rnglists
                0x00000a36       0x13 CMakeFiles/F446RE.dir/Core/Src/sysmem.c.obj
 .debug_rnglists
                0x00000a49       0x79 CMakeFiles/F446RE.dir/Core/Src/syscalls.c.obj
 .debug_rnglists
                0x00000ac2       0x19 CMakeFiles/F446RE.dir/startup_stm32f446xx.s.obj
 .debug_rnglists
                0x00000adb       0x13 /opt/ST/STM32CubeCLT_1.16.0/GNU-tools-for-STM32/bin/../lib/gcc/arm-none-eabi/12.3.1/../../../../arm-none-eabi/lib/thumb/v7e-m+fp/hard/libg_nano.a(libc_a-setbuf.o)
 .debug_rnglists
                0x00000aee       0x20 /opt/ST/STM32CubeCLT_1.16.0/GNU-tools-for-STM32/bin/../lib/gcc/arm-none-eabi/12.3.1/../../../../arm-none-eabi/lib/thumb/v7e-m+fp/hard/libg_nano.a(libc_a-setvbuf.o)
 .debug_rnglists
                0x00000b0e       0x19 /opt/ST/STM32CubeCLT_1.16.0/GNU-tools-for-STM32/bin/../lib/gcc/arm-none-eabi/12.3.1/../../../../arm-none-eabi/lib/thumb/v7e-m+fp/hard/libg_nano.a(libc_a-makebuf.o)
 .debug_rnglists
                0x00000b27       0x44 /opt/ST/STM32CubeCLT_1.16.0/GNU-tools-for-STM32/bin/../lib/gcc/arm-none-eabi/12.3.1/../../../../arm-none-eabi/lib/thumb/v7e-m+fp/hard/libg_nano.a(libc_a-puts.o)
 .debug_rnglists
                0x00000b6b       0x13 /opt/ST/STM32CubeCLT_1.16.0/GNU-tools-for-STM32/bin/../lib/gcc/arm-none-eabi/12.3.1/../../../../arm-none-eabi/lib/thumb/v7e-m+fp/hard/libg_nano.a(libc_a-fstatr.o)
 .debug_rnglists
                0x00000b7e       0x13 /opt/ST/STM32CubeCLT_1.16.0/GNU-tools-for-STM32/bin/../lib/gcc/arm-none-eabi/12.3.1/../../../../arm-none-eabi/lib/thumb/v7e-m+fp/hard/libg_nano.a(libc_a-isattyr.o)
 .debug_rnglists
                0x00000b91       0x13 /opt/ST/STM32CubeCLT_1.16.0/GNU-tools-for-STM32/bin/../lib/gcc/arm-none-eabi/12.3.1/../../../../arm-none-eabi/lib/thumb/v7e-m+fp/hard/libg_nano.a(libc_a-errno.o)
 .debug_rnglists
                0x00000ba4       0x19 /opt/ST/STM32CubeCLT_1.16.0/GNU-tools-for-STM32/bin/../lib/gcc/arm-none-eabi/12.3.1/../../../../arm-none-eabi/lib/thumb/v7e-m+fp/hard/libg_nano.a(libc_a-malloc.o)
 .debug_rnglists
                0x00000bbd       0x25 /opt/ST/STM32CubeCLT_1.16.0/GNU-tools-for-STM32/bin/../lib/gcc/arm-none-eabi/12.3.1/../../../../arm-none-eabi/lib/thumb/v7e-m+fp/hard/libg_nano.a(libc_a-wbuf.o)
 .debug_rnglists
                0x00000be2       0x26 /opt/ST/STM32CubeCLT_1.16.0/GNU-tools-for-STM32/bin/../lib/gcc/arm-none-eabi/12.3.1/../../../../arm-none-eabi/lib/thumb/v7e-m+fp/hard/libg_nano.a(libc_a-wsetup.o)

.debug_macro    0x00000000    0x23fa1
 .debug_macro   0x00000000      0x2ce CMakeFiles/F446RE.dir/Core/Src/main.c.obj
 .debug_macro   0x000002ce      0xab4 CMakeFiles/F446RE.dir/Core/Src/main.c.obj
 .debug_macro   0x00000d82      0x2a1 CMakeFiles/F446RE.dir/Core/Src/main.c.obj
 .debug_macro   0x00001023       0x2e CMakeFiles/F446RE.dir/Core/Src/main.c.obj
 .debug_macro   0x00001051       0x28 CMakeFiles/F446RE.dir/Core/Src/main.c.obj
 .debug_macro   0x00001079       0x22 CMakeFiles/F446RE.dir/Core/Src/main.c.obj
 .debug_macro   0x0000109b       0x8e CMakeFiles/F446RE.dir/Core/Src/main.c.obj
 .debug_macro   0x00001129       0x51 CMakeFiles/F446RE.dir/Core/Src/main.c.obj
 .debug_macro   0x0000117a      0x103 CMakeFiles/F446RE.dir/Core/Src/main.c.obj
 .debug_macro   0x0000127d       0x6a CMakeFiles/F446RE.dir/Core/Src/main.c.obj
 .debug_macro   0x000012e7      0x1df CMakeFiles/F446RE.dir/Core/Src/main.c.obj
 .debug_macro   0x000014c6       0x1c CMakeFiles/F446RE.dir/Core/Src/main.c.obj
 .debug_macro   0x000014e2       0x22 CMakeFiles/F446RE.dir/Core/Src/main.c.obj
 .debug_macro   0x00001504       0xfb CMakeFiles/F446RE.dir/Core/Src/main.c.obj
 .debug_macro   0x000015ff     0x1011 CMakeFiles/F446RE.dir/Core/Src/main.c.obj
 .debug_macro   0x00002610      0x11f CMakeFiles/F446RE.dir/Core/Src/main.c.obj
 .debug_macro   0x0000272f    0x16749 CMakeFiles/F446RE.dir/Core/Src/main.c.obj
 .debug_macro   0x00018e78       0x6d CMakeFiles/F446RE.dir/Core/Src/main.c.obj
 .debug_macro   0x00018ee5     0x369a CMakeFiles/F446RE.dir/Core/Src/main.c.obj
 .debug_macro   0x0001c57f      0x189 CMakeFiles/F446RE.dir/Core/Src/main.c.obj
 .debug_macro   0x0001c708       0x5c CMakeFiles/F446RE.dir/Core/Src/main.c.obj
 .debug_macro   0x0001c764      0xca5 CMakeFiles/F446RE.dir/Core/Src/main.c.obj
 .debug_macro   0x0001d409      0x9e9 CMakeFiles/F446RE.dir/Core/Src/main.c.obj
 .debug_macro   0x0001ddf2      0x115 CMakeFiles/F446RE.dir/Core/Src/main.c.obj
 .debug_macro   0x0001df07      0x1a0 CMakeFiles/F446RE.dir/Core/Src/main.c.obj
 .debug_macro   0x0001e0a7       0xa5 CMakeFiles/F446RE.dir/Core/Src/main.c.obj
 .debug_macro   0x0001e14c      0x16d CMakeFiles/F446RE.dir/Core/Src/main.c.obj
 .debug_macro   0x0001e2b9      0x287 CMakeFiles/F446RE.dir/Core/Src/main.c.obj
 .debug_macro   0x0001e540       0x5f CMakeFiles/F446RE.dir/Core/Src/main.c.obj
 .debug_macro   0x0001e59f      0x236 CMakeFiles/F446RE.dir/Core/Src/main.c.obj
 .debug_macro   0x0001e7d5      0xb5b CMakeFiles/F446RE.dir/Core/Src/main.c.obj
 .debug_macro   0x0001f330      0x38b CMakeFiles/F446RE.dir/Core/Src/main.c.obj
 .debug_macro   0x0001f6bb      0x17d CMakeFiles/F446RE.dir/Core/Src/main.c.obj
 .debug_macro   0x0001f838       0xf9 CMakeFiles/F446RE.dir/Core/Src/main.c.obj
 .debug_macro   0x0001f931      0x132 CMakeFiles/F446RE.dir/Core/Src/main.c.obj
 .debug_macro   0x0001fa63      0x29c CMakeFiles/F446RE.dir/Core/Src/main.c.obj
 .debug_macro   0x0001fcff       0x2e CMakeFiles/F446RE.dir/Core/Src/main.c.obj
 .debug_macro   0x0001fd2d      0x127 CMakeFiles/F446RE.dir/Core/Src/main.c.obj
 .debug_macro   0x0001fe54       0xe8 CMakeFiles/F446RE.dir/Core/Src/main.c.obj
 .debug_macro   0x0001ff3c       0x89 CMakeFiles/F446RE.dir/Core/Src/main.c.obj
 .debug_macro   0x0001ffc5      0x8ed CMakeFiles/F446RE.dir/Core/Src/main.c.obj
 .debug_macro   0x000208b2       0x53 CMakeFiles/F446RE.dir/Core/Src/main.c.obj
 .debug_macro   0x00020905      0x2aa CMakeFiles/F446RE.dir/Core/Src/main.c.obj
 .debug_macro   0x00020baf      0x126 CMakeFiles/F446RE.dir/Core/Src/main.c.obj
 .debug_macro   0x00020cd5      0x16c CMakeFiles/F446RE.dir/Core/Src/main.c.obj
 .debug_macro   0x00020e41       0x74 CMakeFiles/F446RE.dir/Core/Src/main.c.obj
 .debug_macro   0x00020eb5       0x2a CMakeFiles/F446RE.dir/Core/Src/main.c.obj
 .debug_macro   0x00020edf       0x3c CMakeFiles/F446RE.dir/Core/Src/main.c.obj
 .debug_macro   0x00020f1b       0x34 CMakeFiles/F446RE.dir/Core/Src/main.c.obj
 .debug_macro   0x00020f4f       0x16 CMakeFiles/F446RE.dir/Core/Src/main.c.obj
 .debug_macro   0x00020f65       0x35 CMakeFiles/F446RE.dir/Core/Src/main.c.obj
 .debug_macro   0x00020f9a      0x369 CMakeFiles/F446RE.dir/Core/Src/main.c.obj
 .debug_macro   0x00021303       0x10 CMakeFiles/F446RE.dir/Core/Src/main.c.obj
 .debug_macro   0x00021313       0x16 CMakeFiles/F446RE.dir/Core/Src/main.c.obj
 .debug_macro   0x00021329       0x43 CMakeFiles/F446RE.dir/Core/Src/main.c.obj
 .debug_macro   0x0002136c       0x34 CMakeFiles/F446RE.dir/Core/Src/main.c.obj
 .debug_macro   0x000213a0       0x10 CMakeFiles/F446RE.dir/Core/Src/main.c.obj
 .debug_macro   0x000213b0       0x58 CMakeFiles/F446RE.dir/Core/Src/main.c.obj
 .debug_macro   0x00021408      0x1de CMakeFiles/F446RE.dir/Core/Src/main.c.obj
 .debug_macro   0x000215e6       0x16 CMakeFiles/F446RE.dir/Core/Src/main.c.obj
 .debug_macro   0x000215fc       0x16 CMakeFiles/F446RE.dir/Core/Src/main.c.obj
 .debug_macro   0x00021612      0x170 CMakeFiles/F446RE.dir/Core/Src/main.c.obj
 .debug_macro   0x00021782      0x20f CMakeFiles/F446RE.dir/Core/Src/stm32f4xx_it.c.obj
 .debug_macro   0x00021991      0x205 CMakeFiles/F446RE.dir/Core/Src/stm32f4xx_hal_msp.c.obj
 .debug_macro   0x00021b96      0x1f7 CMakeFiles/F446RE.dir/Drivers/STM32F4xx_HAL_Driver/Src/stm32f4xx_hal_adc.c.obj
 .debug_macro   0x00021d8d      0x21a CMakeFiles/F446RE.dir/Drivers/STM32F4xx_HAL_Driver/Src/stm32f4xx_hal_rcc.c.obj
 .debug_macro   0x00021fa7      0x1f6 CMakeFiles/F446RE.dir/Drivers/STM32F4xx_HAL_Driver/Src/stm32f4xx_hal_rcc_ex.c.obj
 .debug_macro   0x0002219d      0x1fc CMakeFiles/F446RE.dir/Drivers/STM32F4xx_HAL_Driver/Src/stm32f4xx_hal_gpio.c.obj
 .debug_macro   0x00022399      0x1f6 CMakeFiles/F446RE.dir/Drivers/STM32F4xx_HAL_Driver/Src/stm32f4xx_hal_cortex.c.obj
 .debug_macro   0x0002258f      0x256 CMakeFiles/F446RE.dir/Drivers/STM32F4xx_HAL_Driver/Src/stm32f4xx_hal.c.obj
 .debug_macro   0x000227e5      0x1f7 CMakeFiles/F446RE.dir/Drivers/STM32F4xx_HAL_Driver/Src/stm32f4xx_hal_tim.c.obj
 .debug_macro   0x000229dc      0x1f6 CMakeFiles/F446RE.dir/Drivers/STM32F4xx_HAL_Driver/Src/stm32f4xx_hal_tim_ex.c.obj
 .debug_macro   0x00022bd2      0x1f7 CMakeFiles/F446RE.dir/Drivers/STM32F4xx_HAL_Driver/Src/stm32f4xx_hal_uart.c.obj
 .debug_macro   0x00022dc9      0x1f6 CMakeFiles/F446RE.dir/Core/Src/system_stm32f4xx.c.obj
 .debug_macro   0x00022fbf       0xec CMakeFiles/F446RE.dir/Core/Src/sysmem.c.obj
 .debug_macro   0x000230ab       0x10 CMakeFiles/F446RE.dir/Core/Src/sysmem.c.obj
 .debug_macro   0x000230bb       0x6e CMakeFiles/F446RE.dir/Core/Src/sysmem.c.obj
 .debug_macro   0x00023129       0x94 CMakeFiles/F446RE.dir/Core/Src/sysmem.c.obj
 .debug_macro   0x000231bd       0x57 CMakeFiles/F446RE.dir/Core/Src/sysmem.c.obj
 .debug_macro   0x00023214      0x23c CMakeFiles/F446RE.dir/Core/Src/sysmem.c.obj
 .debug_macro   0x00023450      0x265 CMakeFiles/F446RE.dir/Core/Src/syscalls.c.obj
 .debug_macro   0x000236b5       0x10 CMakeFiles/F446RE.dir/Core/Src/syscalls.c.obj
 .debug_macro   0x000236c5       0x10 CMakeFiles/F446RE.dir/Core/Src/syscalls.c.obj
 .debug_macro   0x000236d5       0x10 CMakeFiles/F446RE.dir/Core/Src/syscalls.c.obj
 .debug_macro   0x000236e5       0x10 CMakeFiles/F446RE.dir/Core/Src/syscalls.c.obj
 .debug_macro   0x000236f5       0x1c CMakeFiles/F446RE.dir/Core/Src/syscalls.c.obj
 .debug_macro   0x00023711       0x52 CMakeFiles/F446RE.dir/Core/Src/syscalls.c.obj
 .debug_macro   0x00023763       0x22 CMakeFiles/F446RE.dir/Core/Src/syscalls.c.obj
 .debug_macro   0x00023785       0x10 CMakeFiles/F446RE.dir/Core/Src/syscalls.c.obj
 .debug_macro   0x00023795       0x52 CMakeFiles/F446RE.dir/Core/Src/syscalls.c.obj
 .debug_macro   0x000237e7       0xcf CMakeFiles/F446RE.dir/Core/Src/syscalls.c.obj
 .debug_macro   0x000238b6       0x1c CMakeFiles/F446RE.dir/Core/Src/syscalls.c.obj
 .debug_macro   0x000238d2       0x3d CMakeFiles/F446RE.dir/Core/Src/syscalls.c.obj
 .debug_macro   0x0002390f       0x35 CMakeFiles/F446RE.dir/Core/Src/syscalls.c.obj
 .debug_macro   0x00023944      0x12c CMakeFiles/F446RE.dir/Core/Src/syscalls.c.obj
 .debug_macro   0x00023a70       0x16 CMakeFiles/F446RE.dir/Core/Src/syscalls.c.obj
 .debug_macro   0x00023a86       0x16 CMakeFiles/F446RE.dir/Core/Src/syscalls.c.obj
 .debug_macro   0x00023a9c       0x29 CMakeFiles/F446RE.dir/Core/Src/syscalls.c.obj
 .debug_macro   0x00023ac5      0x242 CMakeFiles/F446RE.dir/Core/Src/syscalls.c.obj
 .debug_macro   0x00023d07       0x1c CMakeFiles/F446RE.dir/Core/Src/syscalls.c.obj
 .debug_macro   0x00023d23       0x10 CMakeFiles/F446RE.dir/Core/Src/syscalls.c.obj
 .debug_macro   0x00023d33      0x18a CMakeFiles/F446RE.dir/Core/Src/syscalls.c.obj
 .debug_macro   0x00023ebd       0x16 CMakeFiles/F446RE.dir/Core/Src/syscalls.c.obj
 .debug_macro   0x00023ed3       0xce CMakeFiles/F446RE.dir/Core/Src/syscalls.c.obj

.debug_line     0x00000000    0x11ae4
 .debug_line    0x00000000      0xb32 CMakeFiles/F446RE.dir/Core/Src/main.c.obj
 .debug_line    0x00000b32      0x807 CMakeFiles/F446RE.dir/Core/Src/stm32f4xx_it.c.obj
 .debug_line    0x00001339      0x90e CMakeFiles/F446RE.dir/Core/Src/stm32f4xx_hal_msp.c.obj
 .debug_line    0x00001c47     0x12c6 CMakeFiles/F446RE.dir/Drivers/STM32F4xx_HAL_Driver/Src/stm32f4xx_hal_adc.c.obj
 .debug_line    0x00002f0d      0xdc9 CMakeFiles/F446RE.dir/Drivers/STM32F4xx_HAL_Driver/Src/stm32f4xx_hal_rcc.c.obj
 .debug_line    0x00003cd6     0x1439 CMakeFiles/F446RE.dir/Drivers/STM32F4xx_HAL_Driver/Src/stm32f4xx_hal_rcc_ex.c.obj
 .debug_line    0x0000510f      0xbaa CMakeFiles/F446RE.dir/Drivers/STM32F4xx_HAL_Driver/Src/stm32f4xx_hal_gpio.c.obj
 .debug_line    0x00005cb9      0xd24 CMakeFiles/F446RE.dir/Drivers/STM32F4xx_HAL_Driver/Src/stm32f4xx_hal_cortex.c.obj
 .debug_line    0x000069dd      0xa32 CMakeFiles/F446RE.dir/Drivers/STM32F4xx_HAL_Driver/Src/stm32f4xx_hal.c.obj
 .debug_line    0x0000740f     0x37d6 CMakeFiles/F446RE.dir/Drivers/STM32F4xx_HAL_Driver/Src/stm32f4xx_hal_tim.c.obj
 .debug_line    0x0000abe5     0x1a28 CMakeFiles/F446RE.dir/Drivers/STM32F4xx_HAL_Driver/Src/stm32f4xx_hal_tim_ex.c.obj
 .debug_line    0x0000c60d     0x2904 CMakeFiles/F446RE.dir/Drivers/STM32F4xx_HAL_Driver/Src/stm32f4xx_hal_uart.c.obj
 .debug_line    0x0000ef11      0x7c9 CMakeFiles/F446RE.dir/Core/Src/system_stm32f4xx.c.obj
 .debug_line    0x0000f6da      0x2c9 CMakeFiles/F446RE.dir/Core/Src/sysmem.c.obj
 .debug_line    0x0000f9a3      0x5f8 CMakeFiles/F446RE.dir/Core/Src/syscalls.c.obj
 .debug_line    0x0000ff9b       0x7a CMakeFiles/F446RE.dir/startup_stm32f446xx.s.obj
 .debug_line    0x00010015      0x1d8 /opt/ST/STM32CubeCLT_1.16.0/GNU-tools-for-STM32/bin/../lib/gcc/arm-none-eabi/12.3.1/../../../../arm-none-eabi/lib/thumb/v7e-m+fp/hard/libg_nano.a(libc_a-setbuf.o)
 .debug_line    0x000101ed      0x3e3 /opt/ST/STM32CubeCLT_1.16.0/GNU-tools-for-STM32/bin/../lib/gcc/arm-none-eabi/12.3.1/../../../../arm-none-eabi/lib/thumb/v7e-m+fp/hard/libg_nano.a(libc_a-setvbuf.o)
 .debug_line    0x000105d0      0x3b2 /opt/ST/STM32CubeCLT_1.16.0/GNU-tools-for-STM32/bin/../lib/gcc/arm-none-eabi/12.3.1/../../../../arm-none-eabi/lib/thumb/v7e-m+fp/hard/libg_nano.a(libc_a-makebuf.o)
 .debug_line    0x00010982      0x339 /opt/ST/STM32CubeCLT_1.16.0/GNU-tools-for-STM32/bin/../lib/gcc/arm-none-eabi/12.3.1/../../../../arm-none-eabi/lib/thumb/v7e-m+fp/hard/libg_nano.a(libc_a-puts.o)
 .debug_line    0x00010cbb      0x2af /opt/ST/STM32CubeCLT_1.16.0/GNU-tools-for-STM32/bin/../lib/gcc/arm-none-eabi/12.3.1/../../../../arm-none-eabi/lib/thumb/v7e-m+fp/hard/libg_nano.a(libc_a-fstatr.o)
 .debug_line    0x00010f6a      0x21c /opt/ST/STM32CubeCLT_1.16.0/GNU-tools-for-STM32/bin/../lib/gcc/arm-none-eabi/12.3.1/../../../../arm-none-eabi/lib/thumb/v7e-m+fp/hard/libg_nano.a(libc_a-isattyr.o)
 .debug_line    0x00011186      0x185 /opt/ST/STM32CubeCLT_1.16.0/GNU-tools-for-STM32/bin/../lib/gcc/arm-none-eabi/12.3.1/../../../../arm-none-eabi/lib/thumb/v7e-m+fp/hard/libg_nano.a(libc_a-errno.o)
 .debug_line    0x0001130b      0x201 /opt/ST/STM32CubeCLT_1.16.0/GNU-tools-for-STM32/bin/../lib/gcc/arm-none-eabi/12.3.1/../../../../arm-none-eabi/lib/thumb/v7e-m+fp/hard/libg_nano.a(libc_a-malloc.o)
 .debug_line    0x0001150c      0x2d4 /opt/ST/STM32CubeCLT_1.16.0/GNU-tools-for-STM32/bin/../lib/gcc/arm-none-eabi/12.3.1/../../../../arm-none-eabi/lib/thumb/v7e-m+fp/hard/libg_nano.a(libc_a-wbuf.o)
 .debug_line    0x000117e0      0x304 /opt/ST/STM32CubeCLT_1.16.0/GNU-tools-for-STM32/bin/../lib/gcc/arm-none-eabi/12.3.1/../../../../arm-none-eabi/lib/thumb/v7e-m+fp/hard/libg_nano.a(libc_a-wsetup.o)

.debug_str      0x00000000    0xdfd8a
 .debug_str     0x00000000    0xda153 CMakeFiles/F446RE.dir/Core/Src/main.c.obj
                              0xda56e (size before relaxing)
 .debug_str     0x000da153      0x104 CMakeFiles/F446RE.dir/Core/Src/stm32f4xx_it.c.obj
                              0xd6161 (size before relaxing)
 .debug_str     0x000da257      0x103 CMakeFiles/F446RE.dir/Core/Src/stm32f4xx_hal_msp.c.obj
                              0xd6bf0 (size before relaxing)
 .debug_str     0x000da35a      0x322 CMakeFiles/F446RE.dir/Drivers/STM32F4xx_HAL_Driver/Src/stm32f4xx_hal_adc.c.obj
                              0xd632c (size before relaxing)
 .debug_str     0x000da67c      0x2d6 CMakeFiles/F446RE.dir/Drivers/STM32F4xx_HAL_Driver/Src/stm32f4xx_hal_rcc.c.obj
                              0xd619d (size before relaxing)
 .debug_str     0x000da952      0x35f CMakeFiles/F446RE.dir/Drivers/STM32F4xx_HAL_Driver/Src/stm32f4xx_hal_rcc_ex.c.obj
                              0xd61d0 (size before relaxing)
 .debug_str     0x000dacb1      0x15c CMakeFiles/F446RE.dir/Drivers/STM32F4xx_HAL_Driver/Src/stm32f4xx_hal_gpio.c.obj
                              0xd5edf (size before relaxing)
 .debug_str     0x000dae0d      0x98a CMakeFiles/F446RE.dir/Drivers/STM32F4xx_HAL_Driver/Src/stm32f4xx_hal_cortex.c.obj
                              0xd6680 (size before relaxing)
 .debug_str     0x000db797      0x5aa CMakeFiles/F446RE.dir/Drivers/STM32F4xx_HAL_Driver/Src/stm32f4xx_hal.c.obj
                              0xd6929 (size before relaxing)
 .debug_str     0x000dbd41      0xdab CMakeFiles/F446RE.dir/Drivers/STM32F4xx_HAL_Driver/Src/stm32f4xx_hal_tim.c.obj
                              0xd70c9 (size before relaxing)
 .debug_str     0x000dcaec      0x41c CMakeFiles/F446RE.dir/Drivers/STM32F4xx_HAL_Driver/Src/stm32f4xx_hal_tim_ex.c.obj
                              0xd68d5 (size before relaxing)
 .debug_str     0x000dcf08      0x636 CMakeFiles/F446RE.dir/Drivers/STM32F4xx_HAL_Driver/Src/stm32f4xx_hal_uart.c.obj
                              0xd6754 (size before relaxing)
 .debug_str     0x000dd53e       0x85 CMakeFiles/F446RE.dir/Core/Src/system_stm32f4xx.c.obj
                              0xd5d64 (size before relaxing)
 .debug_str     0x000dd5c3      0x517 CMakeFiles/F446RE.dir/Core/Src/sysmem.c.obj
                               0x5b2c (size before relaxing)
 .debug_str     0x000ddada     0x1c6e CMakeFiles/F446RE.dir/Core/Src/syscalls.c.obj
                               0x93b9 (size before relaxing)
 .debug_str     0x000df748       0x70 CMakeFiles/F446RE.dir/startup_stm32f446xx.s.obj
                                 0xba (size before relaxing)
 .debug_str     0x000df7b8      0x193 /opt/ST/STM32CubeCLT_1.16.0/GNU-tools-for-STM32/bin/../lib/gcc/arm-none-eabi/12.3.1/../../../../arm-none-eabi/lib/thumb/v7e-m+fp/hard/libg_nano.a(libc_a-setbuf.o)
                                0x533 (size before relaxing)
 .debug_str     0x000df94b       0xeb /opt/ST/STM32CubeCLT_1.16.0/GNU-tools-for-STM32/bin/../lib/gcc/arm-none-eabi/12.3.1/../../../../arm-none-eabi/lib/thumb/v7e-m+fp/hard/libg_nano.a(libc_a-setvbuf.o)
                                0x5da (size before relaxing)
 .debug_str     0x000dfa36       0x9c /opt/ST/STM32CubeCLT_1.16.0/GNU-tools-for-STM32/bin/../lib/gcc/arm-none-eabi/12.3.1/../../../../arm-none-eabi/lib/thumb/v7e-m+fp/hard/libg_nano.a(libc_a-makebuf.o)
                                0x6c4 (size before relaxing)
 .debug_str     0x000dfad2       0x84 /opt/ST/STM32CubeCLT_1.16.0/GNU-tools-for-STM32/bin/../lib/gcc/arm-none-eabi/12.3.1/../../../../arm-none-eabi/lib/thumb/v7e-m+fp/hard/libg_nano.a(libc_a-puts.o)
                                0x5bc (size before relaxing)
 .debug_str     0x000dfb56       0x5f /opt/ST/STM32CubeCLT_1.16.0/GNU-tools-for-STM32/bin/../lib/gcc/arm-none-eabi/12.3.1/../../../../arm-none-eabi/lib/thumb/v7e-m+fp/hard/libg_nano.a(libc_a-fstatr.o)