Archive member included to satisfy reference by file (symbol)

/opt/ST/STM32CubeCLT_1.16.0/GNU-tools-for-STM32/bin/../lib/gcc/arm-none-eabi/12.3.1/../../../../arm-none-eabi/lib/thumb/v7e-m+fp/hard/libc_nano.a(libc_a-exit.o)
                              /opt/ST/STM32CubeCLT_1.16.0/GNU-tools-for-STM32/bin/../lib/gcc/arm-none-eabi/12.3.1/../../../../arm-none-eabi/lib/thumb/v7e-m+fp/hard/crt0.o (exit)
/opt/ST/STM32CubeCLT_1.16.0/GNU-tools-for-STM32/bin/../lib/gcc/arm-none-eabi/12.3.1/../../../../arm-none-eabi/lib/thumb/v7e-m+fp/hard/libc_nano.a(libc_a-setbuf.o)
                              build/main.o (setbuf)
/opt/ST/STM32CubeCLT_1.16.0/GNU-tools-for-STM32/bin/../lib/gcc/arm-none-eabi/12.3.1/../../../../arm-none-eabi/lib/thumb/v7e-m+fp/hard/libc_nano.a(libc_a-setvbuf.o)
                              /opt/ST/STM32CubeCLT_1.16.0/GNU-tools-for-STM32/bin/../lib/gcc/arm-none-eabi/12.3.1/../../../../arm-none-eabi/lib/thumb/v7e-m+fp/hard/libc_nano.a(libc_a-setbuf.o) (setvbuf)
/opt/ST/STM32CubeCLT_1.16.0/GNU-tools-for-STM32/bin/../lib/gcc/arm-none-eabi/12.3.1/../../../../arm-none-eabi/lib/thumb/v7e-m+fp/hard/libc_nano.a(libc_a-findfp.o)
                              /opt/ST/STM32CubeCLT_1.16.0/GNU-tools-for-STM32/bin/../lib/gcc/arm-none-eabi/12.3.1/../../../../arm-none-eabi/lib/thumb/v7e-m+fp/hard/libc_nano.a(libc_a-exit.o) (__stdio_exit_handler)
/opt/ST/STM32CubeCLT_1.16.0/GNU-tools-for-STM32/bin/../lib/gcc/arm-none-eabi/12.3.1/../../../../arm-none-eabi/lib/thumb/v7e-m+fp/hard/libc_nano.a(libc_a-fwalk.o)
                              /opt/ST/STM32CubeCLT_1.16.0/GNU-tools-for-STM32/bin/../lib/gcc/arm-none-eabi/12.3.1/../../../../arm-none-eabi/lib/thumb/v7e-m+fp/hard/libc_nano.a(libc_a-findfp.o) (_fwalk_sglue)
/opt/ST/STM32CubeCLT_1.16.0/GNU-tools-for-STM32/bin/../lib/gcc/arm-none-eabi/12.3.1/../../../../arm-none-eabi/lib/thumb/v7e-m+fp/hard/libc_nano.a(libc_a-makebuf.o)
                              /opt/ST/STM32CubeCLT_1.16.0/GNU-tools-for-STM32/bin/../lib/gcc/arm-none-eabi/12.3.1/../../../../arm-none-eabi/lib/thumb/v7e-m+fp/hard/libc_nano.a(libc_a-setvbuf.o) (__swhatbuf_r)
/opt/ST/STM32CubeCLT_1.16.0/GNU-tools-for-STM32/bin/../lib/gcc/arm-none-eabi/12.3.1/../../../../arm-none-eabi/lib/thumb/v7e-m+fp/hard/libc_nano.a(libc_a-memset.o)
                              /opt/ST/STM32CubeCLT_1.16.0/GNU-tools-for-STM32/bin/../lib/gcc/arm-none-eabi/12.3.1/../../../../arm-none-eabi/lib/thumb/v7e-m+fp/hard/crt0.o (memset)
/opt/ST/STM32CubeCLT_1.16.0/GNU-tools-for-STM32/bin/../lib/gcc/arm-none-eabi/12.3.1/../../../../arm-none-eabi/lib/thumb/v7e-m+fp/hard/libc_nano.a(libc_a-impure.o)
                              build/main.o (_impure_ptr)
/opt/ST/STM32CubeCLT_1.16.0/GNU-tools-for-STM32/bin/../lib/gcc/arm-none-eabi/12.3.1/../../../../arm-none-eabi/lib/thumb/v7e-m+fp/hard/libc_nano.a(libc_a-fstatr.o)
                              /opt/ST/STM32CubeCLT_1.16.0/GNU-tools-for-STM32/bin/../lib/gcc/arm-none-eabi/12.3.1/../../../../arm-none-eabi/lib/thumb/v7e-m+fp/hard/libc_nano.a(libc_a-makebuf.o) (_fstat_r)
/opt/ST/STM32CubeCLT_1.16.0/GNU-tools-for-STM32/bin/../lib/gcc/arm-none-eabi/12.3.1/../../../../arm-none-eabi/lib/thumb/v7e-m+fp/hard/libc_nano.a(libc_a-isattyr.o)
                              /opt/ST/STM32CubeCLT_1.16.0/GNU-tools-for-STM32/bin/../lib/gcc/arm-none-eabi/12.3.1/../../../../arm-none-eabi/lib/thumb/v7e-m+fp/hard/libc_nano.a(libc_a-makebuf.o) (_isatty_r)
/opt/ST/STM32CubeCLT_1.16.0/GNU-tools-for-STM32/bin/../lib/gcc/arm-none-eabi/12.3.1/../../../../arm-none-eabi/lib/thumb/v7e-m+fp/hard/libc_nano.a(libc_a-errno.o)
                              build/sysmem.o (__errno)
/opt/ST/STM32CubeCLT_1.16.0/GNU-tools-for-STM32/bin/../lib/gcc/arm-none-eabi/12.3.1/../../../../arm-none-eabi/lib/thumb/v7e-m+fp/hard/libc_nano.a(libc_a-init.o)
                              /opt/ST/STM32CubeCLT_1.16.0/GNU-tools-for-STM32/bin/../lib/gcc/arm-none-eabi/12.3.1/../../../../arm-none-eabi/lib/thumb/v7e-m+fp/hard/crt0.o (__libc_init_array)
/opt/ST/STM32CubeCLT_1.16.0/GNU-tools-for-STM32/bin/../lib/gcc/arm-none-eabi/12.3.1/../../../../arm-none-eabi/lib/thumb/v7e-m+fp/hard/libc_nano.a(libc_a-lock.o)
                              /opt/ST/STM32CubeCLT_1.16.0/GNU-tools-for-STM32/bin/../lib/gcc/arm-none-eabi/12.3.1/../../../../arm-none-eabi/lib/thumb/v7e-m+fp/hard/libc_nano.a(libc_a-findfp.o) (__retarget_lock_init_recursive)
/opt/ST/STM32CubeCLT_1.16.0/GNU-tools-for-STM32/bin/../lib/gcc/arm-none-eabi/12.3.1/../../../../arm-none-eabi/lib/thumb/v7e-m+fp/hard/libc_nano.a(libc_a-freer.o)
                              /opt/ST/STM32CubeCLT_1.16.0/GNU-tools-for-STM32/bin/../lib/gcc/arm-none-eabi/12.3.1/../../../../arm-none-eabi/lib/thumb/v7e-m+fp/hard/libc_nano.a(libc_a-setvbuf.o) (_free_r)
/opt/ST/STM32CubeCLT_1.16.0/GNU-tools-for-STM32/bin/../lib/gcc/arm-none-eabi/12.3.1/../../../../arm-none-eabi/lib/thumb/v7e-m+fp/hard/libc_nano.a(libc_a-malloc.o)
[...]
Memory Configuration

Name             Origin             Length             Attributes
RAM              0x20000000         0x00020000         xrw
FLASH            0x08000000         0x00080000         xr
*default*        0x00000000         0xffffffff

Linker script and memory map

LOAD /opt/ST/STM32CubeCLT_1.16.0/GNU-tools-for-STM32/bin/../lib/gcc/arm-none-eabi/12.3.1/thumb/v7e-m+fp/hard/crti.o
LOAD /opt/ST/STM32CubeCLT_1.16.0/GNU-tools-for-STM32/bin/../lib/gcc/arm-none-eabi/12.3.1/thumb/v7e-m+fp/hard/crtbegin.o
LOAD /opt/ST/STM32CubeCLT_1.16.0/GNU-tools-for-STM32/bin/../lib/gcc/arm-none-eabi/12.3.1/../../../../arm-none-eabi/lib/thumb/v7e-m+fp/hard/crt0.o
LOAD build/main.o
LOAD build/gpio.o
LOAD build/adc.o
LOAD build/tim.o
LOAD build/usart.o
LOAD build/stm32f4xx_it.o
LOAD build/stm32f4xx_hal_msp.o
LOAD build/stm32f4xx_hal_adc.o
LOAD build/stm32f4xx_hal_adc_ex.o
LOAD build/stm32f4xx_ll_adc.o
LOAD build/stm32f4xx_hal_rcc.o
LOAD build/stm32f4xx_hal_rcc_ex.o
LOAD build/stm32f4xx_hal_flash.o
LOAD build/stm32f4xx_hal_flash_ex.o
LOAD build/stm32f4xx_hal_flash_ramfunc.o
LOAD build/stm32f4xx_hal_gpio.o
LOAD build/stm32f4xx_hal_dma_ex.o
LOAD build/stm32f4xx_hal_dma.o
LOAD build/stm32f4xx_hal_pwr.o
LOAD build/stm32f4xx_hal_pwr_ex.o
LOAD build/stm32f4xx_hal_cortex.o
LOAD build/stm32f4xx_hal.o
LOAD build/stm32f4xx_hal_exti.o
LOAD build/stm32f4xx_hal_tim.o
LOAD build/stm32f4xx_hal_tim_ex.o
LOAD build/stm32f4xx_hal_uart.o
LOAD build/system_stm32f4xx.o
LOAD build/sysmem.o
LOAD build/syscalls.o
LOAD build/app.o
LOAD build/startup_stm32f446xx.o
LOAD /opt/ST/STM32CubeCLT_1.16.0/GNU-tools-for-STM32/bin/../lib/gcc/arm-none-eabi/12.3.1/../../../../arm-none-eabi/lib/thumb/v7e-m+fp/hard/libc_nano.a
LOAD /opt/ST/STM32CubeCLT_1.16.0/GNU-tools-for-STM32/bin/../lib/gcc/arm-none-eabi/12.3.1/../../../../arm-none-eabi/lib/thumb/v7e-m+fp/hard/libm.a
LOAD /opt/ST/STM32CubeCLT_1.16.0/GNU-tools-for-STM32/bin/../lib/gcc/arm-none-eabi/12.3.1/../../../../arm-none-eabi/lib/thumb/v7e-m+fp/hard/libnosys.a
START GROUP
LOAD /opt/ST/STM32CubeCLT_1.16.0/GNU-tools-for-STM32/bin/../lib/gcc/arm-none-eabi/12.3.1/thumb/v7e-m+fp/hard/libgcc.a
LOAD /opt/ST/STM32CubeCLT_1.16.0/GNU-tools-for-STM32/bin/../lib/gcc/arm-none-eabi/12.3.1/../../../../arm-none-eabi/lib/thumb/v7e-m+fp/hard/libc_nano.a
END GROUP
START GROUP
LOAD /opt/ST/STM32CubeCLT_1.16.0/GNU-tools-for-STM32/bin/../lib/gcc/arm-none-eabi/12.3.1/thumb/v7e-m+fp/hard/libgcc.a
LOAD /opt/ST/STM32CubeCLT_1.16.0/GNU-tools-for-STM32/bin/../lib/gcc/arm-none-eabi/12.3.1/../../../../arm-none-eabi/lib/thumb/v7e-m+fp/hard/libc_nano.a
END GROUP
LOAD /opt/ST/STM32CubeCLT_1.16.0/GNU-tools-for-STM32/bin/../lib/gcc/arm-none-eabi/12.3.1/thumb/v7e-m+fp/hard/crtend.o
LOAD /opt/ST/STM32CubeCLT_1.16.0/GNU-tools-for-STM32/bin/../lib/gcc/arm-none-eabi/12.3.1/thumb/v7e-m+fp/hard/crtn.o
                0x20020000                        _estack = (ORIGIN (RAM) + LENGTH (RAM))
                0x00000200                        _Min_Heap_Size = 0x200
                0x00000400                        _Min_Stack_Size = 0x400

.isr_vector     0x08000000      0x1c4
                0x08000000                        . = ALIGN (0x4)
 *(.isr_vector)
 .isr_vector    0x08000000      0x1c4 build/startup_stm32f446xx.o
                0x08000000                g_pfnVectors
                0x080001c4                        . = ALIGN (0x4)

.text           0x080001c4     0x2ec0
                0x080001c4                        . = ALIGN (0x4)
 *(.text)
 .text          0x080001c4       0x40 /opt/ST/STM32CubeCLT_1.16.0/GNU-tools-for-STM32/bin/../lib/gcc/arm-none-eabi/12.3.1/thumb/v7e-m+fp/hard/crtbegin.o
 .text          0x08000204       0x30 /opt/ST/STM32CubeCLT_1.16.0/GNU-tools-for-STM32/bin/../lib/gcc/arm-none-eabi/12.3.1/thumb/v7e-m+fp/hard/libgcc.a(_aeabi_uldivmod.o)
                0x08000204                __aeabi_uldivmod
 .text          0x08000234      0x2bc /opt/ST/STM32CubeCLT_1.16.0/GNU-tools-for-STM32/bin/../lib/gcc/arm-none-eabi/12.3.1/thumb/v7e-m+fp/hard/libgcc.a(_udivmoddi4.o)
                0x08000234                __udivmoddi4
 .text          0x080004f0        0x4 /opt/ST/STM32CubeCLT_1.16.0/GNU-tools-for-STM32/bin/../lib/gcc/arm-none-eabi/12.3.1/thumb/v7e-m+fp/hard/libgcc.a(_dvmd_tls.o)
                0x080004f0                __aeabi_ldiv0
                0x080004f0                __aeabi_idiv0
 *(.text*)
 .text._write   0x080004f4       0x18 build/main.o
                0x080004f4                _write
 .text.Error_Handler
                0x0800050c        0x4 build/main.o
                0x0800050c                Error_Handler
 .text.SystemClock_Config
                0x08000510       0xa8 build/main.o
                0x08000510                SystemClock_Config
 .text.main     0x080005b8       0xcc build/main.o
                0x080005b8                main
 .text.MX_GPIO_Init
                0x08000684       0xf0 build/gpio.o
                0x08000684                MX_GPIO_Init
 .text.MX_ADC1_Init
                0x08000774       0x6c build/adc.o
                0x08000774                MX_ADC1_Init
 .text.HAL_ADC_MspInit
                0x080007e0       0xb4 build/adc.o
                0x080007e0                HAL_ADC_MspInit
 .text.HAL_TIM_Base_MspInit
                0x08000894       0x74 build/tim.o
                0x08000894                HAL_TIM_Base_MspInit
 .text.HAL_TIM_MspPostInit
                0x08000908       0xd0 build/tim.o
                0x08000908                HAL_TIM_MspPostInit
 .text.MX_TIM1_Init
                0x080009d8      0x120 build/tim.o
                0x080009d8                MX_TIM1_Init
 .text.MX_TIM2_Init
                0x08000af8       0xac build/tim.o
                0x08000af8                MX_TIM2_Init
 .text.MX_TIM3_Init
                0x08000ba4       0xc0 build/tim.o
                0x08000ba4                MX_TIM3_Init
 .text.MX_UART4_Init
                0x08000c64       0x34 build/usart.o
                0x08000c64                MX_UART4_Init
 .text.MX_USART6_UART_Init
                0x08000c98       0x34 build/usart.o
                0x08000c98                MX_USART6_UART_Init
 .text.HAL_UART_MspInit
                0x08000ccc       0xc4 build/usart.o
                0x08000ccc                HAL_UART_MspInit
 .text.NMI_Handler
                0x08000d90        0x2 build/stm32f4xx_it.o
                0x08000d90                NMI_Handler
 .text.HardFault_Handler
                0x08000d92        0x2 build/stm32f4xx_it.o
                0x08000d92                HardFault_Handler
 .text.MemManage_Handler
                0x08000d94        0x2 build/stm32f4xx_it.o
                0x08000d94                MemManage_Handler
 .text.BusFault_Handler
                0x08000d96        0x2 build/stm32f4xx_it.o
                0x08000d96                BusFault_Handler
 .text.UsageFault_Handler
                0x08000d98        0x2 build/stm32f4xx_it.o
                0x08000d98                UsageFault_Handler
 .text.SVC_Handler
                0x08000d9a        0x2 build/stm32f4xx_it.o
                0x08000d9a                SVC_Handler
 .text.DebugMon_Handler
                0x08000d9c        0x2 build/stm32f4xx_it.o
                0x08000d9c                DebugMon_Handler
 .text.PendSV_Handler
                0x08000d9e        0x2 build/stm32f4xx_it.o
                0x08000d9e                PendSV_Handler
 .text.SysTick_Handler
                0x08000da0        0x8 build/stm32f4xx_it.o
                0x08000da0                SysTick_Handler
 .text.HAL_MspInit
                0x08000da8       0x38 build/stm32f4xx_hal_msp.o
                0x08000da8                HAL_MspInit
 .text.ADC_Init
                0x08000de0      0x134 build/stm32f4xx_hal_adc.o
 .text.HAL_ADC_Init
                0x08000f14       0x56 build/stm32f4xx_hal_adc.o
                0x08000f14                HAL_ADC_Init
 *fill*         0x08000f6a        0x2 
 .text.HAL_ADC_ConfigChannel
                0x08000f6c      0x1ac build/stm32f4xx_hal_adc.o
                0x08000f6c                HAL_ADC_ConfigChannel
 .text.HAL_RCC_ClockConfig
                0x08001118      0x160 build/stm32f4xx_hal_rcc.o
                0x08001118                HAL_RCC_ClockConfig
 .text.HAL_RCC_GetHCLKFreq
                0x08001278        0xc build/stm32f4xx_hal_rcc.o
                0x08001278                HAL_RCC_GetHCLKFreq
 .text.HAL_RCC_GetPCLK1Freq
                0x08001284       0x20 build/stm32f4xx_hal_rcc.o
                0x08001284                HAL_RCC_GetPCLK1Freq
 .text.HAL_RCC_GetPCLK2Freq
                0x080012a4       0x20 build/stm32f4xx_hal_rcc.o
                0x080012a4                HAL_RCC_GetPCLK2Freq
 .text.HAL_RCC_GetSysClockFreq
                0x080012c4      0x184 build/stm32f4xx_hal_rcc_ex.o
                0x080012c4                HAL_RCC_GetSysClockFreq
 .text.HAL_RCC_OscConfig
                0x08001448      0x444 build/stm32f4xx_hal_rcc_ex.o
                0x08001448                HAL_RCC_OscConfig
 .text.HAL_GPIO_Init
                0x0800188c      0x1e0 build/stm32f4xx_hal_gpio.o
                0x0800188c                HAL_GPIO_Init
 .text.HAL_GPIO_WritePin
                0x08001a6c        0xc build/stm32f4xx_hal_gpio.o
                0x08001a6c                HAL_GPIO_WritePin
 .text.__NVIC_SetPriority
                0x08001a78       0x28 build/stm32f4xx_hal_cortex.o
 .text.NVIC_EncodePriority
                0x08001aa0       0x3e build/stm32f4xx_hal_cortex.o
 *fill*         0x08001ade        0x2 
 .text.HAL_NVIC_SetPriorityGrouping
                0x08001ae0       0x24 build/stm32f4xx_hal_cortex.o
                0x08001ae0                HAL_NVIC_SetPriorityGrouping
 .text.HAL_NVIC_SetPriority
                0x08001b04       0x20 build/stm32f4xx_hal_cortex.o
                0x08001b04                HAL_NVIC_SetPriority
 .text.HAL_SYSTICK_Config
                0x08001b24       0x28 build/stm32f4xx_hal_cortex.o
                0x08001b24                HAL_SYSTICK_Config
 .text.HAL_InitTick
                0x08001b4c       0x4c build/stm32f4xx_hal.o
                0x08001b4c                HAL_InitTick
 .text.HAL_Init
                0x08001b98       0x34 build/stm32f4xx_hal.o
                0x08001b98                HAL_Init
 .text.HAL_IncTick
                0x08001bcc       0x18 build/stm32f4xx_hal.o
                0x08001bcc                HAL_IncTick
 .text.HAL_GetTick
                0x08001be4        0xc build/stm32f4xx_hal.o
                0x08001be4                HAL_GetTick
 .text.HAL_Delay
                0x08001bf0       0x28 build/stm32f4xx_hal.o
                0x08001bf0                HAL_Delay
 .text.TIM_OC1_SetConfig
                0x08001c18       0x70 build/stm32f4xx_hal_tim.o
 .text.TIM_OC3_SetConfig
                0x08001c88       0x70 build/stm32f4xx_hal_tim.o
 .text.TIM_OC4_SetConfig
                0x08001cf8       0x50 build/stm32f4xx_hal_tim.o
 .text.TIM_TI1_ConfigInputStage
                0x08001d48       0x26 build/stm32f4xx_hal_tim.o
 .text.TIM_TI2_ConfigInputStage
                0x08001d6e       0x28 build/stm32f4xx_hal_tim.o
 .text.TIM_ITRx_SetConfig
                0x08001d96       0x10 build/stm32f4xx_hal_tim.o
 .text.HAL_TIM_PWM_MspInit
                0x08001da6        0x2 build/stm32f4xx_hal_tim.o
                0x08001da6                HAL_TIM_PWM_MspInit
 .text.TIM_Base_SetConfig
                0x08001da8       0xd8 build/stm32f4xx_hal_tim.o
                0x08001da8                TIM_Base_SetConfig
 .text.HAL_TIM_Base_Init
                0x08001e80       0x58 build/stm32f4xx_hal_tim.o
                0x08001e80                HAL_TIM_Base_Init
 .text.HAL_TIM_PWM_Init
                0x08001ed8       0x58 build/stm32f4xx_hal_tim.o
                0x08001ed8                HAL_TIM_PWM_Init
 .text.TIM_OC2_SetConfig
                0x08001f30       0x70 build/stm32f4xx_hal_tim.o
                0x08001f30                TIM_OC2_SetConfig
 .text.HAL_TIM_PWM_ConfigChannel
                0x08001fa0       0xdc build/stm32f4xx_hal_tim.o
                0x08001fa0                HAL_TIM_PWM_ConfigChannel
 .text.TIM_ETR_SetConfig
                0x0800207c       0x1a build/stm32f4xx_hal_tim.o
                0x0800207c                TIM_ETR_SetConfig
 .text.HAL_TIM_ConfigClockSource
                0x08002096       0xfe build/stm32f4xx_hal_tim.o
                0x08002096                HAL_TIM_ConfigClockSource
 .text.TIM_CCxChannelCmd
                0x08002194       0x1e build/stm32f4xx_hal_tim.o
                0x08002194                TIM_CCxChannelCmd
 *fill*         0x080021b2        0x2 
 .text.HAL_TIM_PWM_Start
                0x080021b4      0x104 build/stm32f4xx_hal_tim.o
                0x080021b4                HAL_TIM_PWM_Start
 .text.HAL_TIMEx_MasterConfigSynchronization
                0x080022b8       0x8c build/stm32f4xx_hal_tim_ex.o
                0x080022b8                HAL_TIMEx_MasterConfigSynchronization
 .text.HAL_TIMEx_ConfigBreakDeadTime
                0x08002344       0x52 build/stm32f4xx_hal_tim_ex.o
                0x08002344                HAL_TIMEx_ConfigBreakDeadTime
 .text.UART_EndRxTransfer
                0x08002396       0x5c build/stm32f4xx_hal_uart.o
 *fill*         0x080023f2        0x2 
 .text.UART_SetConfig
                0x080023f4      0x110 build/stm32f4xx_hal_uart.o
 .text.UART_WaitOnFlagUntilTimeout
                0x08002504       0x86 build/stm32f4xx_hal_uart.o
 .text.HAL_UART_Init
                0x0800258a       0x60 build/stm32f4xx_hal_uart.o
                0x0800258a                HAL_UART_Init
 .text.HAL_HalfDuplex_Init
                0x080025ea       0x6c build/stm32f4xx_hal_uart.o
                0x080025ea                HAL_HalfDuplex_Init
 .text.HAL_UART_Transmit
                0x08002656       0xcc build/stm32f4xx_hal_uart.o
                0x08002656                HAL_UART_Transmit
 *fill*         0x08002722        0x2 
 .text.SystemInit
                0x08002724       0x14 build/system_stm32f4xx.o
                0x08002724                SystemInit
 .text._sbrk    0x08002738       0x48 build/sysmem.o
                0x08002738                _sbrk
 .text._read    0x08002780       0x20 build/syscalls.o
                0x08002780                _read
 .text._close   0x080027a0        0x6 build/syscalls.o
                0x080027a0                _close
 .text._fstat   0x080027a6        0xa build/syscalls.o
                0x080027a6                _fstat
 .text._lseek   0x080027b0        0x4 build/syscalls.o
                0x080027b0                _lseek
 .text.Reset_Handler
                0x080027b4       0x50 build/startup_stm32f446xx.o
                0x080027b4                Reset_Handler
 .text.Default_Handler
                0x08002804        0x2 build/startup_stm32f446xx.o
                0x08002804                DMA1_Stream3_IRQHandler
                0x08002804                EXTI2_IRQHandler
                0x08002804                TIM8_CC_IRQHandler
                0x08002804                FMPI2C1_EV_IRQHandler
                0x08002804                SPI4_IRQHandler
                0x08002804                TIM1_CC_IRQHandler
                0x08002804                DMA2_Stream5_IRQHandler
                0x08002804                DMA1_Stream5_IRQHandler
                0x08002804                PVD_IRQHandler
                0x08002804                SDIO_IRQHandler
                0x08002804                TAMP_STAMP_IRQHandler
                0x08002804                CAN2_RX1_IRQHandler
                0x08002804                EXTI3_IRQHandler
                0x08002804                TIM8_TRG_COM_TIM14_IRQHandler
                0x08002804                TIM1_UP_TIM10_IRQHandler
                0x08002804                TIM8_UP_TIM13_IRQHandler
                0x08002804                I2C3_ER_IRQHandler
                0x08002804                EXTI0_IRQHandler
                0x08002804                I2C2_EV_IRQHandler
                0x08002804                DMA1_Stream2_IRQHandler
                0x08002804                CAN1_RX0_IRQHandler
                0x08002804                FPU_IRQHandler
                0x08002804                OTG_HS_WKUP_IRQHandler
                0x08002804                CAN2_SCE_IRQHandler
                0x08002804                DMA2_Stream2_IRQHandler
                0x08002804                SPI1_IRQHandler
                0x08002804                TIM6_DAC_IRQHandler
                0x08002804                TIM1_BRK_TIM9_IRQHandler
                0x08002804                DCMI_IRQHandler
                0x08002804                CAN2_RX0_IRQHandler
                0x08002804                DMA2_Stream3_IRQHandler
                0x08002804                SAI2_IRQHandler
                0x08002804                USART6_IRQHandler
                0x08002804                USART3_IRQHandler
                0x08002804                CAN1_RX1_IRQHandler
                0x08002804                UART5_IRQHandler
                0x08002804                DMA2_Stream0_IRQHandler
                0x08002804                TIM4_IRQHandler
                0x08002804                QUADSPI_IRQHandler
                0x08002804                I2C1_EV_IRQHandler
                0x08002804                DMA1_Stream6_IRQHandler
                0x08002804                DMA1_Stream1_IRQHandler
                0x08002804                UART4_IRQHandler
                0x08002804                TIM3_IRQHandler
                0x08002804                RCC_IRQHandler
                0x08002804                TIM8_BRK_TIM12_IRQHandler
                0x08002804                Default_Handler
                0x08002804                CEC_IRQHandler
                0x08002804                EXTI15_10_IRQHandler
                0x08002804                ADC_IRQHandler
                0x08002804                DMA1_Stream7_IRQHandler
                0x08002804                TIM7_IRQHandler
                0x08002804                CAN2_TX_IRQHandler
                0x08002804                TIM5_IRQHandler
                0x08002804                DMA2_Stream7_IRQHandler
                0x08002804                I2C3_EV_IRQHandler
                0x08002804                EXTI9_5_IRQHandler
                0x08002804                RTC_WKUP_IRQHandler
                0x08002804                SPDIF_RX_IRQHandler
                0x08002804                SPI2_IRQHandler
                0x08002804                OTG_HS_EP1_IN_IRQHandler
                0x08002804                DMA1_Stream0_IRQHandler
                0x08002804                CAN1_TX_IRQHandler
                0x08002804                FMPI2C1_ER_IRQHandler
                0x08002804                EXTI4_IRQHandler
                0x08002804                OTG_HS_EP1_OUT_IRQHandler
                0x08002804                WWDG_IRQHandler
                0x08002804                TIM2_IRQHandler
                0x08002804                OTG_FS_WKUP_IRQHandler
                0x08002804                TIM1_TRG_COM_TIM11_IRQHandler
                0x08002804                OTG_HS_IRQHandler
                0x08002804                EXTI1_IRQHandler
                0x08002804                USART2_IRQHandler
                0x08002804                I2C2_ER_IRQHandler
                0x08002804                DMA2_Stream1_IRQHandler
                0x08002804                CAN1_SCE_IRQHandler
                0x08002804                FLASH_IRQHandler
                0x08002804                DMA2_Stream4_IRQHandler
                0x08002804                USART1_IRQHandler
                0x08002804                OTG_FS_IRQHandler
                0x08002804                SPI3_IRQHandler
                0x08002804                DMA1_Stream4_IRQHandler
                0x08002804                I2C1_ER_IRQHandler
                0x08002804                FMC_IRQHandler
                0x08002804                DMA2_Stream6_IRQHandler
                0x08002804                SAI1_IRQHandler
                0x08002804                RTC_Alarm_IRQHandler
 .text.setbuf   0x08002806       0x10 /opt/ST/STM32CubeCLT_1.16.0/GNU-tools-for-STM32/bin/../lib/gcc/arm-none-eabi/12.3.1/../../../../arm-none-eabi/lib/thumb/v7e-m+fp/hard/libc_nano.a(libc_a-setbuf.o)
                0x08002806                setbuf
 *fill*         0x08002816        0x2 
 .text.setvbuf  0x08002818      0x168 /opt/ST/STM32CubeCLT_1.16.0/GNU-tools-for-STM32/bin/../lib/gcc/arm-none-eabi/12.3.1/../../../../arm-none-eabi/lib/thumb/v7e-m+fp/hard/libc_nano.a(libc_a-setvbuf.o)
                0x08002818                setvbuf
 .text.std      0x08002980       0x6c /opt/ST/STM32CubeCLT_1.16.0/GNU-tools-for-STM32/bin/../lib/gcc/arm-none-eabi/12.3.1/../../../../arm-none-eabi/lib/thumb/v7e-m+fp/hard/libc_nano.a(libc_a-findfp.o)
 .text.stdio_exit_handler
                0x080029ec       0x18 /opt/ST/STM32CubeCLT_1.16.0/GNU-tools-for-STM32/bin/../lib/gcc/arm-none-eabi/12.3.1/../../../../arm-none-eabi/lib/thumb/v7e-m+fp/hard/libc_nano.a(libc_a-findfp.o)
 .text.cleanup_stdio
                0x08002a04       0x40 /opt/ST/STM32CubeCLT_1.16.0/GNU-tools-for-STM32/bin/../lib/gcc/arm-none-eabi/12.3.1/../../../../arm-none-eabi/lib/thumb/v7e-m+fp/hard/libc_nano.a(libc_a-findfp.o)
 .text.global_stdio_init.part.0
                0x08002a44       0x3c /opt/ST/STM32CubeCLT_1.16.0/GNU-tools-for-STM32/bin/../lib/gcc/arm-none-eabi/12.3.1/../../../../arm-none-eabi/lib/thumb/v7e-m+fp/hard/libc_nano.a(libc_a-findfp.o)
 .text.__sfp_lock_acquire
                0x08002a80        0xc /opt/ST/STM32CubeCLT_1.16.0/GNU-tools-for-STM32/bin/../lib/gcc/arm-none-eabi/12.3.1/../../../../arm-none-eabi/lib/thumb/v7e-m+fp/hard/libc_nano.a(libc_a-findfp.o)
                0x08002a80                __sfp_lock_acquire
 .text.__sfp_lock_release
                0x08002a8c        0xc /opt/ST/STM32CubeCLT_1.16.0/GNU-tools-for-STM32/bin/../lib/gcc/arm-none-eabi/12.3.1/../../../../arm-none-eabi/lib/thumb/v7e-m+fp/hard/libc_nano.a(libc_a-findfp.o)
                0x08002a8c                __sfp_lock_release
 .text.__sinit  0x08002a98       0x30 /opt/ST/STM32CubeCLT_1.16.0/GNU-tools-for-STM32/bin/../lib/gcc/arm-none-eabi/12.3.1/../../../../arm-none-eabi/lib/thumb/v7e-m+fp/hard/libc_nano.a(libc_a-findfp.o)
                0x08002a98                __sinit
 .text._fwalk_sglue
                0x08002ac8       0x3c /opt/ST/STM32CubeCLT_1.16.0/GNU-tools-for-STM32/bin/../lib/gcc/arm-none-eabi/12.3.1/../../../../arm-none-eabi/lib/thumb/v7e-m+fp/hard/libc_nano.a(libc_a-fwalk.o)
                0x08002ac8                _fwalk_sglue
 .text.__swhatbuf_r
                0x08002b04       0x4c /opt/ST/STM32CubeCLT_1.16.0/GNU-tools-for-STM32/bin/../lib/gcc/arm-none-eabi/12.3.1/../../../../arm-none-eabi/lib/thumb/v7e-m+fp/hard/libc_nano.a(libc_a-makebuf.o)
                0x08002b04                __swhatbuf_r
 .text.memset   0x08002b50       0x10 /opt/ST/STM32CubeCLT_1.16.0/GNU-tools-for-STM32/bin/../lib/gcc/arm-none-eabi/12.3.1/../../../../arm-none-eabi/lib/thumb/v7e-m+fp/hard/libc_nano.a(libc_a-memset.o)
                0x08002b50                memset
 .text._fstat_r
                0x08002b60       0x24 /opt/ST/STM32CubeCLT_1.16.0/GNU-tools-for-STM32/bin/../lib/gcc/arm-none-eabi/12.3.1/../../../../arm-none-eabi/lib/thumb/v7e-m+fp/hard/libc_nano.a(libc_a-fstatr.o)
                0x08002b60                _fstat_r
 .text.__errno  0x08002b84        0xc /opt/ST/STM32CubeCLT_1.16.0/GNU-tools-for-STM32/bin/../lib/gcc/arm-none-eabi/12.3.1/../../../../arm-none-eabi/lib/thumb/v7e-m+fp/hard/libc_nano.a(libc_a-errno.o)
                0x08002b84                __errno
 .text.__libc_init_array
                0x08002b90       0x48 /opt/ST/STM32CubeCLT_1.16.0/GNU-tools-for-STM32/bin/../lib/gcc/arm-none-eabi/12.3.1/../../../../arm-none-eabi/lib/thumb/v7e-m+fp/hard/libc_nano.a(libc_a-init.o)
                0x08002b90                __libc_init_array
 .text.__retarget_lock_init_recursive
                0x08002bd8        0x2 /opt/ST/STM32CubeCLT_1.16.0/GNU-tools-for-STM32/bin/../lib/gcc/arm-none-eabi/12.3.1/../../../../arm-none-eabi/lib/thumb/v7e-m+fp/hard/libc_nano.a(libc_a-lock.o)
                0x08002bd8                __retarget_lock_init_recursive
 .text.__retarget_lock_acquire_recursive
                0x08002bda        0x2 /opt/ST/STM32CubeCLT_1.16.0/GNU-tools-for-STM32/bin/../lib/gcc/arm-none-eabi/12.3.1/../../../../arm-none-eabi/lib/thumb/v7e-m+fp/hard/libc_nano.a(libc_a-lock.o)
                0x08002bda                __retarget_lock_acquire_recursive
 .text.__retarget_lock_release_recursive
                0x08002bdc        0x2 /opt/ST/STM32CubeCLT_1.16.0/GNU-tools-for-STM32/bin/../lib/gcc/arm-none-eabi/12.3.1/../../../../arm-none-eabi/lib/thumb/v7e-m+fp/hard/libc_nano.a(libc_a-lock.o)
                0x08002bdc                __retarget_lock_release_recursive
 *fill*         0x08002bde        0x2 
 .text._free_r  0x08002be0       0x94 /opt/ST/STM32CubeCLT_1.16.0/GNU-tools-for-STM32/bin/../lib/gcc/arm-none-eabi/12.3.1/../../../../arm-none-eabi/lib/thumb/v7e-m+fp/hard/libc_nano.a(libc_a-freer.o)
                0x08002be0                _free_r
 .text.malloc   0x08002c74       0x10 /opt/ST/STM32CubeCLT_1.16.0/GNU-tools-for-STM32/bin/../lib/gcc/arm-none-eabi/12.3.1/../../../../arm-none-eabi/lib/thumb/v7e-m+fp/hard/libc_nano.a(libc_a-malloc.o)
                0x08002c74                malloc
 .text.sbrk_aligned
                0x08002c84       0x44 /opt/ST/STM32CubeCLT_1.16.0/GNU-tools-for-STM32/bin/../lib/gcc/arm-none-eabi/12.3.1/../../../../arm-none-eabi/lib/thumb/v7e-m+fp/hard/libc_nano.a(libc_a-mallocr.o)
 .text._malloc_r
                0x08002cc8      0x100 /opt/ST/STM32CubeCLT_1.16.0/GNU-tools-for-STM32/bin/../lib/gcc/arm-none-eabi/12.3.1/../../../../arm-none-eabi/lib/thumb/v7e-m+fp/hard/libc_nano.a(libc_a-mallocr.o)
                0x08002cc8                _malloc_r
 .text.__sflush_r
                0x08002dc8      0x108 /opt/ST/STM32CubeCLT_1.16.0/GNU-tools-for-STM32/bin/../lib/gcc/arm-none-eabi/12.3.1/../../../../arm-none-eabi/lib/thumb/v7e-m+fp/hard/libc_nano.a(libc_a-fflush.o)
                0x08002dc8                __sflush_r
 .text._fflush_r
                0x08002ed0       0x50 /opt/ST/STM32CubeCLT_1.16.0/GNU-tools-for-STM32/bin/../lib/gcc/arm-none-eabi/12.3.1/../../../../arm-none-eabi/lib/thumb/v7e-m+fp/hard/libc_nano.a(libc_a-fflush.o)
                0x08002ed0                _fflush_r
 .text.__malloc_lock
                0x08002f20        0xc /opt/ST/STM32CubeCLT_1.16.0/GNU-tools-for-STM32/bin/../lib/gcc/arm-none-eabi/12.3.1/../../../../arm-none-eabi/lib/thumb/v7e-m+fp/hard/libc_nano.a(libc_a-mlock.o)
                0x08002f20                __malloc_lock
 .text.__malloc_unlock
                0x08002f2c        0xc /opt/ST/STM32CubeCLT_1.16.0/GNU-tools-for-STM32/bin/../lib/gcc/arm-none-eabi/12.3.1/../../../../arm-none-eabi/lib/thumb/v7e-m+fp/hard/libc_nano.a(libc_a-mlock.o)
                0x08002f2c                __malloc_unlock
 .text.__sread  0x08002f38       0x22 /opt/ST/STM32CubeCLT_1.16.0/GNU-tools-for-STM32/bin/../lib/gcc/arm-none-eabi/12.3.1/../../../../arm-none-eabi/lib/thumb/v7e-m+fp/hard/libc_nano.a(libc_a-stdio.o)
                0x08002f38                __sread
 .text.__swrite
                0x08002f5a       0x38 /opt/ST/STM32CubeCLT_1.16.0/GNU-tools-for-STM32/bin/../lib/gcc/arm-none-eabi/12.3.1/../../../../arm-none-eabi/lib/thumb/v7e-m+fp/hard/libc_nano.a(libc_a-stdio.o)
                0x08002f5a                __swrite
 .text.__sseek  0x08002f92       0x24 /opt/ST/STM32CubeCLT_1.16.0/GNU-tools-for-STM32/bin/../lib/gcc/arm-none-eabi/12.3.1/../../../../arm-none-eabi/lib/thumb/v7e-m+fp/hard/libc_nano.a(libc_a-stdio.o)
                0x08002f92                __sseek
 .text.__sclose
                0x08002fb6        0x8 /opt/ST/STM32CubeCLT_1.16.0/GNU-tools-for-STM32/bin/../lib/gcc/arm-none-eabi/12.3.1/../../../../arm-none-eabi/lib/thumb/v7e-m+fp/hard/libc_nano.a(libc_a-stdio.o)
                0x08002fb6                __sclose
 *fill*         0x08002fbe        0x2 
 .text._close_r
                0x08002fc0       0x20 /opt/ST/STM32CubeCLT_1.16.0/GNU-tools-for-STM32/bin/../lib/gcc/arm-none-eabi/12.3.1/../../../../arm-none-eabi/lib/thumb/v7e-m+fp/hard/libc_nano.a(libc_a-closer.o)
                0x08002fc0                _close_r
 .text._lseek_r
                0x08002fe0       0x24 /opt/ST/STM32CubeCLT_1.16.0/GNU-tools-for-STM32/bin/../lib/gcc/arm-none-eabi/12.3.1/../../../../arm-none-eabi/lib/thumb/v7e-m+fp/hard/libc_nano.a(libc_a-lseekr.o)
                0x08002fe0                _lseek_r
 .text._read_r  0x08003004       0x24 /opt/ST/STM32CubeCLT_1.16.0/GNU-tools-for-STM32/bin/../lib/gcc/arm-none-eabi/12.3.1/../../../../arm-none-eabi/lib/thumb/v7e-m+fp/hard/libc_nano.a(libc_a-readr.o)
                0x08003004                _read_r
 .text._sbrk_r  0x08003028       0x20 /opt/ST/STM32CubeCLT_1.16.0/GNU-tools-for-STM32/bin/../lib/gcc/arm-none-eabi/12.3.1/../../../../arm-none-eabi/lib/thumb/v7e-m+fp/hard/libc_nano.a(libc_a-sbrkr.o)
                0x08003028                _sbrk_r
 .text._write_r
                0x08003048       0x24 /opt/ST/STM32CubeCLT_1.16.0/GNU-tools-for-STM32/bin/../lib/gcc/arm-none-eabi/12.3.1/../../../../arm-none-eabi/lib/thumb/v7e-m+fp/hard/libc_nano.a(libc_a-writer.o)
                0x08003048                _write_r
 *(.glue_7)
 .glue_7        0x0800306c        0x0 linker stubs
 *(.glue_7t)
 .glue_7t       0x0800306c        0x0 linker stubs
 *(.eh_frame)
 .eh_frame      0x0800306c        0x0 /opt/ST/STM32CubeCLT_1.16.0/GNU-tools-for-STM32/bin/../lib/gcc/arm-none-eabi/12.3.1/thumb/v7e-m+fp/hard/crtbegin.o
 *(.init)
 .init          0x0800306c        0x4 /opt/ST/STM32CubeCLT_1.16.0/GNU-tools-for-STM32/bin/../lib/gcc/arm-none-eabi/12.3.1/thumb/v7e-m+fp/hard/crti.o
                0x0800306c                _init
 .init          0x08003070        0x8 /opt/ST/STM32CubeCLT_1.16.0/GNU-tools-for-STM32/bin/../lib/gcc/arm-none-eabi/12.3.1/thumb/v7e-m+fp/hard/crtn.o
 *(.fini)
 .fini          0x08003078        0x4 /opt/ST/STM32CubeCLT_1.16.0/GNU-tools-for-STM32/bin/../lib/gcc/arm-none-eabi/12.3.1/thumb/v7e-m+fp/hard/crti.o
                0x08003078                _fini
 .fini          0x0800307c        0x8 /opt/ST/STM32CubeCLT_1.16.0/GNU-tools-for-STM32/bin/../lib/gcc/arm-none-eabi/12.3.1/thumb/v7e-m+fp/hard/crtn.o
                0x08003084                        . = ALIGN (0x4)
                0x08003084                        _etext = .

.vfp11_veneer   0x08003084        0x0
 .vfp11_veneer  0x08003084        0x0 linker stubs

.v4_bx          0x08003084        0x0
 .v4_bx         0x08003084        0x0 linker stubs

.iplt           0x08003084        0x0
 .iplt          0x08003084        0x0 /opt/ST/STM32CubeCLT_1.16.0/GNU-tools-for-STM32/bin/../lib/gcc/arm-none-eabi/12.3.1/thumb/v7e-m+fp/hard/crtbegin.o

.rodata         0x08003084       0x18
                0x08003084                        . = ALIGN (0x4)
 *(.rodata)
 *(.rodata*)
 .rodata.APBPrescTable
                0x08003084        0x8 build/system_stm32f4xx.o
                0x08003084                APBPrescTable
 .rodata.AHBPrescTable
                0x0800308c       0x10 build/system_stm32f4xx.o
                0x0800308c                AHBPrescTable
                0x0800309c                        . = ALIGN (0x4)

.ARM.extab
 *(.ARM.extab* .gnu.linkonce.armextab.*)

.ARM            0x0800309c        0x8
                0x0800309c                        __exidx_start = .
 *(.ARM.exidx*)
 .ARM.exidx     0x0800309c        0x8 /opt/ST/STM32CubeCLT_1.16.0/GNU-tools-for-STM32/bin/../lib/gcc/arm-none-eabi/12.3.1/thumb/v7e-m+fp/hard/libgcc.a(_udivmoddi4.o)
                0x080030a4                        __exidx_end = .

.rel.dyn        0x080030a4        0x0
 .rel.iplt      0x080030a4        0x0 /opt/ST/STM32CubeCLT_1.16.0/GNU-tools-for-STM32/bin/../lib/gcc/arm-none-eabi/12.3.1/thumb/v7e-m+fp/hard/crtbegin.o

.preinit_array  0x080030a4        0x0
                0x080030a4                        PROVIDE (__preinit_array_start = .)
 *(.preinit_array*)
                0x080030a4                        PROVIDE (__preinit_array_end = .)

.init_array     0x080030a4        0x4
                0x080030a4                        PROVIDE (__init_array_start = .)
 *(SORT_BY_NAME(.init_array.*))
 *(.init_array*)
 .init_array    0x080030a4        0x4 /opt/ST/STM32CubeCLT_1.16.0/GNU-tools-for-STM32/bin/../lib/gcc/arm-none-eabi/12.3.1/thumb/v7e-m+fp/hard/crtbegin.o
                0x080030a8                        PROVIDE (__init_array_end = .)

.fini_array     0x080030a8        0x4
                [!provide]                        PROVIDE (__fini_array_start = .)
 *(SORT_BY_NAME(.fini_array.*))
 *(.fini_array*)
 .fini_array    0x080030a8        0x4 /opt/ST/STM32CubeCLT_1.16.0/GNU-tools-for-STM32/bin/../lib/gcc/arm-none-eabi/12.3.1/thumb/v7e-m+fp/hard/crtbegin.o
                [!provide]                        PROVIDE (__fini_array_end = .)
                0x080030ac                        _sidata = LOADADDR (.data)

.data           0x20000000       0x68 load address 0x080030ac
                0x20000000                        . = ALIGN (0x4)
                0x20000000                        _sdata = .
 *(.data)
 *(.data*)
 .data.uwTickFreq
                0x20000000        0x1 build/stm32f4xx_hal.o
                0x20000000                uwTickFreq
 *fill*         0x20000001        0x3 
 .data.uwTickPrio
                0x20000004        0x4 build/stm32f4xx_hal.o
                0x20000004                uwTickPrio
 .data.SystemCoreClock
                0x20000008        0x4 build/system_stm32f4xx.o
                0x20000008                SystemCoreClock
 .data.__sglue  0x2000000c        0xc /opt/ST/STM32CubeCLT_1.16.0/GNU-tools-for-STM32/bin/../lib/gcc/arm-none-eabi/12.3.1/../../../../arm-none-eabi/lib/thumb/v7e-m+fp/hard/libc_nano.a(libc_a-findfp.o)
                0x2000000c                __sglue
 .data._impure_ptr
                0x20000018        0x4 /opt/ST/STM32CubeCLT_1.16.0/GNU-tools-for-STM32/bin/../lib/gcc/arm-none-eabi/12.3.1/../../../../arm-none-eabi/lib/thumb/v7e-m+fp/hard/libc_nano.a(libc_a-impure.o)
                0x20000018                _impure_ptr
 .data._impure_data
                0x2000001c       0x4c /opt/ST/STM32CubeCLT_1.16.0/GNU-tools-for-STM32/bin/../lib/gcc/arm-none-eabi/12.3.1/../../../../arm-none-eabi/lib/thumb/v7e-m+fp/hard/libc_nano.a(libc_a-impure.o)
                0x2000001c                _impure_data
                0x20000068                        . = ALIGN (0x4)
                0x20000068                        _edata = .

.igot.plt       0x20000068        0x0 load address 0x08003114
 .igot.plt      0x20000068        0x0 /opt/ST/STM32CubeCLT_1.16.0/GNU-tools-for-STM32/bin/../lib/gcc/arm-none-eabi/12.3.1/thumb/v7e-m+fp/hard/crtbegin.o
                0x20000068                        . = ALIGN (0x4)

.bss            0x20000068      0x320 load address 0x08003114
                0x20000068                        _sbss = .
                0x20000068                        __bss_start__ = _sbss
 *(.bss)
 .bss           0x20000068       0x1c /opt/ST/STM32CubeCLT_1.16.0/GNU-tools-for-STM32/bin/../lib/gcc/arm-none-eabi/12.3.1/thumb/v7e-m+fp/hard/crtbegin.o
 *(.bss*)
 .bss.hadc1     0x20000084       0x48 build/adc.o
                0x20000084                hadc1
 .bss.htim3     0x200000cc       0x48 build/tim.o
                0x200000cc                htim3
 .bss.htim2     0x20000114       0x48 build/tim.o
                0x20000114                htim2
 .bss.htim1     0x2000015c       0x48 build/tim.o
                0x2000015c                htim1
 .bss.huart6    0x200001a4       0x48 build/usart.o
                0x200001a4                huart6
 .bss.huart4    0x200001ec       0x48 build/usart.o
                0x200001ec                huart4
 .bss.uwTick    0x20000234        0x4 build/stm32f4xx_hal.o
                0x20000234                uwTick
 .bss.__sbrk_heap_end
                0x20000238        0x4 build/sysmem.o
 .bss.__sf      0x2000023c      0x138 /opt/ST/STM32CubeCLT_1.16.0/GNU-tools-for-STM32/bin/../lib/gcc/arm-none-eabi/12.3.1/../../../../arm-none-eabi/lib/thumb/v7e-m+fp/hard/libc_nano.a(libc_a-findfp.o)
                0x2000023c                __sf
 .bss.__stdio_exit_handler
                0x20000374        0x4 /opt/ST/STM32CubeCLT_1.16.0/GNU-tools-for-STM32/bin/../lib/gcc/arm-none-eabi/12.3.1/../../../../arm-none-eabi/lib/thumb/v7e-m+fp/hard/libc_nano.a(libc_a-findfp.o)
                0x20000374                __stdio_exit_handler
 .bss.__lock___malloc_recursive_mutex
                0x20000378        0x1 /opt/ST/STM32CubeCLT_1.16.0/GNU-tools-for-STM32/bin/../lib/gcc/arm-none-eabi/12.3.1/../../../../arm-none-eabi/lib/thumb/v7e-m+fp/hard/libc_nano.a(libc_a-lock.o)
                0x20000378                __lock___malloc_recursive_mutex
 .bss.__lock___sfp_recursive_mutex
                0x20000379        0x1 /opt/ST/STM32CubeCLT_1.16.0/GNU-tools-for-STM32/bin/../lib/gcc/arm-none-eabi/12.3.1/../../../../arm-none-eabi/lib/thumb/v7e-m+fp/hard/libc_nano.a(libc_a-lock.o)
                0x20000379                __lock___sfp_recursive_mutex
 *fill*         0x2000037a        0x2 
 .bss.__malloc_sbrk_start
                0x2000037c        0x4 /opt/ST/STM32CubeCLT_1.16.0/GNU-tools-for-STM32/bin/../lib/gcc/arm-none-eabi/12.3.1/../../../../arm-none-eabi/lib/thumb/v7e-m+fp/hard/libc_nano.a(libc_a-mallocr.o)
                0x2000037c                __malloc_sbrk_start
 .bss.__malloc_free_list
                0x20000380        0x4 /opt/ST/STM32CubeCLT_1.16.0/GNU-tools-for-STM32/bin/../lib/gcc/arm-none-eabi/12.3.1/../../../../arm-none-eabi/lib/thumb/v7e-m+fp/hard/libc_nano.a(libc_a-mallocr.o)
                0x20000380                __malloc_free_list
 .bss.errno     0x20000384        0x4 /opt/ST/STM32CubeCLT_1.16.0/GNU-tools-for-STM32/bin/../lib/gcc/arm-none-eabi/12.3.1/../../../../arm-none-eabi/lib/thumb/v7e-m+fp/hard/libc_nano.a(libc_a-reent.o)
                0x20000384                errno
 *(COMMON)
                0x20000388                        . = ALIGN (0x4)
                0x20000388                        _ebss = .
                0x20000388                        __bss_end__ = _ebss

._user_heap_stack
                0x20000388      0x600 load address 0x08003114
                0x20000388                        . = ALIGN (0x8)
                [!provide]                        PROVIDE (end = .)
                0x20000388                        PROVIDE (_end = .)
                0x20000588                        . = (. + _Min_Heap_Size)
 *fill*         0x20000388      0x200 
                0x20000988                        . = (. + _Min_Stack_Size)
 *fill*         0x20000588      0x400 
                0x20000988                        . = ALIGN (0x8)

/DISCARD/
 libc.a(*)
 libm.a(*)
 libgcc.a(*)

.ARM.attributes
                0x00000000       0x30
 *(.ARM.attributes)
 .ARM.attributes
                0x00000000       0x22 /opt/ST/STM32CubeCLT_1.16.0/GNU-tools-for-STM32/bin/../lib/gcc/arm-none-eabi/12.3.1/thumb/v7e-m+fp/hard/crti.o
 .ARM.attributes
                0x00000022       0x34 /opt/ST/STM32CubeCLT_1.16.0/GNU-tools-for-STM32/bin/../lib/gcc/arm-none-eabi/12.3.1/thumb/v7e-m+fp/hard/crtbegin.o
 .ARM.attributes
                0x00000056       0x34 build/main.o
 .ARM.attributes
                0x0000008a       0x34 build/gpio.o
 .ARM.attributes
                0x000000be       0x34 build/adc.o
 .ARM.attributes
                0x000000f2       0x34 build/tim.o
 .ARM.attributes
                0x00000126       0x34 build/usart.o
 .ARM.attributes
                0x0000015a       0x34 build/stm32f4xx_it.o
 .ARM.attributes
                0x0000018e       0x34 build/stm32f4xx_hal_msp.o
 .ARM.attributes
                0x000001c2       0x34 build/stm32f4xx_hal_adc.o
 .ARM.attributes
                0x000001f6       0x34 build/stm32f4xx_hal_rcc.o
 .ARM.attributes
                0x0000022a       0x34 build/stm32f4xx_hal_rcc_ex.o
 .ARM.attributes
                0x0000025e       0x34 build/stm32f4xx_hal_gpio.o
 .ARM.attributes
                0x00000292       0x34 build/stm32f4xx_hal_cortex.o
 .ARM.attributes
                0x000002c6       0x34 build/stm32f4xx_hal.o
 .ARM.attributes
                0x000002fa       0x34 build/stm32f4xx_hal_tim.o
 .ARM.attributes
                0x0000032e       0x34 build/stm32f4xx_hal_tim_ex.o
 .ARM.attributes
                0x00000362       0x34 build/stm32f4xx_hal_uart.o
 .ARM.attributes
                0x00000396       0x34 build/system_stm32f4xx.o
 .ARM.attributes
                0x000003ca       0x34 build/sysmem.o
 .ARM.attributes
                0x000003fe       0x34 build/syscalls.o
 .ARM.attributes
                0x00000432       0x21 build/startup_stm32f446xx.o
 .ARM.attributes
                0x00000453       0x34 /opt/ST/STM32CubeCLT_1.16.0/GNU-tools-for-STM32/bin/../lib/gcc/arm-none-eabi/12.3.1/../../../../arm-none-eabi/lib/thumb/v7e-m+fp/hard/libc_nano.a(libc_a-setbuf.o)
 .ARM.attributes
                0x00000487       0x34 /opt/ST/STM32CubeCLT_1.16.0/GNU-tools-for-STM32/bin/../lib/gcc/arm-none-eabi/12.3.1/../../../../arm-none-eabi/lib/thumb/v7e-m+fp/hard/libc_nano.a(libc_a-setvbuf.o)
 .ARM.attributes
                0x000004bb       0x34 /opt/ST/STM32CubeCLT_1.16.0/GNU-tools-for-STM32/bin/../lib/gcc/arm-none-eabi/12.3.1/../../../../arm-none-eabi/lib/thumb/v7e-m+fp/hard/libc_nano.a(libc_a-findfp.o)
 .ARM.attributes
                0x000004ef       0x34 /opt/ST/STM32CubeCLT_1.16.0/GNU-tools-for-STM32/bin/../lib/gcc/arm-none-eabi/12.3.1/../../../../arm-none-eabi/lib/thumb/v7e-m+fp/hard/libc_nano.a(libc_a-fwalk.o)
 .ARM.attributes
                0x00000523       0x34 /opt/ST/STM32CubeCLT_1.16.0/GNU-tools-for-STM32/bin/../lib/gcc/arm-none-eabi/12.3.1/../../../../arm-none-eabi/lib/thumb/v7e-m+fp/hard/libc_nano.a(libc_a-makebuf.o)
 .ARM.attributes
                0x00000557       0x34 /opt/ST/STM32CubeCLT_1.16.0/GNU-tools-for-STM32/bin/../lib/gcc/arm-none-eabi/12.3.1/../../../../arm-none-eabi/lib/thumb/v7e-m+fp/hard/libc_nano.a(libc_a-memset.o)
 .ARM.attributes
                0x0000058b       0x34 /opt/ST/STM32CubeCLT_1.16.0/GNU-tools-for-STM32/bin/../lib/gcc/arm-none-eabi/12.3.1/../../../../arm-none-eabi/lib/thumb/v7e-m+fp/hard/libc_nano.a(libc_a-impure.o)
 .ARM.attributes
                0x000005bf       0x34 /opt/ST/STM32CubeCLT_1.16.0/GNU-tools-for-STM32/bin/../lib/gcc/arm-none-eabi/12.3.1/../../../../arm-none-eabi/lib/thumb/v7e-m+fp/hard/libc_nano.a(libc_a-fstatr.o)
 .ARM.attributes
                0x000005f3       0x34 /opt/ST/STM32CubeCLT_1.16.0/GNU-tools-for-STM32/bin/../lib/gcc/arm-none-eabi/12.3.1/../../../../arm-none-eabi/lib/thumb/v7e-m+fp/hard/libc_nano.a(libc_a-errno.o)
 .ARM.attributes
                0x00000627       0x34 /opt/ST/STM32CubeCLT_1.16.0/GNU-tools-for-STM32/bin/../lib/gcc/arm-none-eabi/12.3.1/../../../../arm-none-eabi/lib/thumb/v7e-m+fp/hard/libc_nano.a(libc_a-init.o)
 .ARM.attributes
                0x0000065b       0x34 /opt/ST/STM32CubeCLT_1.16.0/GNU-tools-for-STM32/bin/../lib/gcc/arm-none-eabi/12.3.1/../../../../arm-none-eabi/lib/thumb/v7e-m+fp/hard/libc_nano.a(libc_a-lock.o)
 .ARM.attributes
                0x0000068f       0x34 /opt/ST/STM32CubeCLT_1.16.0/GNU-tools-for-STM32/bin/../lib/gcc/arm-none-eabi/12.3.1/../../../../arm-none-eabi/lib/thumb/v7e-m+fp/hard/libc_nano.a(libc_a-freer.o)
 .ARM.attributes
                0x000006c3       0x34 /opt/ST/STM32CubeCLT_1.16.0/GNU-tools-for-STM32/bin/../lib/gcc/arm-none-eabi/12.3.1/../../../../arm-none-eabi/lib/thumb/v7e-m+fp/hard/libc_nano.a(libc_a-malloc.o)
 .ARM.attributes
                0x000006f7       0x34 /opt/ST/STM32CubeCLT_1.16.0/GNU-tools-for-STM32/bin/../lib/gcc/arm-none-eabi/12.3.1/../../../../arm-none-eabi/lib/thumb/v7e-m+fp/hard/libc_nano.a(libc_a-mallocr.o)
 .ARM.attributes
                0x0000072b       0x34 /opt/ST/STM32CubeCLT_1.16.0/GNU-tools-for-STM32/bin/../lib/gcc/arm-none-eabi/12.3.1/../../../../arm-none-eabi/lib/thumb/v7e-m+fp/hard/libc_nano.a(libc_a-fflush.o)
 .ARM.attributes
                0x0000075f       0x34 /opt/ST/STM32CubeCLT_1.16.0/GNU-tools-for-STM32/bin/../lib/gcc/arm-none-eabi/12.3.1/../../../../arm-none-eabi/lib/thumb/v7e-m+fp/hard/libc_nano.a(libc_a-mlock.o)
 .ARM.attributes
                0x00000793       0x34 /opt/ST/STM32CubeCLT_1.16.0/GNU-tools-for-STM32/bin/../lib/gcc/arm-none-eabi/12.3.1/../../../../arm-none-eabi/lib/thumb/v7e-m+fp/hard/libc_nano.a(libc_a-stdio.o)
 .ARM.attributes
                0x000007c7       0x34 /opt/ST/STM32CubeCLT_1.16.0/GNU-tools-for-STM32/bin/../lib/gcc/arm-none-eabi/12.3.1/../../../../arm-none-eabi/lib/thumb/v7e-m+fp/hard/libc_nano.a(libc_a-closer.o)
 .ARM.attributes
                0x000007fb       0x34 /opt/ST/STM32CubeCLT_1.16.0/GNU-tools-for-STM32/bin/../lib/gcc/arm-none-eabi/12.3.1/../../../../arm-none-eabi/lib/thumb/v7e-m+fp/hard/libc_nano.a(libc_a-reent.o)
 .ARM.attributes
                0x0000082f       0x34 /opt/ST/STM32CubeCLT_1.16.0/GNU-tools-for-STM32/bin/../lib/gcc/arm-none-eabi/12.3.1/../../../../arm-none-eabi/lib/thumb/v7e-m+fp/hard/libc_nano.a(libc_a-lseekr.o)
 .ARM.attributes
                0x00000863       0x34 /opt/ST/STM32CubeCLT_1.16.0/GNU-tools-for-STM32/bin/../lib/gcc/arm-none-eabi/12.3.1/../../../../arm-none-eabi/lib/thumb/v7e-m+fp/hard/libc_nano.a(libc_a-readr.o)
 .ARM.attributes
                0x00000897       0x34 /opt/ST/STM32CubeCLT_1.16.0/GNU-tools-for-STM32/bin/../lib/gcc/arm-none-eabi/12.3.1/../../../../arm-none-eabi/lib/thumb/v7e-m+fp/hard/libc_nano.a(libc_a-sbrkr.o)
 .ARM.attributes
                0x000008cb       0x34 /opt/ST/STM32CubeCLT_1.16.0/GNU-tools-for-STM32/bin/../lib/gcc/arm-none-eabi/12.3.1/../../../../arm-none-eabi/lib/thumb/v7e-m+fp/hard/libc_nano.a(libc_a-writer.o)
 .ARM.attributes
                0x000008ff       0x22 /opt/ST/STM32CubeCLT_1.16.0/GNU-tools-for-STM32/bin/../lib/gcc/arm-none-eabi/12.3.1/thumb/v7e-m+fp/hard/libgcc.a(_aeabi_uldivmod.o)
 .ARM.attributes
                0x00000921       0x34 /opt/ST/STM32CubeCLT_1.16.0/GNU-tools-for-STM32/bin/../lib/gcc/arm-none-eabi/12.3.1/thumb/v7e-m+fp/hard/libgcc.a(_udivmoddi4.o)
 .ARM.attributes
                0x00000955       0x22 /opt/ST/STM32CubeCLT_1.16.0/GNU-tools-for-STM32/bin/../lib/gcc/arm-none-eabi/12.3.1/thumb/v7e-m+fp/hard/libgcc.a(_dvmd_tls.o)
 .ARM.attributes
                0x00000977       0x22 /opt/ST/STM32CubeCLT_1.16.0/GNU-tools-for-STM32/bin/../lib/gcc/arm-none-eabi/12.3.1/thumb/v7e-m+fp/hard/crtn.o
OUTPUT(build/F446RE.elf elf32-littlearm)
LOAD linker stubs
LOAD /opt/ST/STM32CubeCLT_1.16.0/GNU-tools-for-STM32/bin/../lib/gcc/arm-none-eabi/12.3.1/../../../../arm-none-eabi/lib/thumb/v7e-m+fp/hard/libc.a
LOAD /opt/ST/STM32CubeCLT_1.16.0/GNU-tools-for-STM32/bin/../lib/gcc/arm-none-eabi/12.3.1/../../../../arm-none-eabi/lib/thumb/v7e-m+fp/hard/libm.a
LOAD /opt/ST/STM32CubeCLT_1.16.0/GNU-tools-for-STM32/bin/../lib/gcc/arm-none-eabi/12.3.1/thumb/v7e-m+fp/hard/libgcc.a

.debug_info     0x00000000    0x15312
 .debug_info    0x00000000     0x19d6 build/main.o
 .debug_info    0x000019d6      0x5e2 build/gpio.o
 .debug_info    0x00001fb8      0xcb0 build/adc.o
 .debug_info    0x00002c68     0x13a4 build/tim.o
 .debug_info    0x0000400c      0xc3e build/usart.o
 .debug_info    0x00004c4a      0x157 build/stm32f4xx_it.o
 .debug_info    0x00004da1      0x32f build/stm32f4xx_hal_msp.o
 .debug_info    0x000050d0     0x1039 build/stm32f4xx_hal_adc.o
 .debug_info    0x00006109      0xc5d build/stm32f4xx_hal_rcc.o
 .debug_info    0x00006d66      0xdd1 build/stm32f4xx_hal_rcc_ex.o
 .debug_info    0x00007b37      0x8ac build/stm32f4xx_hal_gpio.o
 .debug_info    0x000083e3     0x11c4 build/stm32f4xx_hal_cortex.o
 .debug_info    0x000095a7      0xb5c build/stm32f4xx_hal.o
 .debug_info    0x0000a103     0x412d build/stm32f4xx_hal_tim.o
 .debug_info    0x0000e230     0x1d81 build/stm32f4xx_hal_tim_ex.o
 .debug_info    0x0000ffb1     0x436c build/stm32f4xx_hal_uart.o
 .debug_info    0x0001431d      0x5f7 build/system_stm32f4xx.o
 .debug_info    0x00014914      0x18c build/sysmem.o
 .debug_info    0x00014aa0      0x842 build/syscalls.o
 .debug_info    0x000152e2       0x30 build/startup_stm32f446xx.o

.debug_abbrev   0x00000000     0x29ac
 .debug_abbrev  0x00000000      0x32e build/main.o
 .debug_abbrev  0x0000032e      0x160 build/gpio.o
 .debug_abbrev  0x0000048e      0x208 build/adc.o
 .debug_abbrev  0x00000696      0x28e build/tim.o
 .debug_abbrev  0x00000924      0x20f build/usart.o
 .debug_abbrev  0x00000b33       0x80 build/stm32f4xx_it.o
 .debug_abbrev  0x00000bb3       0xd3 build/stm32f4xx_hal_msp.o
 .debug_abbrev  0x00000c86      0x2c7 build/stm32f4xx_hal_adc.o
 .debug_abbrev  0x00000f4d      0x2de build/stm32f4xx_hal_rcc.o
 .debug_abbrev  0x0000122b      0x25f build/stm32f4xx_hal_rcc_ex.o
 .debug_abbrev  0x0000148a      0x22b build/stm32f4xx_hal_gpio.o
 .debug_abbrev  0x000016b5      0x3ca build/stm32f4xx_hal_cortex.o
 .debug_abbrev  0x00001a7f      0x244 build/stm32f4xx_hal.o
 .debug_abbrev  0x00001cc3      0x2bd build/stm32f4xx_hal_tim.o
 .debug_abbrev  0x00001f80      0x2b7 build/stm32f4xx_hal_tim_ex.o
 .debug_abbrev  0x00002237      0x36f build/stm32f4xx_hal_uart.o
 .debug_abbrev  0x000025a6      0x11b build/system_stm32f4xx.o
 .debug_abbrev  0x000026c1       0xeb build/sysmem.o
 .debug_abbrev  0x000027ac      0x1e3 build/syscalls.o
 .debug_abbrev  0x0000298f       0x1d build/startup_stm32f446xx.o

.debug_loc      0x00000000    0x10ce5
 .debug_loc     0x00000000      0x122 build/main.o
 .debug_loc     0x00000122       0x39 build/gpio.o
 .debug_loc     0x0000015b      0x12c build/adc.o
 .debug_loc     0x00000287      0x1ca build/tim.o
 .debug_loc     0x00000451      0x162 build/usart.o
 .debug_loc     0x000005b3       0x20 build/stm32f4xx_it.o
 .debug_loc     0x000005d3       0x2c build/stm32f4xx_hal_msp.o
 .debug_loc     0x000005ff      0xeba build/stm32f4xx_hal_adc.o
 .debug_loc     0x000014b9      0x700 build/stm32f4xx_hal_rcc.o
 .debug_loc     0x00001bb9      0xfda build/stm32f4xx_hal_rcc_ex.o
 .debug_loc     0x00002b93      0x5db build/stm32f4xx_hal_gpio.o
 .debug_loc     0x0000316e      0x7c7 build/stm32f4xx_hal_cortex.o
 .debug_loc     0x00003935      0x1e1 build/stm32f4xx_hal.o
 .debug_loc     0x00003b16     0x5c3b build/stm32f4xx_hal_tim.o
 .debug_loc     0x00009751     0x2168 build/stm32f4xx_hal_tim_ex.o
 .debug_loc     0x0000b8b9     0x4d3f build/stm32f4xx_hal_uart.o
 .debug_loc     0x000105f8      0x158 build/system_stm32f4xx.o
 .debug_loc     0x00010750       0x84 build/sysmem.o
 .debug_loc     0x000107d4      0x511 build/syscalls.o

.debug_aranges  0x00000000      0xe08
 .debug_aranges
                0x00000000       0x38 build/main.o
 .debug_aranges
                0x00000038       0x20 build/gpio.o
 .debug_aranges
                0x00000058       0x30 build/adc.o
 .debug_aranges
                0x00000088       0x48 build/tim.o
 .debug_aranges
                0x000000d0       0x38 build/usart.o
 .debug_aranges
                0x00000108       0x60 build/stm32f4xx_it.o
 .debug_aranges
                0x00000168       0x20 build/stm32f4xx_hal_msp.o
 .debug_aranges
                0x00000188       0xe8 build/stm32f4xx_hal_adc.o
 .debug_aranges
                0x00000270       0x88 build/stm32f4xx_hal_rcc.o
 .debug_aranges
                0x000002f8       0x78 build/stm32f4xx_hal_rcc_ex.o
 .debug_aranges
                0x00000370       0x58 build/stm32f4xx_hal_gpio.o
 .debug_aranges
                0x000003c8       0xf8 build/stm32f4xx_hal_cortex.o
 .debug_aranges
                0x000004c0       0xf0 build/stm32f4xx_hal.o
 .debug_aranges
                0x000005b0      0x3d0 build/stm32f4xx_hal_tim.o
 .debug_aranges
                0x00000980      0x168 build/stm32f4xx_hal_tim_ex.o
 .debug_aranges
                0x00000ae8      0x208 build/stm32f4xx_hal_uart.o
 .debug_aranges
                0x00000cf0       0x28 build/system_stm32f4xx.o
 .debug_aranges
                0x00000d18       0x20 build/sysmem.o
 .debug_aranges
                0x00000d38       0xa8 build/syscalls.o
 .debug_aranges
                0x00000de0       0x28 build/startup_stm32f446xx.o

.debug_ranges   0x00000000      0xd18
 .debug_ranges  0x00000000       0x28 build/main.o
 .debug_ranges  0x00000028       0x10 build/gpio.o
 .debug_ranges  0x00000038       0x20 build/adc.o
 .debug_ranges  0x00000058       0x38 build/tim.o
 .debug_ranges  0x00000090       0x28 build/usart.o
 .debug_ranges  0x000000b8       0x50 build/stm32f4xx_it.o
 .debug_ranges  0x00000108       0x10 build/stm32f4xx_hal_msp.o
 .debug_ranges  0x00000118       0xd8 build/stm32f4xx_hal_adc.o
 .debug_ranges  0x000001f0       0x90 build/stm32f4xx_hal_rcc.o
 .debug_ranges  0x00000280       0x80 build/stm32f4xx_hal_rcc_ex.o
 .debug_ranges  0x00000300       0x48 build/stm32f4xx_hal_gpio.o
 .debug_ranges  0x00000348       0xe8 build/stm32f4xx_hal_cortex.o
 .debug_ranges  0x00000430       0xe0 build/stm32f4xx_hal.o
 .debug_ranges  0x00000510      0x3c0 build/stm32f4xx_hal_tim.o
 .debug_ranges  0x000008d0      0x158 build/stm32f4xx_hal_tim_ex.o
 .debug_ranges  0x00000a28      0x210 build/stm32f4xx_hal_uart.o
 .debug_ranges  0x00000c38       0x18 build/system_stm32f4xx.o
 .debug_ranges  0x00000c50       0x10 build/sysmem.o
 .debug_ranges  0x00000c60       0x98 build/syscalls.o
 .debug_ranges  0x00000cf8       0x20 build/startup_stm32f446xx.o

.debug_line     0x00000000    0x10da1
 .debug_line    0x00000000      0x4b2 build/main.o
 .debug_line    0x000004b2      0x210 build/gpio.o
 .debug_line    0x000006c2      0x34e build/adc.o
 .debug_line    0x00000a10      0x665 build/tim.o
 .debug_line    0x00001075      0x378 build/usart.o
 .debug_line    0x000013ed      0x179 build/stm32f4xx_it.o
 .debug_line    0x00001566      0x155 build/stm32f4xx_hal_msp.o
 .debug_line    0x000016bb     0x1121 build/stm32f4xx_hal_adc.o
 .debug_line    0x000027dc      0xb3d build/stm32f4xx_hal_rcc.o
 .debug_line    0x00003319     0x1380 build/stm32f4xx_hal_rcc_ex.o
 .debug_line    0x00004699      0x6b2 build/stm32f4xx_hal_gpio.o
 .debug_line    0x00004d4b      0x852 build/stm32f4xx_hal_cortex.o
 .debug_line    0x0000559d      0x565 build/stm32f4xx_hal.o
 .debug_line    0x00005b02     0x4a77 build/stm32f4xx_hal_tim.o
 .debug_line    0x0000a579     0x1d10 build/stm32f4xx_hal_tim_ex.o
 .debug_line    0x0000c289     0x42be build/stm32f4xx_hal_uart.o
 .debug_line    0x00010547      0x24d build/system_stm32f4xx.o
 .debug_line    0x00010794      0x1b9 build/sysmem.o
 .debug_line    0x0001094d      0x3de build/syscalls.o
 .debug_line    0x00010d2b       0x76 build/startup_stm32f446xx.o

.debug_str      0x00000000     0x46b1
 .debug_str     0x00000000      0xe80 build/main.o
                                0xf9d (size before relaxing)
 .debug_str     0x00000e80       0xc2 build/gpio.o
                                0x38d (size before relaxing)
 .debug_str     0x00000f42      0x22d build/adc.o
                                0x800 (size before relaxing)
 .debug_str     0x0000116f      0x28a build/tim.o
                                0xba7 (size before relaxing)
 .debug_str     0x000013f9       0x69 build/usart.o
                                0x872 (size before relaxing)
 .debug_str     0x00001462       0xb4 build/stm32f4xx_it.o
                                0x21d (size before relaxing)
 .debug_str     0x00001516       0x29 build/stm32f4xx_hal_msp.o
                                0x2ce (size before relaxing)
 .debug_str     0x0000153f      0x2e9 build/stm32f4xx_hal_adc.o
                                0x950 (size before relaxing)
 .debug_str     0x00001828      0x209 build/stm32f4xx_hal_rcc.o
                                0x71e (size before relaxing)
 .debug_str     0x00001a31      0x344 build/stm32f4xx_hal_rcc_ex.o
                                0x805 (size before relaxing)
 .debug_str     0x00001d75      0x117 build/stm32f4xx_hal_gpio.o
                                0x4f3 (size before relaxing)
 .debug_str     0x00001e8c      0xa64 build/stm32f4xx_hal_cortex.o
                                0xca4 (size before relaxing)
 .debug_str     0x000028f0      0x290 build/stm32f4xx_hal.o
                                0xbb8 (size before relaxing)
 .debug_str     0x00002b80      0xe13 build/stm32f4xx_hal_tim.o
                               0x16ed (size before relaxing)
 .debug_str     0x00003993      0x439 build/stm32f4xx_hal_tim_ex.o
                                0xef9 (size before relaxing)
 .debug_str     0x00003dcc      0x5fe build/stm32f4xx_hal_uart.o
                                0xd89 (size before relaxing)
 .debug_str     0x000043ca       0x47 build/system_stm32f4xx.o
                                0x388 (size before relaxing)
 .debug_str     0x00004411       0x7a build/sysmem.o
                                0x213 (size before relaxing)
 .debug_str     0x0000448b      0x1f4 build/syscalls.o
                                0x3e7 (size before relaxing)
 .debug_str     0x0000467f       0x32 build/startup_stm32f446xx.o
                                 0x70 (size before relaxing)

.comment        0x00000000       0x43
 .comment       0x00000000       0x43 build/main.o
                                 0x44 (size before relaxing)
 .comment       0x00000043       0x44 build/gpio.o
 .comment       0x00000043       0x44 build/adc.o
 .comment       0x00000043       0x44 build/tim.o
 .comment       0x00000043       0x44 build/usart.o
 .comment       0x00000043       0x44 build/stm32f4xx_it.o
 .comment       0x00000043       0x44 build/stm32f4xx_hal_msp.o
 .comment       0x00000043       0x44 build/stm32f4xx_hal_adc.o
 .comment       0x00000043       0x44 build/stm32f4xx_hal_rcc.o
 .comment       0x00000043       0x44 build/stm32f4xx_hal_rcc_ex.o
 .comment       0x00000043       0x44 build/stm32f4xx_hal_gpio.o
 .comment       0x00000043       0x44 build/stm32f4xx_hal_cortex.o
 .comment       0x00000043       0x44 build/stm32f4xx_hal.o
 .comment       0x00000043       0x44 build/stm32f4xx_hal_tim.o
 .comment       0x00000043       0x44 build/stm32f4xx_hal_tim_ex.o
 .comment       0x00000043       0x44 build/stm32f4xx_hal_uart.o
 .comment       0x00000043       0x44 build/system_stm32f4xx.o
 .comment       0x00000043       0x44 build/sysmem.o
 .comment       0x00000043       0x44 build/syscalls.o

.debug_frame    0x00000000     0x2aa4
 .debug_frame   0x00000000       0x74 build/main.o
 .debug_frame   0x00000074       0x34 build/gpio.o
 .debug_frame   0x000000a8       0x6c build/adc.o
 .debug_frame   0x00000114       0xc0 build/tim.o
 .debug_frame   0x000001d4       0x78 build/usart.o
 .debug_frame   0x0000024c       0xa8 build/stm32f4xx_it.o
 .debug_frame   0x000002f4       0x28 build/stm32f4xx_hal_msp.o
 .debug_frame   0x0000031c      0x268 build/stm32f4xx_hal_adc.o
 .debug_frame   0x00000584      0x16c build/stm32f4xx_hal_rcc.o
 .debug_frame   0x000006f0      0x14c build/stm32f4xx_hal_rcc_ex.o
 .debug_frame   0x0000083c       0xd8 build/stm32f4xx_hal_gpio.o
 .debug_frame   0x00000914      0x214 build/stm32f4xx_hal_cortex.o
 .debug_frame   0x00000b28      0x1ec build/stm32f4xx_hal.o
 .debug_frame   0x00000d14      0xb10 build/stm32f4xx_hal_tim.o
 .debug_frame   0x00001824      0x40c build/stm32f4xx_hal_tim_ex.o
 .debug_frame   0x00001c30      0x5dc build/stm32f4xx_hal_uart.o
 .debug_frame   0x0000220c       0x30 build/system_stm32f4xx.o
 .debug_frame   0x0000223c       0x28 build/sysmem.o
 .debug_frame   0x00002264      0x190 build/syscalls.o
 .debug_frame   0x000023f4       0x20 /opt/ST/STM32CubeCLT_1.16.0/GNU-tools-for-STM32/bin/../lib/gcc/arm-none-eabi/12.3.1/../../../../arm-none-eabi/lib/thumb/v7e-m+fp/hard/libc_nano.a(libc_a-setbuf.o)
 .debug_frame   0x00002414       0x38 /opt/ST/STM32CubeCLT_1.16.0/GNU-tools-for-STM32/bin/../lib/gcc/arm-none-eabi/12.3.1/../../../../arm-none-eabi/lib/thumb/v7e-m+fp/hard/libc_nano.a(libc_a-setvbuf.o)
 .debug_frame   0x0000244c      0x144 /opt/ST/STM32CubeCLT_1.16.0/GNU-tools-for-STM32/bin/../lib/gcc/arm-none-eabi/12.3.1/../../../../arm-none-eabi/lib/thumb/v7e-m+fp/hard/libc_nano.a(libc_a-findfp.o)
 .debug_frame   0x00002590       0x34 /opt/ST/STM32CubeCLT_1.16.0/GNU-tools-for-STM32/bin/../lib/gcc/arm-none-eabi/12.3.1/../../../../arm-none-eabi/lib/thumb/v7e-m+fp/hard/libc_nano.a(libc_a-fwalk.o)
 .debug_frame   0x000025c4       0x58 /opt/ST/STM32CubeCLT_1.16.0/GNU-tools-for-STM32/bin/../lib/gcc/arm-none-eabi/12.3.1/../../../../arm-none-eabi/lib/thumb/v7e-m+fp/hard/libc_nano.a(libc_a-makebuf.o)
 .debug_frame   0x0000261c       0x20 /opt/ST/STM32CubeCLT_1.16.0/GNU-tools-for-STM32/bin/../lib/gcc/arm-none-eabi/12.3.1/../../../../arm-none-eabi/lib/thumb/v7e-m+fp/hard/libc_nano.a(libc_a-memset.o)
 .debug_frame   0x0000263c       0x2c /opt/ST/STM32CubeCLT_1.16.0/GNU-tools-for-STM32/bin/../lib/gcc/arm-none-eabi/12.3.1/../../../../arm-none-eabi/lib/thumb/v7e-m+fp/hard/libc_nano.a(libc_a-fstatr.o)
 .debug_frame   0x00002668       0x20 /opt/ST/STM32CubeCLT_1.16.0/GNU-tools-for-STM32/bin/../lib/gcc/arm-none-eabi/12.3.1/../../../../arm-none-eabi/lib/thumb/v7e-m+fp/hard/libc_nano.a(libc_a-errno.o)
 .debug_frame   0x00002688       0x2c /opt/ST/STM32CubeCLT_1.16.0/GNU-tools-for-STM32/bin/../lib/gcc/arm-none-eabi/12.3.1/../../../../arm-none-eabi/lib/thumb/v7e-m+fp/hard/libc_nano.a(libc_a-init.o)
 .debug_frame   0x000026b4       0xb0 /opt/ST/STM32CubeCLT_1.16.0/GNU-tools-for-STM32/bin/../lib/gcc/arm-none-eabi/12.3.1/../../../../arm-none-eabi/lib/thumb/v7e-m+fp/hard/libc_nano.a(libc_a-lock.o)
 .debug_frame   0x00002764       0x38 /opt/ST/STM32CubeCLT_1.16.0/GNU-tools-for-STM32/bin/../lib/gcc/arm-none-eabi/12.3.1/../../../../arm-none-eabi/lib/thumb/v7e-m+fp/hard/libc_nano.a(libc_a-freer.o)
 .debug_frame   0x0000279c       0x30 /opt/ST/STM32CubeCLT_1.16.0/GNU-tools-for-STM32/bin/../lib/gcc/arm-none-eabi/12.3.1/../../../../arm-none-eabi/lib/thumb/v7e-m+fp/hard/libc_nano.a(libc_a-malloc.o)
 .debug_frame   0x000027cc       0x50 /opt/ST/STM32CubeCLT_1.16.0/GNU-tools-for-STM32/bin/../lib/gcc/arm-none-eabi/12.3.1/../../../../arm-none-eabi/lib/thumb/v7e-m+fp/hard/libc_nano.a(libc_a-mallocr.o)
 .debug_frame   0x0000281c       0x5c /opt/ST/STM32CubeCLT_1.16.0/GNU-tools-for-STM32/bin/../lib/gcc/arm-none-eabi/12.3.1/../../../../arm-none-eabi/lib/thumb/v7e-m+fp/hard/libc_nano.a(libc_a-fflush.o)
 .debug_frame   0x00002878       0x30 /opt/ST/STM32CubeCLT_1.16.0/GNU-tools-for-STM32/bin/../lib/gcc/arm-none-eabi/12.3.1/../../../../arm-none-eabi/lib/thumb/v7e-m+fp/hard/libc_nano.a(libc_a-mlock.o)
 .debug_frame   0x000028a8       0x88 /opt/ST/STM32CubeCLT_1.16.0/GNU-tools-for-STM32/bin/../lib/gcc/arm-none-eabi/12.3.1/../../../../arm-none-eabi/lib/thumb/v7e-m+fp/hard/libc_nano.a(libc_a-stdio.o)
 .debug_frame   0x00002930       0x2c /opt/ST/STM32CubeCLT_1.16.0/GNU-tools-for-STM32/bin/../lib/gcc/arm-none-eabi/12.3.1/../../../../arm-none-eabi/lib/thumb/v7e-m+fp/hard/libc_nano.a(libc_a-closer.o)
 .debug_frame   0x0000295c       0x38 /opt/ST/STM32CubeCLT_1.16.0/GNU-tools-for-STM32/bin/../lib/gcc/arm-none-eabi/12.3.1/../../../../arm-none-eabi/lib/thumb/v7e-m+fp/hard/libc_nano.a(libc_a-reent.o)
 .debug_frame   0x00002994       0x2c /opt/ST/STM32CubeCLT_1.16.0/GNU-tools-for-STM32/bin/../lib/gcc/arm-none-eabi/12.3.1/../../../../arm-none-eabi/lib/thumb/v7e-m+fp/hard/libc_nano.a(libc_a-lseekr.o)
 .debug_frame   0x000029c0       0x2c /opt/ST/STM32CubeCLT_1.16.0/GNU-tools-for-STM32/bin/../lib/gcc/arm-none-eabi/12.3.1/../../../../arm-none-eabi/lib/thumb/v7e-m+fp/hard/libc_nano.a(libc_a-readr.o)
 .debug_frame   0x000029ec       0x2c /opt/ST/STM32CubeCLT_1.16.0/GNU-tools-for-STM32/bin/../lib/gcc/arm-none-eabi/12.3.1/../../../../arm-none-eabi/lib/thumb/v7e-m+fp/hard/libc_nano.a(libc_a-sbrkr.o)
 .debug_frame   0x00002a18       0x2c /opt/ST/STM32CubeCLT_1.16.0/GNU-tools-for-STM32/bin/../lib/gcc/arm-none-eabi/12.3.1/../../../../arm-none-eabi/lib/thumb/v7e-m+fp/hard/libc_nano.a(libc_a-writer.o)
 .debug_frame   0x00002a44       0x2c /opt/ST/STM32CubeCLT_1.16.0/GNU-tools-for-STM32/bin/../lib/gcc/arm-none-eabi/12.3.1/thumb/v7e-m+fp/hard/libgcc.a(_aeabi_uldivmod.o)
 .debug_frame   0x00002a70       0x34 /opt/ST/STM32CubeCLT_1.16.0/GNU-tools-for-STM32/bin/../lib/gcc/arm-none-eabi/12.3.1/thumb/v7e-m+fp/hard/libgcc.a(_udivmoddi4.o)

Cross Reference Table

Symbol                                            File
ADC_IRQHandler                                    build/startup_stm32f446xx.o
AHBPrescTable                                     build/system_stm32f4xx.o
                                                  build/stm32f4xx_hal_rcc.o
APBPrescTable                                     build/system_stm32f4xx.o
                                                  build/stm32f4xx_hal_rcc.o
BusFault_Handler                                  build/stm32f4xx_it.o
CAN1_RX0_IRQHandler                               build/startup_stm32f446xx.o
CAN1_RX1_IRQHandler                               build/startup_stm32f446xx.o
CAN1_SCE_IRQHandler                               build/startup_stm32f446xx.o
CAN1_TX_IRQHandler                                build/startup_stm32f446xx.o
CAN2_RX0_IRQHandler                               build/startup_stm32f446xx.o
CAN2_RX1_IRQHandler                               build/startup_stm32f446xx.o
CAN2_SCE_IRQHandler                               build/startup_stm32f446xx.o
CAN2_TX_IRQHandler                                build/startup_stm32f446xx.o
CEC_IRQHandler                                    build/startup_stm32f446xx.o
DCMI_IRQHandler                                   build/startup_stm32f446xx.o
DMA1_Stream0_IRQHandler                           build/startup_stm32f446xx.o
DMA1_Stream1_IRQHandler                           build/startup_stm32f446xx.o
DMA1_Stream2_IRQHandler                           build/startup_stm32f446xx.o
DMA1_Stream3_IRQHandler                           build/startup_stm32f446xx.o
DMA1_Stream4_IRQHandler                           build/startup_stm32f446xx.o
DMA1_Stream5_IRQHandler                           build/startup_stm32f446xx.o
DMA1_Stream6_IRQHandler                           build/startup_stm32f446xx.o
DMA1_Stream7_IRQHandler                           build/startup_stm32f446xx.o
DMA2_Stream0_IRQHandler                           build/startup_stm32f446xx.o
DMA2_Stream1_IRQHandler                           build/startup_stm32f446xx.o
DMA2_Stream2_IRQHandler                           build/startup_stm32f446xx.o
DMA2_Stream3_IRQHandler                           build/startup_stm32f446xx.o
DMA2_Stream4_IRQHandler                           build/startup_stm32f446xx.o
DMA2_Stream5_IRQHandler                           build/startup_stm32f446xx.o
DMA2_Stream6_IRQHandler                           build/startup_stm32f446xx.o
DMA2_Stream7_IRQHandler                           build/startup_stm32f446xx.o
DebugMon_Handler                                  build/stm32f4xx_it.o
Default_Handler                                   build/startup_stm32f446xx.o
EXTI0_IRQHandler                                  build/startup_stm32f446xx.o
EXTI15_10_IRQHandler                              build/startup_stm32f446xx.o
EXTI1_IRQHandler                                  build/startup_stm32f446xx.o
EXTI2_IRQHandler                                  build/startup_stm32f446xx.o
EXTI3_IRQHandler                                  build/startup_stm32f446xx.o
EXTI4_IRQHandler                                  build/startup_stm32f446xx.o
EXTI9_5_IRQHandler                                build/startup_stm32f446xx.o
Error_Handler                                     build/main.o
                                                  build/usart.o
                                                  build/tim.o
                                                  build/adc.o
FLASH_Erase_Sector                                build/stm32f4xx_hal_flash_ex.o
                                                  build/stm32f4xx_hal_flash.o
FLASH_FlushCaches                                 build/stm32f4xx_hal_flash_ex.o
                                                  build/stm32f4xx_hal_flash.o
FLASH_IRQHandler                                  build/startup_stm32f446xx.o
FLASH_WaitForLastOperation                        build/stm32f4xx_hal_flash.o
                                                  build/stm32f4xx_hal_flash_ex.o
FMC_IRQHandler                                    build/startup_stm32f446xx.o
FMPI2C1_ER_IRQHandler                             build/startup_stm32f446xx.o
FMPI2C1_EV_IRQHandler                             build/startup_stm32f446xx.o
FPU_IRQHandler                                    build/startup_stm32f446xx.o
HAL_ADCEx_InjectedConfigChannel                   build/stm32f4xx_hal_adc_ex.o
HAL_ADCEx_InjectedConvCpltCallback                build/stm32f4xx_hal_adc_ex.o
                                                  build/stm32f4xx_hal_adc.o
HAL_ADCEx_InjectedGetValue                        build/stm32f4xx_hal_adc_ex.o
HAL_ADCEx_InjectedPollForConversion               build/stm32f4xx_hal_adc_ex.o
HAL_ADCEx_InjectedStart                           build/stm32f4xx_hal_adc_ex.o
HAL_ADCEx_InjectedStart_IT                        build/stm32f4xx_hal_adc_ex.o
HAL_ADCEx_InjectedStop                            build/stm32f4xx_hal_adc_ex.o
HAL_ADCEx_InjectedStop_IT                         build/stm32f4xx_hal_adc_ex.o
HAL_ADCEx_MultiModeConfigChannel                  build/stm32f4xx_hal_adc_ex.o
HAL_ADCEx_MultiModeGetValue                       build/stm32f4xx_hal_adc_ex.o
HAL_ADCEx_MultiModeStart_DMA                      build/stm32f4xx_hal_adc_ex.o
HAL_ADCEx_MultiModeStop_DMA                       build/stm32f4xx_hal_adc_ex.o
HAL_ADC_AnalogWDGConfig                           build/stm32f4xx_hal_adc.o
HAL_ADC_ConfigChannel                             build/stm32f4xx_hal_adc.o
                                                  build/adc.o
HAL_ADC_ConvCpltCallback                          build/stm32f4xx_hal_adc.o
                                                  build/stm32f4xx_hal_adc_ex.o
HAL_ADC_ConvHalfCpltCallback                      build/stm32f4xx_hal_adc.o
                                                  build/stm32f4xx_hal_adc_ex.o
HAL_ADC_DeInit                                    build/stm32f4xx_hal_adc.o
HAL_ADC_ErrorCallback                             build/stm32f4xx_hal_adc.o
                                                  build/stm32f4xx_hal_adc_ex.o
HAL_ADC_GetError                                  build/stm32f4xx_hal_adc.o
HAL_ADC_GetState                                  build/stm32f4xx_hal_adc.o
HAL_ADC_GetValue                                  build/stm32f4xx_hal_adc.o
HAL_ADC_IRQHandler                                build/stm32f4xx_hal_adc.o
HAL_ADC_Init                                      build/stm32f4xx_hal_adc.o
                                                  build/adc.o
HAL_ADC_LevelOutOfWindowCallback                  build/stm32f4xx_hal_adc.o
HAL_ADC_MspDeInit                                 build/adc.o
HAL_ADC_MspInit                                   build/adc.o
HAL_ADC_PollForConversion                         build/stm32f4xx_hal_adc.o
HAL_ADC_PollForEvent                              build/stm32f4xx_hal_adc.o
HAL_ADC_Start                                     build/stm32f4xx_hal_adc.o
HAL_ADC_Start_DMA                                 build/stm32f4xx_hal_adc.o
HAL_ADC_Start_IT                                  build/stm32f4xx_hal_adc.o
HAL_ADC_Stop                                      build/stm32f4xx_hal_adc.o
HAL_ADC_Stop_DMA                                  build/stm32f4xx_hal_adc.o
HAL_ADC_Stop_IT                                   build/stm32f4xx_hal_adc.o
HAL_CORTEX_ClearEvent                             build/stm32f4xx_hal_cortex.o
HAL_DBGMCU_DisableDBGSleepMode                    build/stm32f4xx_hal.o
HAL_DBGMCU_DisableDBGStandbyMode                  build/stm32f4xx_hal.o
HAL_DBGMCU_DisableDBGStopMode                     build/stm32f4xx_hal.o
HAL_DBGMCU_EnableDBGSleepMode                     build/stm32f4xx_hal.o
HAL_DBGMCU_EnableDBGStandbyMode                   build/stm32f4xx_hal.o
HAL_DBGMCU_EnableDBGStopMode                      build/stm32f4xx_hal.o
HAL_DMAEx_ChangeMemory                            build/stm32f4xx_hal_dma_ex.o
HAL_DMAEx_MultiBufferStart                        build/stm32f4xx_hal_dma_ex.o
HAL_DMAEx_MultiBufferStart_IT                     build/stm32f4xx_hal_dma_ex.o
HAL_DMA_Abort                                     build/stm32f4xx_hal_dma.o
                                                  build/stm32f4xx_hal_uart.o
                                                  build/stm32f4xx_hal_adc_ex.o
                                                  build/stm32f4xx_hal_adc.o
HAL_DMA_Abort_IT                                  build/stm32f4xx_hal_dma.o
                                                  build/stm32f4xx_hal_uart.o
                                                  build/stm32f4xx_hal_tim_ex.o
                                                  build/stm32f4xx_hal_tim.o
HAL_DMA_DeInit                                    build/stm32f4xx_hal_dma.o
HAL_DMA_GetError                                  build/stm32f4xx_hal_dma.o
                                                  build/stm32f4xx_hal_uart.o
HAL_DMA_GetState                                  build/stm32f4xx_hal_dma.o
HAL_DMA_IRQHandler                                build/stm32f4xx_hal_dma.o
HAL_DMA_Init                                      build/stm32f4xx_hal_dma.o
HAL_DMA_PollForTransfer                           build/stm32f4xx_hal_dma.o
HAL_DMA_RegisterCallback                          build/stm32f4xx_hal_dma.o
HAL_DMA_Start                                     build/stm32f4xx_hal_dma.o
HAL_DMA_Start_IT                                  build/stm32f4xx_hal_dma.o
                                                  build/stm32f4xx_hal_uart.o
                                                  build/stm32f4xx_hal_tim_ex.o
                                                  build/stm32f4xx_hal_tim.o
                                                  build/stm32f4xx_hal_adc_ex.o
                                                  build/stm32f4xx_hal_adc.o
HAL_DMA_UnRegisterCallback                        build/stm32f4xx_hal_dma.o
HAL_DeInit                                        build/stm32f4xx_hal.o
HAL_Delay                                         build/stm32f4xx_hal.o
                                                  build/app.o
                                                  build/main.o
HAL_DisableCompensationCell                       build/stm32f4xx_hal.o
HAL_EXTI_ClearConfigLine                          build/stm32f4xx_hal_exti.o
HAL_EXTI_ClearPending                             build/stm32f4xx_hal_exti.o
HAL_EXTI_GenerateSWI                              build/stm32f4xx_hal_exti.o
HAL_EXTI_GetConfigLine                            build/stm32f4xx_hal_exti.o
HAL_EXTI_GetHandle                                build/stm32f4xx_hal_exti.o
HAL_EXTI_GetPending                               build/stm32f4xx_hal_exti.o
HAL_EXTI_IRQHandler                               build/stm32f4xx_hal_exti.o
HAL_EXTI_RegisterCallback                         build/stm32f4xx_hal_exti.o
HAL_EXTI_SetConfigLine                            build/stm32f4xx_hal_exti.o
HAL_EnableCompensationCell                        build/stm32f4xx_hal.o
HAL_FLASHEx_AdvOBGetConfig                        build/stm32f4xx_hal_flash_ex.o
HAL_FLASHEx_AdvOBProgram                          build/stm32f4xx_hal_flash_ex.o
HAL_FLASHEx_DisableFlashSleepMode                 build/stm32f4xx_hal_flash_ramfunc.o
HAL_FLASHEx_EnableFlashSleepMode                  build/stm32f4xx_hal_flash_ramfunc.o
HAL_FLASHEx_Erase                                 build/stm32f4xx_hal_flash_ex.o
HAL_FLASHEx_Erase_IT                              build/stm32f4xx_hal_flash_ex.o
HAL_FLASHEx_OBGetConfig                           build/stm32f4xx_hal_flash_ex.o
HAL_FLASHEx_OBProgram                             build/stm32f4xx_hal_flash_ex.o
HAL_FLASHEx_OB_DeSelectPCROP                      build/stm32f4xx_hal_flash_ex.o
HAL_FLASHEx_OB_SelectPCROP                        build/stm32f4xx_hal_flash_ex.o
HAL_FLASHEx_StartFlashInterfaceClk                build/stm32f4xx_hal_flash_ramfunc.o
HAL_FLASHEx_StopFlashInterfaceClk                 build/stm32f4xx_hal_flash_ramfunc.o
HAL_FLASH_EndOfOperationCallback                  build/stm32f4xx_hal_flash.o
HAL_FLASH_GetError                                build/stm32f4xx_hal_flash.o
HAL_FLASH_IRQHandler                              build/stm32f4xx_hal_flash.o
HAL_FLASH_Lock                                    build/stm32f4xx_hal_flash.o
HAL_FLASH_OB_Launch                               build/stm32f4xx_hal_flash.o
HAL_FLASH_OB_Lock                                 build/stm32f4xx_hal_flash.o
HAL_FLASH_OB_Unlock                               build/stm32f4xx_hal_flash.o
HAL_FLASH_OperationErrorCallback                  build/stm32f4xx_hal_flash.o
HAL_FLASH_Program                                 build/stm32f4xx_hal_flash.o
HAL_FLASH_Program_IT                              build/stm32f4xx_hal_flash.o
HAL_FLASH_Unlock                                  build/stm32f4xx_hal_flash.o
HAL_GPIO_DeInit                                   build/stm32f4xx_hal_gpio.o
                                                  build/usart.o
                                                  build/adc.o
HAL_GPIO_EXTI_Callback                            build/stm32f4xx_hal_gpio.o
HAL_GPIO_EXTI_IRQHandler                          build/stm32f4xx_hal_gpio.o
HAL_GPIO_Init                                     build/stm32f4xx_hal_gpio.o
                                                  build/stm32f4xx_hal_rcc.o
                                                  build/usart.o
                                                  build/tim.o
                                                  build/adc.o
                                                  build/gpio.o
HAL_GPIO_LockPin                                  build/stm32f4xx_hal_gpio.o
HAL_GPIO_ReadPin                                  build/stm32f4xx_hal_gpio.o
HAL_GPIO_TogglePin                                build/stm32f4xx_hal_gpio.o
HAL_GPIO_WritePin                                 build/stm32f4xx_hal_gpio.o
                                                  build/gpio.o
HAL_GetDEVID                                      build/stm32f4xx_hal.o
HAL_GetHalVersion                                 build/stm32f4xx_hal.o
HAL_GetREVID                                      build/stm32f4xx_hal.o
HAL_GetTick                                       build/stm32f4xx_hal.o
                                                  build/stm32f4xx_hal_uart.o
                                                  build/stm32f4xx_hal_pwr_ex.o
                                                  build/stm32f4xx_hal_dma.o
                                                  build/stm32f4xx_hal_flash.o
                                                  build/stm32f4xx_hal_rcc_ex.o
                                                  build/stm32f4xx_hal_rcc.o
                                                  build/stm32f4xx_hal_adc_ex.o
                                                  build/stm32f4xx_hal_adc.o
HAL_GetTickFreq                                   build/stm32f4xx_hal.o
HAL_GetTickPrio                                   build/stm32f4xx_hal.o
HAL_GetUIDw0                                      build/stm32f4xx_hal.o
HAL_GetUIDw1                                      build/stm32f4xx_hal.o
HAL_GetUIDw2                                      build/stm32f4xx_hal.o
HAL_HalfDuplex_EnableReceiver                     build/stm32f4xx_hal_uart.o
HAL_HalfDuplex_EnableTransmitter                  build/stm32f4xx_hal_uart.o
HAL_HalfDuplex_Init                               build/stm32f4xx_hal_uart.o
                                                  build/usart.o
HAL_IncTick                                       build/stm32f4xx_hal.o
                                                  build/stm32f4xx_it.o
HAL_Init                                          build/stm32f4xx_hal.o
                                                  build/main.o
HAL_InitTick                                      build/stm32f4xx_hal.o
                                                  build/stm32f4xx_hal_rcc_ex.o
                                                  build/stm32f4xx_hal_rcc.o
HAL_LIN_Init                                      build/stm32f4xx_hal_uart.o
HAL_LIN_SendBreak                                 build/stm32f4xx_hal_uart.o
HAL_MPU_ConfigRegion                              build/stm32f4xx_hal_cortex.o
HAL_MPU_Disable                                   build/stm32f4xx_hal_cortex.o
HAL_MPU_DisableRegion                             build/stm32f4xx_hal_cortex.o
HAL_MPU_Enable                                    build/stm32f4xx_hal_cortex.o
HAL_MPU_EnableRegion                              build/stm32f4xx_hal_cortex.o
HAL_MspDeInit                                     build/stm32f4xx_hal.o
HAL_MspInit                                       build/stm32f4xx_hal_msp.o
HAL_MultiProcessor_EnterMuteMode                  build/stm32f4xx_hal_uart.o
HAL_MultiProcessor_ExitMuteMode                   build/stm32f4xx_hal_uart.o
HAL_MultiProcessor_Init                           build/stm32f4xx_hal_uart.o
HAL_NVIC_ClearPendingIRQ                          build/stm32f4xx_hal_cortex.o
HAL_NVIC_DisableIRQ                               build/stm32f4xx_hal_cortex.o
HAL_NVIC_EnableIRQ                                build/stm32f4xx_hal_cortex.o
HAL_NVIC_GetActive                                build/stm32f4xx_hal_cortex.o
HAL_NVIC_GetPendingIRQ                            build/stm32f4xx_hal_cortex.o
HAL_NVIC_GetPriority                              build/stm32f4xx_hal_cortex.o
HAL_NVIC_GetPriorityGrouping                      build/stm32f4xx_hal_cortex.o
HAL_NVIC_SetPendingIRQ                            build/stm32f4xx_hal_cortex.o
HAL_NVIC_SetPriority                              build/stm32f4xx_hal_cortex.o
                                                  build/stm32f4xx_hal.o
HAL_NVIC_SetPriorityGrouping                      build/stm32f4xx_hal_cortex.o
                                                  build/stm32f4xx_hal.o
HAL_NVIC_SystemReset                              build/stm32f4xx_hal_cortex.o
HAL_PWREx_ControlVoltageScaling                   build/stm32f4xx_hal_pwr_ex.o
HAL_PWREx_DisableBkUpReg                          build/stm32f4xx_hal_pwr_ex.o
HAL_PWREx_DisableFlashPowerDown                   build/stm32f4xx_hal_pwr_ex.o
HAL_PWREx_DisableOverDrive                        build/stm32f4xx_hal_pwr_ex.o
HAL_PWREx_EnableBkUpReg                           build/stm32f4xx_hal_pwr_ex.o
HAL_PWREx_EnableFlashPowerDown                    build/stm32f4xx_hal_pwr_ex.o
HAL_PWREx_EnableOverDrive                         build/stm32f4xx_hal_pwr_ex.o
HAL_PWREx_EnterUnderDriveSTOPMode                 build/stm32f4xx_hal_pwr_ex.o
HAL_PWREx_GetVoltageRange                         build/stm32f4xx_hal_pwr_ex.o
HAL_PWR_ConfigPVD                                 build/stm32f4xx_hal_pwr.o
HAL_PWR_DeInit                                    build/stm32f4xx_hal_pwr.o
HAL_PWR_DisableBkUpAccess                         build/stm32f4xx_hal_pwr.o
HAL_PWR_DisablePVD                                build/stm32f4xx_hal_pwr.o
HAL_PWR_DisableSEVOnPend                          build/stm32f4xx_hal_pwr.o
HAL_PWR_DisableSleepOnExit                        build/stm32f4xx_hal_pwr.o
HAL_PWR_DisableWakeUpPin                          build/stm32f4xx_hal_pwr.o
HAL_PWR_EnableBkUpAccess                          build/stm32f4xx_hal_pwr.o
HAL_PWR_EnablePVD                                 build/stm32f4xx_hal_pwr.o
HAL_PWR_EnableSEVOnPend                           build/stm32f4xx_hal_pwr.o
HAL_PWR_EnableSleepOnExit                         build/stm32f4xx_hal_pwr.o
HAL_PWR_EnableWakeUpPin                           build/stm32f4xx_hal_pwr.o
HAL_PWR_EnterSLEEPMode                            build/stm32f4xx_hal_pwr.o
HAL_PWR_EnterSTANDBYMode                          build/stm32f4xx_hal_pwr.o
HAL_PWR_EnterSTOPMode                             build/stm32f4xx_hal_pwr.o
HAL_PWR_PVDCallback                               build/stm32f4xx_hal_pwr.o
HAL_PWR_PVD_IRQHandler                            build/stm32f4xx_hal_pwr.o
HAL_RCCEx_DisablePLLI2S                           build/stm32f4xx_hal_rcc_ex.o
HAL_RCCEx_DisablePLLSAI                           build/stm32f4xx_hal_rcc_ex.o
HAL_RCCEx_EnablePLLI2S                            build/stm32f4xx_hal_rcc_ex.o
HAL_RCCEx_EnablePLLSAI                            build/stm32f4xx_hal_rcc_ex.o
HAL_RCCEx_GetPeriphCLKConfig                      build/stm32f4xx_hal_rcc_ex.o
HAL_RCCEx_GetPeriphCLKFreq                        build/stm32f4xx_hal_rcc_ex.o
HAL_RCCEx_PeriphCLKConfig                         build/stm32f4xx_hal_rcc_ex.o
HAL_RCCEx_SelectLSEMode                           build/stm32f4xx_hal_rcc_ex.o
HAL_RCC_CSSCallback                               build/stm32f4xx_hal_rcc.o
HAL_RCC_ClockConfig                               build/stm32f4xx_hal_rcc.o
                                                  build/main.o
HAL_RCC_DeInit                                    build/stm32f4xx_hal_rcc_ex.o
                                                  build/stm32f4xx_hal_rcc.o
HAL_RCC_DisableCSS                                build/stm32f4xx_hal_rcc.o
HAL_RCC_EnableCSS                                 build/stm32f4xx_hal_rcc.o
HAL_RCC_GetClockConfig                            build/stm32f4xx_hal_rcc.o
HAL_RCC_GetHCLKFreq                               build/stm32f4xx_hal_rcc.o
HAL_RCC_GetOscConfig                              build/stm32f4xx_hal_rcc_ex.o
                                                  build/stm32f4xx_hal_rcc.o
HAL_RCC_GetPCLK1Freq                              build/stm32f4xx_hal_rcc.o
                                                  build/stm32f4xx_hal_uart.o
HAL_RCC_GetPCLK2Freq                              build/stm32f4xx_hal_rcc.o
                                                  build/stm32f4xx_hal_uart.o
HAL_RCC_GetSysClockFreq                           build/stm32f4xx_hal_rcc_ex.o
                                                  build/stm32f4xx_hal_rcc.o
HAL_RCC_MCOConfig                                 build/stm32f4xx_hal_rcc.o
HAL_RCC_NMI_IRQHandler                            build/stm32f4xx_hal_rcc.o
HAL_RCC_OscConfig                                 build/stm32f4xx_hal_rcc_ex.o
                                                  build/stm32f4xx_hal_rcc.o
                                                  build/main.o
HAL_ResumeTick                                    build/stm32f4xx_hal.o
HAL_SYSTICK_CLKSourceConfig                       build/stm32f4xx_hal_cortex.o
HAL_SYSTICK_Callback                              build/stm32f4xx_hal_cortex.o
HAL_SYSTICK_Config                                build/stm32f4xx_hal_cortex.o
                                                  build/stm32f4xx_hal.o
HAL_SYSTICK_IRQHandler                            build/stm32f4xx_hal_cortex.o
HAL_SetTickFreq                                   build/stm32f4xx_hal.o
HAL_SuspendTick                                   build/stm32f4xx_hal.o
HAL_TIMEx_BreakCallback                           build/stm32f4xx_hal_tim_ex.o
                                                  build/stm32f4xx_hal_tim.o
HAL_TIMEx_CommutCallback                          build/stm32f4xx_hal_tim_ex.o
                                                  build/stm32f4xx_hal_tim.o
HAL_TIMEx_CommutHalfCpltCallback                  build/stm32f4xx_hal_tim_ex.o
HAL_TIMEx_ConfigBreakDeadTime                     build/stm32f4xx_hal_tim_ex.o
                                                  build/tim.o
HAL_TIMEx_ConfigCommutEvent                       build/stm32f4xx_hal_tim_ex.o
HAL_TIMEx_ConfigCommutEvent_DMA                   build/stm32f4xx_hal_tim_ex.o
HAL_TIMEx_ConfigCommutEvent_IT                    build/stm32f4xx_hal_tim_ex.o
HAL_TIMEx_GetChannelNState                        build/stm32f4xx_hal_tim_ex.o
HAL_TIMEx_HallSensor_DeInit                       build/stm32f4xx_hal_tim_ex.o
HAL_TIMEx_HallSensor_GetState                     build/stm32f4xx_hal_tim_ex.o
HAL_TIMEx_HallSensor_Init                         build/stm32f4xx_hal_tim_ex.o
HAL_TIMEx_HallSensor_MspDeInit                    build/stm32f4xx_hal_tim_ex.o
HAL_TIMEx_HallSensor_MspInit                      build/stm32f4xx_hal_tim_ex.o
HAL_TIMEx_HallSensor_Start                        build/stm32f4xx_hal_tim_ex.o
HAL_TIMEx_HallSensor_Start_DMA                    build/stm32f4xx_hal_tim_ex.o
HAL_TIMEx_HallSensor_Start_IT                     build/stm32f4xx_hal_tim_ex.o
HAL_TIMEx_HallSensor_Stop                         build/stm32f4xx_hal_tim_ex.o
HAL_TIMEx_HallSensor_Stop_DMA                     build/stm32f4xx_hal_tim_ex.o
HAL_TIMEx_HallSensor_Stop_IT                      build/stm32f4xx_hal_tim_ex.o
HAL_TIMEx_MasterConfigSynchronization             build/stm32f4xx_hal_tim_ex.o
                                                  build/tim.o
HAL_TIMEx_OCN_Start                               build/stm32f4xx_hal_tim_ex.o
HAL_TIMEx_OCN_Start_DMA                           build/stm32f4xx_hal_tim_ex.o
HAL_TIMEx_OCN_Start_IT                            build/stm32f4xx_hal_tim_ex.o
HAL_TIMEx_OCN_Stop                                build/stm32f4xx_hal_tim_ex.o
HAL_TIMEx_OCN_Stop_DMA                            build/stm32f4xx_hal_tim_ex.o
HAL_TIMEx_OCN_Stop_IT                             build/stm32f4xx_hal_tim_ex.o
HAL_TIMEx_OnePulseN_Start                         build/stm32f4xx_hal_tim_ex.o
HAL_TIMEx_OnePulseN_Start_IT                      build/stm32f4xx_hal_tim_ex.o
HAL_TIMEx_OnePulseN_Stop                          build/stm32f4xx_hal_tim_ex.o
HAL_TIMEx_OnePulseN_Stop_IT                       build/stm32f4xx_hal_tim_ex.o
HAL_TIMEx_PWMN_Start                              build/stm32f4xx_hal_tim_ex.o
HAL_TIMEx_PWMN_Start_DMA                          build/stm32f4xx_hal_tim_ex.o
HAL_TIMEx_PWMN_Start_IT                           build/stm32f4xx_hal_tim_ex.o
HAL_TIMEx_PWMN_Stop                               build/stm32f4xx_hal_tim_ex.o
HAL_TIMEx_PWMN_Stop_DMA                           build/stm32f4xx_hal_tim_ex.o
HAL_TIMEx_PWMN_Stop_IT                            build/stm32f4xx_hal_tim_ex.o
HAL_TIMEx_RemapConfig                             build/stm32f4xx_hal_tim_ex.o
HAL_TIM_Base_DeInit                               build/stm32f4xx_hal_tim.o
HAL_TIM_Base_GetState                             build/stm32f4xx_hal_tim.o
HAL_TIM_Base_Init                                 build/stm32f4xx_hal_tim.o
                                                  build/tim.o
HAL_TIM_Base_MspDeInit                            build/tim.o
HAL_TIM_Base_MspInit                              build/tim.o
HAL_TIM_Base_Start                                build/stm32f4xx_hal_tim.o
HAL_TIM_Base_Start_DMA                            build/stm32f4xx_hal_tim.o
HAL_TIM_Base_Start_IT                             build/stm32f4xx_hal_tim.o
HAL_TIM_Base_Stop                                 build/stm32f4xx_hal_tim.o
HAL_TIM_Base_Stop_DMA                             build/stm32f4xx_hal_tim.o
HAL_TIM_Base_Stop_IT                              build/stm32f4xx_hal_tim.o
HAL_TIM_ConfigClockSource                         build/stm32f4xx_hal_tim.o
                                                  build/tim.o
HAL_TIM_ConfigOCrefClear                          build/stm32f4xx_hal_tim.o
HAL_TIM_ConfigTI1Input                            build/stm32f4xx_hal_tim.o
HAL_TIM_DMABurstState                             build/stm32f4xx_hal_tim.o
HAL_TIM_DMABurst_MultiReadStart                   build/stm32f4xx_hal_tim.o
HAL_TIM_DMABurst_MultiWriteStart                  build/stm32f4xx_hal_tim.o
HAL_TIM_DMABurst_ReadStart                        build/stm32f4xx_hal_tim.o
HAL_TIM_DMABurst_ReadStop                         build/stm32f4xx_hal_tim.o
HAL_TIM_DMABurst_WriteStart                       build/stm32f4xx_hal_tim.o
HAL_TIM_DMABurst_WriteStop                        build/stm32f4xx_hal_tim.o
HAL_TIM_Encoder_DeInit                            build/stm32f4xx_hal_tim.o
HAL_TIM_Encoder_GetState                          build/stm32f4xx_hal_tim.o
HAL_TIM_Encoder_Init                              build/stm32f4xx_hal_tim.o
HAL_TIM_Encoder_MspDeInit                         build/stm32f4xx_hal_tim.o
HAL_TIM_Encoder_MspInit                           build/stm32f4xx_hal_tim.o
HAL_TIM_Encoder_Start                             build/stm32f4xx_hal_tim.o
HAL_TIM_Encoder_Start_DMA                         build/stm32f4xx_hal_tim.o
HAL_TIM_Encoder_Start_IT                          build/stm32f4xx_hal_tim.o
HAL_TIM_Encoder_Stop                              build/stm32f4xx_hal_tim.o
HAL_TIM_Encoder_Stop_DMA                          build/stm32f4xx_hal_tim.o
HAL_TIM_Encoder_Stop_IT                           build/stm32f4xx_hal_tim.o
HAL_TIM_ErrorCallback                             build/stm32f4xx_hal_tim.o
                                                  build/stm32f4xx_hal_tim_ex.o
HAL_TIM_GenerateEvent                             build/stm32f4xx_hal_tim.o
HAL_TIM_GetActiveChannel                          build/stm32f4xx_hal_tim.o
HAL_TIM_GetChannelState                           build/stm32f4xx_hal_tim.o
HAL_TIM_IC_CaptureCallback                        build/stm32f4xx_hal_tim.o
HAL_TIM_IC_CaptureHalfCpltCallback                build/stm32f4xx_hal_tim.o
HAL_TIM_IC_ConfigChannel                          build/stm32f4xx_hal_tim.o
HAL_TIM_IC_DeInit                                 build/stm32f4xx_hal_tim.o
HAL_TIM_IC_GetState                               build/stm32f4xx_hal_tim.o
HAL_TIM_IC_Init                                   build/stm32f4xx_hal_tim.o
HAL_TIM_IC_MspDeInit                              build/stm32f4xx_hal_tim.o
HAL_TIM_IC_MspInit                                build/stm32f4xx_hal_tim.o
HAL_TIM_IC_Start                                  build/stm32f4xx_hal_tim.o
HAL_TIM_IC_Start_DMA                              build/stm32f4xx_hal_tim.o
HAL_TIM_IC_Start_IT                               build/stm32f4xx_hal_tim.o
HAL_TIM_IC_Stop                                   build/stm32f4xx_hal_tim.o
HAL_TIM_IC_Stop_DMA                               build/stm32f4xx_hal_tim.o
HAL_TIM_IC_Stop_IT                                build/stm32f4xx_hal_tim.o
HAL_TIM_IRQHandler                                build/stm32f4xx_hal_tim.o
HAL_TIM_MspPostInit                               build/tim.o
HAL_TIM_OC_ConfigChannel                          build/stm32f4xx_hal_tim.o
HAL_TIM_OC_DeInit                                 build/stm32f4xx_hal_tim.o